ARM GAS  C:\msys64\tmp\ccbQRSMc.s 			page 1


   1              		.cpu cortex-m7
   2              		.arch armv7e-m
   3              		.fpu fpv5-d16
   4              		.eabi_attribute 28, 1
   5              		.eabi_attribute 20, 1
   6              		.eabi_attribute 21, 1
   7              		.eabi_attribute 23, 3
   8              		.eabi_attribute 24, 1
   9              		.eabi_attribute 25, 1
  10              		.eabi_attribute 26, 1
  11              		.eabi_attribute 30, 1
  12              		.eabi_attribute 34, 1
  13              		.eabi_attribute 18, 4
  14              		.file	"main.c"
  15              		.text
  16              	.Ltext0:
  17              		.cfi_sections	.debug_frame
  18              		.file 1 "Core/Src/main.c"
  19              		.section	.text.MPU_Config,"ax",%progbits
  20              		.align	1
  21              		.syntax unified
  22              		.thumb
  23              		.thumb_func
  25              	MPU_Config:
  26              	.LFB150:
   1:Core/Src/main.c **** /* USER CODE BEGIN Header */
   2:Core/Src/main.c **** /**
   3:Core/Src/main.c ****   ******************************************************************************
   4:Core/Src/main.c ****   * @file           : main.c
   5:Core/Src/main.c ****   * @brief          : Main program body
   6:Core/Src/main.c ****   ******************************************************************************
   7:Core/Src/main.c ****   * @attention
   8:Core/Src/main.c ****   *
   9:Core/Src/main.c ****   * Copyright (c) 2025 STMicroelectronics.
  10:Core/Src/main.c ****   * All rights reserved.
  11:Core/Src/main.c ****   *
  12:Core/Src/main.c ****   * This software is licensed under terms that can be found in the LICENSE file
  13:Core/Src/main.c ****   * in the root directory of this software component.
  14:Core/Src/main.c ****   * If no LICENSE file comes with this software, it is provided AS-IS.
  15:Core/Src/main.c ****   *
  16:Core/Src/main.c ****   ******************************************************************************
  17:Core/Src/main.c ****   */
  18:Core/Src/main.c **** /* USER CODE END Header */
  19:Core/Src/main.c **** /* Includes ------------------------------------------------------------------*/
  20:Core/Src/main.c **** #include "main.h"
  21:Core/Src/main.c **** #include "dma.h"
  22:Core/Src/main.c **** #include "i2c.h"
  23:Core/Src/main.c **** #include "sai.h"
  24:Core/Src/main.c **** #include "spi.h"
  25:Core/Src/main.c **** #include "usart.h"
  26:Core/Src/main.c **** #include "gpio.h"
  27:Core/Src/main.c **** #include <stdio.h>
  28:Core/Src/main.c **** 
  29:Core/Src/main.c **** /* Private includes ----------------------------------------------------------*/
  30:Core/Src/main.c **** /* USER CODE BEGIN Includes */
  31:Core/Src/main.c **** 
  32:Core/Src/main.c **** /* USER CODE END Includes */
ARM GAS  C:\msys64\tmp\ccbQRSMc.s 			page 2


  33:Core/Src/main.c **** 
  34:Core/Src/main.c **** /* Private typedef -----------------------------------------------------------*/
  35:Core/Src/main.c **** /* USER CODE BEGIN PTD */
  36:Core/Src/main.c **** 
  37:Core/Src/main.c **** /* USER CODE END PTD */
  38:Core/Src/main.c **** 
  39:Core/Src/main.c **** /* Private define ------------------------------------------------------------*/
  40:Core/Src/main.c **** /* USER CODE BEGIN PD */
  41:Core/Src/main.c **** 
  42:Core/Src/main.c **** /* USER CODE END PD */
  43:Core/Src/main.c **** 
  44:Core/Src/main.c **** /* Private macro -------------------------------------------------------------*/
  45:Core/Src/main.c **** /* USER CODE BEGIN PM */
  46:Core/Src/main.c **** 
  47:Core/Src/main.c **** /* USER CODE END PM */
  48:Core/Src/main.c **** 
  49:Core/Src/main.c **** /* Private variables ---------------------------------------------------------*/
  50:Core/Src/main.c **** 
  51:Core/Src/main.c **** COM_InitTypeDef BspCOMInit;
  52:Core/Src/main.c **** __IO uint32_t BspButtonState = BUTTON_RELEASED;
  53:Core/Src/main.c **** 
  54:Core/Src/main.c **** /* USER CODE BEGIN PV */
  55:Core/Src/main.c **** 
  56:Core/Src/main.c **** /* USER CODE END PV */
  57:Core/Src/main.c **** 
  58:Core/Src/main.c **** /* Private function prototypes -----------------------------------------------*/
  59:Core/Src/main.c **** void SystemClock_Config(void);
  60:Core/Src/main.c **** static void MPU_Config(void);
  61:Core/Src/main.c **** /* USER CODE BEGIN PFP */
  62:Core/Src/main.c **** 
  63:Core/Src/main.c **** /* USER CODE END PFP */
  64:Core/Src/main.c **** 
  65:Core/Src/main.c **** /* Private user code ---------------------------------------------------------*/
  66:Core/Src/main.c **** /* USER CODE BEGIN 0 */
  67:Core/Src/main.c **** 
  68:Core/Src/main.c **** /**
  69:Core/Src/main.c ****   * Retarget printf to UART
  70:Core/Src/main.c ****   */
  71:Core/Src/main.c **** int _write(int file, char *ptr, int len)
  72:Core/Src/main.c **** {
  73:Core/Src/main.c ****     // Send via USART1 (change to huart3 if using ST-LINK VCP)
  74:Core/Src/main.c ****     HAL_UART_Transmit(&huart3, (uint8_t*)ptr, len, HAL_MAX_DELAY);
  75:Core/Src/main.c ****     return len;
  76:Core/Src/main.c **** }
  77:Core/Src/main.c **** 
  78:Core/Src/main.c **** /* USER CODE END 0 */
  79:Core/Src/main.c **** 
  80:Core/Src/main.c **** /**
  81:Core/Src/main.c ****   * @brief  The application entry point.
  82:Core/Src/main.c ****   * @retval int
  83:Core/Src/main.c ****   */
  84:Core/Src/main.c **** int main(void)
  85:Core/Src/main.c **** {
  86:Core/Src/main.c ****   /* MPU Configuration--------------------------------------------------------*/
  87:Core/Src/main.c ****   MPU_Config();
  88:Core/Src/main.c **** 
  89:Core/Src/main.c ****   /* MCU Configuration--------------------------------------------------------*/
ARM GAS  C:\msys64\tmp\ccbQRSMc.s 			page 3


  90:Core/Src/main.c ****   HAL_Init();
  91:Core/Src/main.c ****   SystemClock_Config();
  92:Core/Src/main.c **** 
  93:Core/Src/main.c ****   /* Initialize all configured peripherals */
  94:Core/Src/main.c ****   MX_GPIO_Init();
  95:Core/Src/main.c ****   MX_DMA_Init();
  96:Core/Src/main.c ****   MX_I2C1_Init();
  97:Core/Src/main.c ****   MX_I2C2_Init();
  98:Core/Src/main.c ****   MX_SPI1_Init();
  99:Core/Src/main.c ****   MX_SPI2_Init();
 100:Core/Src/main.c ****   MX_SPI3_Init();
 101:Core/Src/main.c ****   MX_UART4_Init();
 102:Core/Src/main.c ****   MX_USART1_UART_Init();
 103:Core/Src/main.c ****   MX_USART3_UART_Init();
 104:Core/Src/main.c **** 
 105:Core/Src/main.c ****   /* Test UART before I2S init */
 106:Core/Src/main.c ****   printf("Hello from STM32!\r\n");
 107:Core/Src/main.c **** 
 108:Core/Src/main.c ****   I2S_Audio_Init();
 109:Core/Src/main.c ****   printf("I2S Audio started...\r\n");
 110:Core/Src/main.c **** 
 111:Core/Src/main.c ****   MX_SAI1_Init();
 112:Core/Src/main.c ****   // MX_SAI4_Init();
 113:Core/Src/main.c **** 
 114:Core/Src/main.c ****   /* Initialize leds */
 115:Core/Src/main.c ****   BSP_LED_Init(LED_GREEN);
 116:Core/Src/main.c ****   BSP_LED_Init(LED_YELLOW);
 117:Core/Src/main.c ****   BSP_LED_Init(LED_RED);
 118:Core/Src/main.c **** 
 119:Core/Src/main.c ****   /* Initialize USER push-button */
 120:Core/Src/main.c ****   BSP_PB_Init(BUTTON_USER, BUTTON_MODE_EXTI);
 121:Core/Src/main.c **** 
 122:Core/Src/main.c ****   /* Initialize COM1 port */
 123:Core/Src/main.c ****   BspCOMInit.BaudRate   = 115200;
 124:Core/Src/main.c ****   BspCOMInit.WordLength = COM_WORDLENGTH_8B;
 125:Core/Src/main.c ****   BspCOMInit.StopBits   = COM_STOPBITS_1;
 126:Core/Src/main.c ****   BspCOMInit.Parity     = COM_PARITY_NONE;
 127:Core/Src/main.c ****   BspCOMInit.HwFlowCtl  = COM_HWCONTROL_NONE;
 128:Core/Src/main.c ****   if (BSP_COM_Init(COM1, &BspCOMInit) != BSP_ERROR_NONE)
 129:Core/Src/main.c ****   {
 130:Core/Src/main.c ****     Error_Handler();
 131:Core/Src/main.c ****   }
 132:Core/Src/main.c **** 
 133:Core/Src/main.c ****  
 134:Core/Src/main.c **** 
 135:Core/Src/main.c ****   /* Infinite loop */
 136:Core/Src/main.c ****   while (1)
 137:Core/Src/main.c ****   {
 138:Core/Src/main.c ****     
 139:Core/Src/main.c ****     if (new_samples_ready)
 140:Core/Src/main.c ****     {
 141:Core/Src/main.c ****         new_samples_ready = false;
 142:Core/Src/main.c ****         uint32_t sample = I2S_GetSample();
 143:Core/Src/main.c ****         printf("Sample[0]: %lu\r\n", sample); // %lu for uint32_t
 144:Core/Src/main.c ****     }
 145:Core/Src/main.c ****     // Example: toggle LEDs every second
 146:Core/Src/main.c ****     // BSP_LED_Toggle(LED_GREEN);
ARM GAS  C:\msys64\tmp\ccbQRSMc.s 			page 4


 147:Core/Src/main.c ****     HAL_Delay(10);
 148:Core/Src/main.c ****   }
 149:Core/Src/main.c **** }
 150:Core/Src/main.c **** 
 151:Core/Src/main.c **** /**
 152:Core/Src/main.c ****   * @brief System Clock Configuration
 153:Core/Src/main.c ****   * @retval None
 154:Core/Src/main.c ****   */
 155:Core/Src/main.c **** void SystemClock_Config(void)
 156:Core/Src/main.c **** {
 157:Core/Src/main.c ****   RCC_OscInitTypeDef RCC_OscInitStruct = {0};
 158:Core/Src/main.c ****   RCC_ClkInitTypeDef RCC_ClkInitStruct = {0};
 159:Core/Src/main.c **** 
 160:Core/Src/main.c ****   HAL_PWREx_ConfigSupply(PWR_LDO_SUPPLY);
 161:Core/Src/main.c ****   __HAL_PWR_VOLTAGESCALING_CONFIG(PWR_REGULATOR_VOLTAGE_SCALE2);
 162:Core/Src/main.c ****   while(!__HAL_PWR_GET_FLAG(PWR_FLAG_VOSRDY)) {}
 163:Core/Src/main.c **** 
 164:Core/Src/main.c ****   RCC_OscInitStruct.OscillatorType = RCC_OSCILLATORTYPE_HSI;
 165:Core/Src/main.c ****   RCC_OscInitStruct.HSIState = RCC_HSI_DIV1;
 166:Core/Src/main.c ****   RCC_OscInitStruct.HSICalibrationValue = 64;
 167:Core/Src/main.c ****   RCC_OscInitStruct.PLL.PLLState = RCC_PLL_ON;
 168:Core/Src/main.c ****   RCC_OscInitStruct.PLL.PLLSource = RCC_PLLSOURCE_HSI;
 169:Core/Src/main.c ****   RCC_OscInitStruct.PLL.PLLM = 4;
 170:Core/Src/main.c ****   RCC_OscInitStruct.PLL.PLLN = 12;
 171:Core/Src/main.c ****   RCC_OscInitStruct.PLL.PLLP = 1;
 172:Core/Src/main.c ****   RCC_OscInitStruct.PLL.PLLQ = 4;
 173:Core/Src/main.c ****   RCC_OscInitStruct.PLL.PLLR = 2;
 174:Core/Src/main.c ****   RCC_OscInitStruct.PLL.PLLRGE = RCC_PLL1VCIRANGE_3;
 175:Core/Src/main.c ****   RCC_OscInitStruct.PLL.PLLVCOSEL = RCC_PLL1VCOWIDE;
 176:Core/Src/main.c ****   RCC_OscInitStruct.PLL.PLLFRACN = 0;
 177:Core/Src/main.c ****   if (HAL_RCC_OscConfig(&RCC_OscInitStruct) != HAL_OK)
 178:Core/Src/main.c ****   {
 179:Core/Src/main.c ****     Error_Handler();
 180:Core/Src/main.c ****   }
 181:Core/Src/main.c **** 
 182:Core/Src/main.c ****   RCC_ClkInitStruct.ClockType = RCC_CLOCKTYPE_HCLK|RCC_CLOCKTYPE_SYSCLK
 183:Core/Src/main.c ****                               |RCC_CLOCKTYPE_PCLK1|RCC_CLOCKTYPE_PCLK2
 184:Core/Src/main.c ****                               |RCC_CLOCKTYPE_D3PCLK1|RCC_CLOCKTYPE_D1PCLK1;
 185:Core/Src/main.c ****   RCC_ClkInitStruct.SYSCLKSource = RCC_SYSCLKSOURCE_PLLCLK;
 186:Core/Src/main.c ****   RCC_ClkInitStruct.SYSCLKDivider = RCC_SYSCLK_DIV1;
 187:Core/Src/main.c ****   RCC_ClkInitStruct.AHBCLKDivider = RCC_HCLK_DIV2;
 188:Core/Src/main.c ****   RCC_ClkInitStruct.APB3CLKDivider = RCC_APB3_DIV2;
 189:Core/Src/main.c ****   RCC_ClkInitStruct.APB1CLKDivider = RCC_APB1_DIV2;
 190:Core/Src/main.c ****   RCC_ClkInitStruct.APB2CLKDivider = RCC_APB2_DIV2;
 191:Core/Src/main.c ****   RCC_ClkInitStruct.APB4CLKDivider = RCC_APB4_DIV2;
 192:Core/Src/main.c **** 
 193:Core/Src/main.c ****   if (HAL_RCC_ClockConfig(&RCC_ClkInitStruct, FLASH_LATENCY_1) != HAL_OK)
 194:Core/Src/main.c ****   {
 195:Core/Src/main.c ****     Error_Handler();
 196:Core/Src/main.c ****   }
 197:Core/Src/main.c **** }
 198:Core/Src/main.c **** 
 199:Core/Src/main.c **** /* MPU Configuration */
 200:Core/Src/main.c **** void MPU_Config(void)
 201:Core/Src/main.c **** {
  27              		.loc 1 201 1 view -0
  28              		.cfi_startproc
ARM GAS  C:\msys64\tmp\ccbQRSMc.s 			page 5


  29              		@ args = 0, pretend = 0, frame = 16
  30              		@ frame_needed = 0, uses_anonymous_args = 0
  31 0000 30B5     		push	{r4, r5, lr}
  32              	.LCFI0:
  33              		.cfi_def_cfa_offset 12
  34              		.cfi_offset 4, -12
  35              		.cfi_offset 5, -8
  36              		.cfi_offset 14, -4
  37 0002 85B0     		sub	sp, sp, #20
  38              	.LCFI1:
  39              		.cfi_def_cfa_offset 32
 202:Core/Src/main.c ****   MPU_Region_InitTypeDef MPU_InitStruct = {0};
  40              		.loc 1 202 3 view .LVU1
  41              		.loc 1 202 26 is_stmt 0 view .LVU2
  42 0004 0024     		movs	r4, #0
  43 0006 0094     		str	r4, [sp]
  44 0008 0194     		str	r4, [sp, #4]
  45 000a 0294     		str	r4, [sp, #8]
  46 000c 0394     		str	r4, [sp, #12]
 203:Core/Src/main.c **** 
 204:Core/Src/main.c ****   HAL_MPU_Disable();
  47              		.loc 1 204 3 is_stmt 1 view .LVU3
  48 000e FFF7FEFF 		bl	HAL_MPU_Disable
  49              	.LVL0:
 205:Core/Src/main.c **** 
 206:Core/Src/main.c ****   MPU_InitStruct.Enable = MPU_REGION_ENABLE;
  50              		.loc 1 206 3 view .LVU4
  51              		.loc 1 206 25 is_stmt 0 view .LVU5
  52 0012 0123     		movs	r3, #1
  53 0014 8DF80030 		strb	r3, [sp]
 207:Core/Src/main.c ****   MPU_InitStruct.Number = MPU_REGION_NUMBER0;
  54              		.loc 1 207 3 is_stmt 1 view .LVU6
  55              		.loc 1 207 25 is_stmt 0 view .LVU7
  56 0018 8DF80140 		strb	r4, [sp, #1]
 208:Core/Src/main.c ****   MPU_InitStruct.BaseAddress = 0x0;
  57              		.loc 1 208 3 is_stmt 1 view .LVU8
  58              		.loc 1 208 30 is_stmt 0 view .LVU9
  59 001c 0194     		str	r4, [sp, #4]
 209:Core/Src/main.c ****   MPU_InitStruct.Size = MPU_REGION_SIZE_4GB;
  60              		.loc 1 209 3 is_stmt 1 view .LVU10
  61              		.loc 1 209 23 is_stmt 0 view .LVU11
  62 001e 1F22     		movs	r2, #31
  63 0020 8DF80820 		strb	r2, [sp, #8]
 210:Core/Src/main.c ****   MPU_InitStruct.SubRegionDisable = 0x87;
  64              		.loc 1 210 3 is_stmt 1 view .LVU12
  65              		.loc 1 210 35 is_stmt 0 view .LVU13
  66 0024 8722     		movs	r2, #135
  67 0026 8DF80920 		strb	r2, [sp, #9]
 211:Core/Src/main.c ****   MPU_InitStruct.TypeExtField = MPU_TEX_LEVEL0;
  68              		.loc 1 211 3 is_stmt 1 view .LVU14
  69              		.loc 1 211 31 is_stmt 0 view .LVU15
  70 002a 8DF80A40 		strb	r4, [sp, #10]
 212:Core/Src/main.c ****   MPU_InitStruct.AccessPermission = MPU_REGION_NO_ACCESS;
  71              		.loc 1 212 3 is_stmt 1 view .LVU16
  72              		.loc 1 212 35 is_stmt 0 view .LVU17
  73 002e 8DF80B40 		strb	r4, [sp, #11]
 213:Core/Src/main.c ****   MPU_InitStruct.DisableExec = MPU_INSTRUCTION_ACCESS_DISABLE;
ARM GAS  C:\msys64\tmp\ccbQRSMc.s 			page 6


  74              		.loc 1 213 3 is_stmt 1 view .LVU18
  75              		.loc 1 213 30 is_stmt 0 view .LVU19
  76 0032 8DF80C30 		strb	r3, [sp, #12]
 214:Core/Src/main.c ****   MPU_InitStruct.IsShareable = MPU_ACCESS_SHAREABLE;
  77              		.loc 1 214 3 is_stmt 1 view .LVU20
  78              		.loc 1 214 30 is_stmt 0 view .LVU21
  79 0036 8DF80D30 		strb	r3, [sp, #13]
 215:Core/Src/main.c ****   MPU_InitStruct.IsCacheable = MPU_ACCESS_NOT_CACHEABLE;
  80              		.loc 1 215 3 is_stmt 1 view .LVU22
  81              		.loc 1 215 30 is_stmt 0 view .LVU23
  82 003a 8DF80E40 		strb	r4, [sp, #14]
 216:Core/Src/main.c ****   MPU_InitStruct.IsBufferable = MPU_ACCESS_NOT_BUFFERABLE;
  83              		.loc 1 216 3 is_stmt 1 view .LVU24
  84              		.loc 1 216 31 is_stmt 0 view .LVU25
  85 003e 8DF80F40 		strb	r4, [sp, #15]
 217:Core/Src/main.c **** 
 218:Core/Src/main.c ****   HAL_MPU_ConfigRegion(&MPU_InitStruct);
  86              		.loc 1 218 3 is_stmt 1 view .LVU26
  87 0042 6846     		mov	r0, sp
  88 0044 FFF7FEFF 		bl	HAL_MPU_ConfigRegion
  89              	.LVL1:
 219:Core/Src/main.c ****   HAL_MPU_Enable(MPU_PRIVILEGED_DEFAULT);
  90              		.loc 1 219 3 view .LVU27
  91 0048 0420     		movs	r0, #4
  92 004a FFF7FEFF 		bl	HAL_MPU_Enable
  93              	.LVL2:
 220:Core/Src/main.c **** }
  94              		.loc 1 220 1 is_stmt 0 view .LVU28
  95 004e 05B0     		add	sp, sp, #20
  96              	.LCFI2:
  97              		.cfi_def_cfa_offset 12
  98              		@ sp needed
  99 0050 30BD     		pop	{r4, r5, pc}
 100              		.cfi_endproc
 101              	.LFE150:
 103              		.section	.text._write,"ax",%progbits
 104              		.align	1
 105              		.global	_write
 106              		.syntax unified
 107              		.thumb
 108              		.thumb_func
 110              	_write:
 111              	.LVL3:
 112              	.LFB147:
  72:Core/Src/main.c ****     // Send via USART1 (change to huart3 if using ST-LINK VCP)
 113              		.loc 1 72 1 is_stmt 1 view -0
 114              		.cfi_startproc
 115              		@ args = 0, pretend = 0, frame = 0
 116              		@ frame_needed = 0, uses_anonymous_args = 0
  72:Core/Src/main.c ****     // Send via USART1 (change to huart3 if using ST-LINK VCP)
 117              		.loc 1 72 1 is_stmt 0 view .LVU30
 118 0000 10B5     		push	{r4, lr}
 119              	.LCFI3:
 120              		.cfi_def_cfa_offset 8
 121              		.cfi_offset 4, -8
 122              		.cfi_offset 14, -4
 123 0002 1446     		mov	r4, r2
ARM GAS  C:\msys64\tmp\ccbQRSMc.s 			page 7


  74:Core/Src/main.c ****     return len;
 124              		.loc 1 74 5 is_stmt 1 view .LVU31
 125 0004 4FF0FF33 		mov	r3, #-1
 126 0008 92B2     		uxth	r2, r2
 127              	.LVL4:
  74:Core/Src/main.c ****     return len;
 128              		.loc 1 74 5 is_stmt 0 view .LVU32
 129 000a 0248     		ldr	r0, .L5
 130              	.LVL5:
  74:Core/Src/main.c ****     return len;
 131              		.loc 1 74 5 view .LVU33
 132 000c FFF7FEFF 		bl	HAL_UART_Transmit
 133              	.LVL6:
  75:Core/Src/main.c **** }
 134              		.loc 1 75 5 is_stmt 1 view .LVU34
  76:Core/Src/main.c **** 
 135              		.loc 1 76 1 is_stmt 0 view .LVU35
 136 0010 2046     		mov	r0, r4
 137 0012 10BD     		pop	{r4, pc}
 138              	.LVL7:
 139              	.L6:
  76:Core/Src/main.c **** 
 140              		.loc 1 76 1 view .LVU36
 141              		.align	2
 142              	.L5:
 143 0014 00000000 		.word	huart3
 144              		.cfi_endproc
 145              	.LFE147:
 147              		.section	.text.BSP_PB_Callback,"ax",%progbits
 148              		.align	1
 149              		.global	BSP_PB_Callback
 150              		.syntax unified
 151              		.thumb
 152              		.thumb_func
 154              	BSP_PB_Callback:
 155              	.LVL8:
 156              	.LFB151:
 221:Core/Src/main.c **** 
 222:Core/Src/main.c **** /**
 223:Core/Src/main.c ****   * @brief BSP Push Button callback
 224:Core/Src/main.c ****   */
 225:Core/Src/main.c **** void BSP_PB_Callback(Button_TypeDef Button)
 226:Core/Src/main.c **** {
 157              		.loc 1 226 1 is_stmt 1 view -0
 158              		.cfi_startproc
 159              		@ args = 0, pretend = 0, frame = 0
 160              		@ frame_needed = 0, uses_anonymous_args = 0
 161              		@ link register save eliminated.
 227:Core/Src/main.c ****   if (Button == BUTTON_USER)
 162              		.loc 1 227 3 view .LVU38
 163              		.loc 1 227 6 is_stmt 0 view .LVU39
 164 0000 10B9     		cbnz	r0, .L7
 228:Core/Src/main.c ****   {
 229:Core/Src/main.c ****     BspButtonState = BUTTON_PRESSED;
 165              		.loc 1 229 5 is_stmt 1 view .LVU40
 166              		.loc 1 229 20 is_stmt 0 view .LVU41
 167 0002 024B     		ldr	r3, .L9
ARM GAS  C:\msys64\tmp\ccbQRSMc.s 			page 8


 168 0004 0122     		movs	r2, #1
 169 0006 1A60     		str	r2, [r3]
 170              	.L7:
 230:Core/Src/main.c ****   }
 231:Core/Src/main.c **** }
 171              		.loc 1 231 1 view .LVU42
 172 0008 7047     		bx	lr
 173              	.L10:
 174 000a 00BF     		.align	2
 175              	.L9:
 176 000c 00000000 		.word	BspButtonState
 177              		.cfi_endproc
 178              	.LFE151:
 180              		.section	.text.Error_Handler,"ax",%progbits
 181              		.align	1
 182              		.global	Error_Handler
 183              		.syntax unified
 184              		.thumb
 185              		.thumb_func
 187              	Error_Handler:
 188              	.LFB152:
 232:Core/Src/main.c **** 
 233:Core/Src/main.c **** /**
 234:Core/Src/main.c ****   * @brief Error Handler
 235:Core/Src/main.c ****   */
 236:Core/Src/main.c **** void Error_Handler(void)
 237:Core/Src/main.c **** {
 189              		.loc 1 237 1 is_stmt 1 view -0
 190              		.cfi_startproc
 191              		@ Volatile: function does not return.
 192              		@ args = 0, pretend = 0, frame = 0
 193              		@ frame_needed = 0, uses_anonymous_args = 0
 194 0000 08B5     		push	{r3, lr}
 195              	.LCFI4:
 196              		.cfi_def_cfa_offset 8
 197              		.cfi_offset 3, -8
 198              		.cfi_offset 14, -4
 238:Core/Src/main.c ****   __disable_irq();
 199              		.loc 1 238 3 view .LVU44
 200              	.LBB4:
 201              	.LBI4:
 202              		.file 2 "Drivers/CMSIS/Include/cmsis_gcc.h"
   1:Drivers/CMSIS/Include/cmsis_gcc.h **** /**************************************************************************//**
   2:Drivers/CMSIS/Include/cmsis_gcc.h ****  * @file     cmsis_gcc.h
   3:Drivers/CMSIS/Include/cmsis_gcc.h ****  * @brief    CMSIS compiler GCC header file
   4:Drivers/CMSIS/Include/cmsis_gcc.h ****  * @version  V5.2.0
   5:Drivers/CMSIS/Include/cmsis_gcc.h ****  * @date     08. May 2019
   6:Drivers/CMSIS/Include/cmsis_gcc.h ****  ******************************************************************************/
   7:Drivers/CMSIS/Include/cmsis_gcc.h **** /*
   8:Drivers/CMSIS/Include/cmsis_gcc.h ****  * Copyright (c) 2009-2019 Arm Limited. All rights reserved.
   9:Drivers/CMSIS/Include/cmsis_gcc.h ****  *
  10:Drivers/CMSIS/Include/cmsis_gcc.h ****  * SPDX-License-Identifier: Apache-2.0
  11:Drivers/CMSIS/Include/cmsis_gcc.h ****  *
  12:Drivers/CMSIS/Include/cmsis_gcc.h ****  * Licensed under the Apache License, Version 2.0 (the License); you may
  13:Drivers/CMSIS/Include/cmsis_gcc.h ****  * not use this file except in compliance with the License.
  14:Drivers/CMSIS/Include/cmsis_gcc.h ****  * You may obtain a copy of the License at
  15:Drivers/CMSIS/Include/cmsis_gcc.h ****  *
ARM GAS  C:\msys64\tmp\ccbQRSMc.s 			page 9


  16:Drivers/CMSIS/Include/cmsis_gcc.h ****  * www.apache.org/licenses/LICENSE-2.0
  17:Drivers/CMSIS/Include/cmsis_gcc.h ****  *
  18:Drivers/CMSIS/Include/cmsis_gcc.h ****  * Unless required by applicable law or agreed to in writing, software
  19:Drivers/CMSIS/Include/cmsis_gcc.h ****  * distributed under the License is distributed on an AS IS BASIS, WITHOUT
  20:Drivers/CMSIS/Include/cmsis_gcc.h ****  * WARRANTIES OR CONDITIONS OF ANY KIND, either express or implied.
  21:Drivers/CMSIS/Include/cmsis_gcc.h ****  * See the License for the specific language governing permissions and
  22:Drivers/CMSIS/Include/cmsis_gcc.h ****  * limitations under the License.
  23:Drivers/CMSIS/Include/cmsis_gcc.h ****  */
  24:Drivers/CMSIS/Include/cmsis_gcc.h **** 
  25:Drivers/CMSIS/Include/cmsis_gcc.h **** #ifndef __CMSIS_GCC_H
  26:Drivers/CMSIS/Include/cmsis_gcc.h **** #define __CMSIS_GCC_H
  27:Drivers/CMSIS/Include/cmsis_gcc.h **** 
  28:Drivers/CMSIS/Include/cmsis_gcc.h **** /* ignore some GCC warnings */
  29:Drivers/CMSIS/Include/cmsis_gcc.h **** #pragma GCC diagnostic push
  30:Drivers/CMSIS/Include/cmsis_gcc.h **** #pragma GCC diagnostic ignored "-Wsign-conversion"
  31:Drivers/CMSIS/Include/cmsis_gcc.h **** #pragma GCC diagnostic ignored "-Wconversion"
  32:Drivers/CMSIS/Include/cmsis_gcc.h **** #pragma GCC diagnostic ignored "-Wunused-parameter"
  33:Drivers/CMSIS/Include/cmsis_gcc.h **** 
  34:Drivers/CMSIS/Include/cmsis_gcc.h **** /* Fallback for __has_builtin */
  35:Drivers/CMSIS/Include/cmsis_gcc.h **** #ifndef __has_builtin
  36:Drivers/CMSIS/Include/cmsis_gcc.h ****   #define __has_builtin(x) (0)
  37:Drivers/CMSIS/Include/cmsis_gcc.h **** #endif
  38:Drivers/CMSIS/Include/cmsis_gcc.h **** 
  39:Drivers/CMSIS/Include/cmsis_gcc.h **** /* CMSIS compiler specific defines */
  40:Drivers/CMSIS/Include/cmsis_gcc.h **** #ifndef   __ASM
  41:Drivers/CMSIS/Include/cmsis_gcc.h ****   #define __ASM                                  __asm
  42:Drivers/CMSIS/Include/cmsis_gcc.h **** #endif
  43:Drivers/CMSIS/Include/cmsis_gcc.h **** #ifndef   __INLINE
  44:Drivers/CMSIS/Include/cmsis_gcc.h ****   #define __INLINE                               inline
  45:Drivers/CMSIS/Include/cmsis_gcc.h **** #endif
  46:Drivers/CMSIS/Include/cmsis_gcc.h **** #ifndef   __STATIC_INLINE
  47:Drivers/CMSIS/Include/cmsis_gcc.h ****   #define __STATIC_INLINE                        static inline
  48:Drivers/CMSIS/Include/cmsis_gcc.h **** #endif
  49:Drivers/CMSIS/Include/cmsis_gcc.h **** #ifndef   __STATIC_FORCEINLINE                 
  50:Drivers/CMSIS/Include/cmsis_gcc.h ****   #define __STATIC_FORCEINLINE                   __attribute__((always_inline)) static inline
  51:Drivers/CMSIS/Include/cmsis_gcc.h **** #endif                                           
  52:Drivers/CMSIS/Include/cmsis_gcc.h **** #ifndef   __NO_RETURN
  53:Drivers/CMSIS/Include/cmsis_gcc.h ****   #define __NO_RETURN                            __attribute__((__noreturn__))
  54:Drivers/CMSIS/Include/cmsis_gcc.h **** #endif
  55:Drivers/CMSIS/Include/cmsis_gcc.h **** #ifndef   __USED
  56:Drivers/CMSIS/Include/cmsis_gcc.h ****   #define __USED                                 __attribute__((used))
  57:Drivers/CMSIS/Include/cmsis_gcc.h **** #endif
  58:Drivers/CMSIS/Include/cmsis_gcc.h **** #ifndef   __WEAK
  59:Drivers/CMSIS/Include/cmsis_gcc.h ****   #define __WEAK                                 __attribute__((weak))
  60:Drivers/CMSIS/Include/cmsis_gcc.h **** #endif
  61:Drivers/CMSIS/Include/cmsis_gcc.h **** #ifndef   __PACKED
  62:Drivers/CMSIS/Include/cmsis_gcc.h ****   #define __PACKED                               __attribute__((packed, aligned(1)))
  63:Drivers/CMSIS/Include/cmsis_gcc.h **** #endif
  64:Drivers/CMSIS/Include/cmsis_gcc.h **** #ifndef   __PACKED_STRUCT
  65:Drivers/CMSIS/Include/cmsis_gcc.h ****   #define __PACKED_STRUCT                        struct __attribute__((packed, aligned(1)))
  66:Drivers/CMSIS/Include/cmsis_gcc.h **** #endif
  67:Drivers/CMSIS/Include/cmsis_gcc.h **** #ifndef   __PACKED_UNION
  68:Drivers/CMSIS/Include/cmsis_gcc.h ****   #define __PACKED_UNION                         union __attribute__((packed, aligned(1)))
  69:Drivers/CMSIS/Include/cmsis_gcc.h **** #endif
  70:Drivers/CMSIS/Include/cmsis_gcc.h **** #ifndef   __UNALIGNED_UINT32        /* deprecated */
  71:Drivers/CMSIS/Include/cmsis_gcc.h ****   #pragma GCC diagnostic push
  72:Drivers/CMSIS/Include/cmsis_gcc.h ****   #pragma GCC diagnostic ignored "-Wpacked"
ARM GAS  C:\msys64\tmp\ccbQRSMc.s 			page 10


  73:Drivers/CMSIS/Include/cmsis_gcc.h ****   #pragma GCC diagnostic ignored "-Wattributes"
  74:Drivers/CMSIS/Include/cmsis_gcc.h ****   struct __attribute__((packed)) T_UINT32 { uint32_t v; };
  75:Drivers/CMSIS/Include/cmsis_gcc.h ****   #pragma GCC diagnostic pop
  76:Drivers/CMSIS/Include/cmsis_gcc.h ****   #define __UNALIGNED_UINT32(x)                  (((struct T_UINT32 *)(x))->v)
  77:Drivers/CMSIS/Include/cmsis_gcc.h **** #endif
  78:Drivers/CMSIS/Include/cmsis_gcc.h **** #ifndef   __UNALIGNED_UINT16_WRITE
  79:Drivers/CMSIS/Include/cmsis_gcc.h ****   #pragma GCC diagnostic push
  80:Drivers/CMSIS/Include/cmsis_gcc.h ****   #pragma GCC diagnostic ignored "-Wpacked"
  81:Drivers/CMSIS/Include/cmsis_gcc.h ****   #pragma GCC diagnostic ignored "-Wattributes"
  82:Drivers/CMSIS/Include/cmsis_gcc.h ****   __PACKED_STRUCT T_UINT16_WRITE { uint16_t v; };
  83:Drivers/CMSIS/Include/cmsis_gcc.h ****   #pragma GCC diagnostic pop
  84:Drivers/CMSIS/Include/cmsis_gcc.h ****   #define __UNALIGNED_UINT16_WRITE(addr, val)    (void)((((struct T_UINT16_WRITE *)(void *)(addr))-
  85:Drivers/CMSIS/Include/cmsis_gcc.h **** #endif
  86:Drivers/CMSIS/Include/cmsis_gcc.h **** #ifndef   __UNALIGNED_UINT16_READ
  87:Drivers/CMSIS/Include/cmsis_gcc.h ****   #pragma GCC diagnostic push
  88:Drivers/CMSIS/Include/cmsis_gcc.h ****   #pragma GCC diagnostic ignored "-Wpacked"
  89:Drivers/CMSIS/Include/cmsis_gcc.h ****   #pragma GCC diagnostic ignored "-Wattributes"
  90:Drivers/CMSIS/Include/cmsis_gcc.h ****   __PACKED_STRUCT T_UINT16_READ { uint16_t v; };
  91:Drivers/CMSIS/Include/cmsis_gcc.h ****   #pragma GCC diagnostic pop
  92:Drivers/CMSIS/Include/cmsis_gcc.h ****   #define __UNALIGNED_UINT16_READ(addr)          (((const struct T_UINT16_READ *)(const void *)(add
  93:Drivers/CMSIS/Include/cmsis_gcc.h **** #endif
  94:Drivers/CMSIS/Include/cmsis_gcc.h **** #ifndef   __UNALIGNED_UINT32_WRITE
  95:Drivers/CMSIS/Include/cmsis_gcc.h ****   #pragma GCC diagnostic push
  96:Drivers/CMSIS/Include/cmsis_gcc.h ****   #pragma GCC diagnostic ignored "-Wpacked"
  97:Drivers/CMSIS/Include/cmsis_gcc.h ****   #pragma GCC diagnostic ignored "-Wattributes"
  98:Drivers/CMSIS/Include/cmsis_gcc.h ****   __PACKED_STRUCT T_UINT32_WRITE { uint32_t v; };
  99:Drivers/CMSIS/Include/cmsis_gcc.h ****   #pragma GCC diagnostic pop
 100:Drivers/CMSIS/Include/cmsis_gcc.h ****   #define __UNALIGNED_UINT32_WRITE(addr, val)    (void)((((struct T_UINT32_WRITE *)(void *)(addr))-
 101:Drivers/CMSIS/Include/cmsis_gcc.h **** #endif
 102:Drivers/CMSIS/Include/cmsis_gcc.h **** #ifndef   __UNALIGNED_UINT32_READ
 103:Drivers/CMSIS/Include/cmsis_gcc.h ****   #pragma GCC diagnostic push
 104:Drivers/CMSIS/Include/cmsis_gcc.h ****   #pragma GCC diagnostic ignored "-Wpacked"
 105:Drivers/CMSIS/Include/cmsis_gcc.h ****   #pragma GCC diagnostic ignored "-Wattributes"
 106:Drivers/CMSIS/Include/cmsis_gcc.h ****   __PACKED_STRUCT T_UINT32_READ { uint32_t v; };
 107:Drivers/CMSIS/Include/cmsis_gcc.h ****   #pragma GCC diagnostic pop
 108:Drivers/CMSIS/Include/cmsis_gcc.h ****   #define __UNALIGNED_UINT32_READ(addr)          (((const struct T_UINT32_READ *)(const void *)(add
 109:Drivers/CMSIS/Include/cmsis_gcc.h **** #endif
 110:Drivers/CMSIS/Include/cmsis_gcc.h **** #ifndef   __ALIGNED
 111:Drivers/CMSIS/Include/cmsis_gcc.h ****   #define __ALIGNED(x)                           __attribute__((aligned(x)))
 112:Drivers/CMSIS/Include/cmsis_gcc.h **** #endif
 113:Drivers/CMSIS/Include/cmsis_gcc.h **** #ifndef   __RESTRICT
 114:Drivers/CMSIS/Include/cmsis_gcc.h ****   #define __RESTRICT                             __restrict
 115:Drivers/CMSIS/Include/cmsis_gcc.h **** #endif
 116:Drivers/CMSIS/Include/cmsis_gcc.h **** #ifndef   __COMPILER_BARRIER
 117:Drivers/CMSIS/Include/cmsis_gcc.h ****   #define __COMPILER_BARRIER()                   __ASM volatile("":::"memory")
 118:Drivers/CMSIS/Include/cmsis_gcc.h **** #endif
 119:Drivers/CMSIS/Include/cmsis_gcc.h **** 
 120:Drivers/CMSIS/Include/cmsis_gcc.h **** /* #########################  Startup and Lowlevel Init  ######################## */
 121:Drivers/CMSIS/Include/cmsis_gcc.h **** 
 122:Drivers/CMSIS/Include/cmsis_gcc.h **** #ifndef __PROGRAM_START
 123:Drivers/CMSIS/Include/cmsis_gcc.h **** 
 124:Drivers/CMSIS/Include/cmsis_gcc.h **** /**
 125:Drivers/CMSIS/Include/cmsis_gcc.h ****   \brief   Initializes data and bss sections
 126:Drivers/CMSIS/Include/cmsis_gcc.h ****   \details This default implementations initialized all data and additional bss
 127:Drivers/CMSIS/Include/cmsis_gcc.h ****            sections relying on .copy.table and .zero.table specified properly
 128:Drivers/CMSIS/Include/cmsis_gcc.h ****            in the used linker script.
 129:Drivers/CMSIS/Include/cmsis_gcc.h ****   
ARM GAS  C:\msys64\tmp\ccbQRSMc.s 			page 11


 130:Drivers/CMSIS/Include/cmsis_gcc.h ****  */
 131:Drivers/CMSIS/Include/cmsis_gcc.h **** __STATIC_FORCEINLINE __NO_RETURN void __cmsis_start(void)
 132:Drivers/CMSIS/Include/cmsis_gcc.h **** {
 133:Drivers/CMSIS/Include/cmsis_gcc.h ****   extern void _start(void) __NO_RETURN;
 134:Drivers/CMSIS/Include/cmsis_gcc.h ****   
 135:Drivers/CMSIS/Include/cmsis_gcc.h ****   typedef struct {
 136:Drivers/CMSIS/Include/cmsis_gcc.h ****     uint32_t const* src;
 137:Drivers/CMSIS/Include/cmsis_gcc.h ****     uint32_t* dest;
 138:Drivers/CMSIS/Include/cmsis_gcc.h ****     uint32_t  wlen;
 139:Drivers/CMSIS/Include/cmsis_gcc.h ****   } __copy_table_t;
 140:Drivers/CMSIS/Include/cmsis_gcc.h ****   
 141:Drivers/CMSIS/Include/cmsis_gcc.h ****   typedef struct {
 142:Drivers/CMSIS/Include/cmsis_gcc.h ****     uint32_t* dest;
 143:Drivers/CMSIS/Include/cmsis_gcc.h ****     uint32_t  wlen;
 144:Drivers/CMSIS/Include/cmsis_gcc.h ****   } __zero_table_t;
 145:Drivers/CMSIS/Include/cmsis_gcc.h ****   
 146:Drivers/CMSIS/Include/cmsis_gcc.h ****   extern const __copy_table_t __copy_table_start__;
 147:Drivers/CMSIS/Include/cmsis_gcc.h ****   extern const __copy_table_t __copy_table_end__;
 148:Drivers/CMSIS/Include/cmsis_gcc.h ****   extern const __zero_table_t __zero_table_start__;
 149:Drivers/CMSIS/Include/cmsis_gcc.h ****   extern const __zero_table_t __zero_table_end__;
 150:Drivers/CMSIS/Include/cmsis_gcc.h **** 
 151:Drivers/CMSIS/Include/cmsis_gcc.h ****   for (__copy_table_t const* pTable = &__copy_table_start__; pTable < &__copy_table_end__; ++pTable
 152:Drivers/CMSIS/Include/cmsis_gcc.h ****     for(uint32_t i=0u; i<pTable->wlen; ++i) {
 153:Drivers/CMSIS/Include/cmsis_gcc.h ****       pTable->dest[i] = pTable->src[i];
 154:Drivers/CMSIS/Include/cmsis_gcc.h ****     }
 155:Drivers/CMSIS/Include/cmsis_gcc.h ****   }
 156:Drivers/CMSIS/Include/cmsis_gcc.h ****  
 157:Drivers/CMSIS/Include/cmsis_gcc.h ****   for (__zero_table_t const* pTable = &__zero_table_start__; pTable < &__zero_table_end__; ++pTable
 158:Drivers/CMSIS/Include/cmsis_gcc.h ****     for(uint32_t i=0u; i<pTable->wlen; ++i) {
 159:Drivers/CMSIS/Include/cmsis_gcc.h ****       pTable->dest[i] = 0u;
 160:Drivers/CMSIS/Include/cmsis_gcc.h ****     }
 161:Drivers/CMSIS/Include/cmsis_gcc.h ****   }
 162:Drivers/CMSIS/Include/cmsis_gcc.h ****  
 163:Drivers/CMSIS/Include/cmsis_gcc.h ****   _start();
 164:Drivers/CMSIS/Include/cmsis_gcc.h **** }
 165:Drivers/CMSIS/Include/cmsis_gcc.h ****   
 166:Drivers/CMSIS/Include/cmsis_gcc.h **** #define __PROGRAM_START           __cmsis_start
 167:Drivers/CMSIS/Include/cmsis_gcc.h **** #endif
 168:Drivers/CMSIS/Include/cmsis_gcc.h **** 
 169:Drivers/CMSIS/Include/cmsis_gcc.h **** #ifndef __INITIAL_SP
 170:Drivers/CMSIS/Include/cmsis_gcc.h **** #define __INITIAL_SP              __StackTop
 171:Drivers/CMSIS/Include/cmsis_gcc.h **** #endif
 172:Drivers/CMSIS/Include/cmsis_gcc.h **** 
 173:Drivers/CMSIS/Include/cmsis_gcc.h **** #ifndef __STACK_LIMIT
 174:Drivers/CMSIS/Include/cmsis_gcc.h **** #define __STACK_LIMIT             __StackLimit
 175:Drivers/CMSIS/Include/cmsis_gcc.h **** #endif
 176:Drivers/CMSIS/Include/cmsis_gcc.h **** 
 177:Drivers/CMSIS/Include/cmsis_gcc.h **** #ifndef __VECTOR_TABLE
 178:Drivers/CMSIS/Include/cmsis_gcc.h **** #define __VECTOR_TABLE            __Vectors
 179:Drivers/CMSIS/Include/cmsis_gcc.h **** #endif
 180:Drivers/CMSIS/Include/cmsis_gcc.h **** 
 181:Drivers/CMSIS/Include/cmsis_gcc.h **** #ifndef __VECTOR_TABLE_ATTRIBUTE
 182:Drivers/CMSIS/Include/cmsis_gcc.h **** #define __VECTOR_TABLE_ATTRIBUTE  __attribute((used, section(".vectors")))
 183:Drivers/CMSIS/Include/cmsis_gcc.h **** #endif
 184:Drivers/CMSIS/Include/cmsis_gcc.h **** 
 185:Drivers/CMSIS/Include/cmsis_gcc.h **** /* ###########################  Core Function Access  ########################### */
 186:Drivers/CMSIS/Include/cmsis_gcc.h **** /** \ingroup  CMSIS_Core_FunctionInterface
ARM GAS  C:\msys64\tmp\ccbQRSMc.s 			page 12


 187:Drivers/CMSIS/Include/cmsis_gcc.h ****     \defgroup CMSIS_Core_RegAccFunctions CMSIS Core Register Access Functions
 188:Drivers/CMSIS/Include/cmsis_gcc.h ****   @{
 189:Drivers/CMSIS/Include/cmsis_gcc.h ****  */
 190:Drivers/CMSIS/Include/cmsis_gcc.h **** 
 191:Drivers/CMSIS/Include/cmsis_gcc.h **** /**
 192:Drivers/CMSIS/Include/cmsis_gcc.h ****   \brief   Enable IRQ Interrupts
 193:Drivers/CMSIS/Include/cmsis_gcc.h ****   \details Enables IRQ interrupts by clearing the I-bit in the CPSR.
 194:Drivers/CMSIS/Include/cmsis_gcc.h ****            Can only be executed in Privileged modes.
 195:Drivers/CMSIS/Include/cmsis_gcc.h ****  */
 196:Drivers/CMSIS/Include/cmsis_gcc.h **** __STATIC_FORCEINLINE void __enable_irq(void)
 197:Drivers/CMSIS/Include/cmsis_gcc.h **** {
 198:Drivers/CMSIS/Include/cmsis_gcc.h ****   __ASM volatile ("cpsie i" : : : "memory");
 199:Drivers/CMSIS/Include/cmsis_gcc.h **** }
 200:Drivers/CMSIS/Include/cmsis_gcc.h **** 
 201:Drivers/CMSIS/Include/cmsis_gcc.h **** 
 202:Drivers/CMSIS/Include/cmsis_gcc.h **** /**
 203:Drivers/CMSIS/Include/cmsis_gcc.h ****   \brief   Disable IRQ Interrupts
 204:Drivers/CMSIS/Include/cmsis_gcc.h ****   \details Disables IRQ interrupts by setting the I-bit in the CPSR.
 205:Drivers/CMSIS/Include/cmsis_gcc.h ****            Can only be executed in Privileged modes.
 206:Drivers/CMSIS/Include/cmsis_gcc.h ****  */
 207:Drivers/CMSIS/Include/cmsis_gcc.h **** __STATIC_FORCEINLINE void __disable_irq(void)
 203              		.loc 2 207 27 view .LVU45
 204              	.LBB5:
 208:Drivers/CMSIS/Include/cmsis_gcc.h **** {
 209:Drivers/CMSIS/Include/cmsis_gcc.h ****   __ASM volatile ("cpsid i" : : : "memory");
 205              		.loc 2 209 3 view .LVU46
 206              		.syntax unified
 207              	@ 209 "Drivers/CMSIS/Include/cmsis_gcc.h" 1
 208 0002 72B6     		cpsid i
 209              	@ 0 "" 2
 210              		.thumb
 211              		.syntax unified
 212              	.L12:
 213              	.LBE5:
 214              	.LBE4:
 239:Core/Src/main.c ****   while (1)
 215              		.loc 1 239 3 view .LVU47
 240:Core/Src/main.c ****   {
 241:Core/Src/main.c ****     BSP_LED_Toggle(LED_RED);
 216              		.loc 1 241 5 view .LVU48
 217 0004 0220     		movs	r0, #2
 218 0006 FFF7FEFF 		bl	BSP_LED_Toggle
 219              	.LVL9:
 242:Core/Src/main.c ****     HAL_Delay(200);
 220              		.loc 1 242 5 discriminator 1 view .LVU49
 221 000a C820     		movs	r0, #200
 222 000c FFF7FEFF 		bl	HAL_Delay
 223              	.LVL10:
 239:Core/Src/main.c ****   while (1)
 224              		.loc 1 239 9 view .LVU50
 225 0010 F8E7     		b	.L12
 226              		.cfi_endproc
 227              	.LFE152:
 229              		.section	.text.SystemClock_Config,"ax",%progbits
 230              		.align	1
 231              		.global	SystemClock_Config
 232              		.syntax unified
ARM GAS  C:\msys64\tmp\ccbQRSMc.s 			page 13


 233              		.thumb
 234              		.thumb_func
 236              	SystemClock_Config:
 237              	.LFB149:
 156:Core/Src/main.c ****   RCC_OscInitTypeDef RCC_OscInitStruct = {0};
 238              		.loc 1 156 1 view -0
 239              		.cfi_startproc
 240              		@ args = 0, pretend = 0, frame = 112
 241              		@ frame_needed = 0, uses_anonymous_args = 0
 242 0000 10B5     		push	{r4, lr}
 243              	.LCFI5:
 244              		.cfi_def_cfa_offset 8
 245              		.cfi_offset 4, -8
 246              		.cfi_offset 14, -4
 247 0002 9CB0     		sub	sp, sp, #112
 248              	.LCFI6:
 249              		.cfi_def_cfa_offset 120
 157:Core/Src/main.c ****   RCC_ClkInitTypeDef RCC_ClkInitStruct = {0};
 250              		.loc 1 157 3 view .LVU52
 157:Core/Src/main.c ****   RCC_ClkInitTypeDef RCC_ClkInitStruct = {0};
 251              		.loc 1 157 22 is_stmt 0 view .LVU53
 252 0004 4C22     		movs	r2, #76
 253 0006 0021     		movs	r1, #0
 254 0008 09A8     		add	r0, sp, #36
 255 000a FFF7FEFF 		bl	memset
 256              	.LVL11:
 158:Core/Src/main.c **** 
 257              		.loc 1 158 3 is_stmt 1 view .LVU54
 158:Core/Src/main.c **** 
 258              		.loc 1 158 22 is_stmt 0 view .LVU55
 259 000e 2022     		movs	r2, #32
 260 0010 0021     		movs	r1, #0
 261 0012 01A8     		add	r0, sp, #4
 262 0014 FFF7FEFF 		bl	memset
 263              	.LVL12:
 160:Core/Src/main.c ****   __HAL_PWR_VOLTAGESCALING_CONFIG(PWR_REGULATOR_VOLTAGE_SCALE2);
 264              		.loc 1 160 3 is_stmt 1 view .LVU56
 265 0018 0220     		movs	r0, #2
 266 001a FFF7FEFF 		bl	HAL_PWREx_ConfigSupply
 267              	.LVL13:
 161:Core/Src/main.c ****   while(!__HAL_PWR_GET_FLAG(PWR_FLAG_VOSRDY)) {}
 268              		.loc 1 161 3 view .LVU57
 269              	.LBB6:
 161:Core/Src/main.c ****   while(!__HAL_PWR_GET_FLAG(PWR_FLAG_VOSRDY)) {}
 270              		.loc 1 161 3 view .LVU58
 271 001e 0023     		movs	r3, #0
 272 0020 0093     		str	r3, [sp]
 161:Core/Src/main.c ****   while(!__HAL_PWR_GET_FLAG(PWR_FLAG_VOSRDY)) {}
 273              		.loc 1 161 3 view .LVU59
 274 0022 214A     		ldr	r2, .L21
 275 0024 9369     		ldr	r3, [r2, #24]
 276 0026 23F44043 		bic	r3, r3, #49152
 277 002a 43F40043 		orr	r3, r3, #32768
 278 002e 9361     		str	r3, [r2, #24]
 161:Core/Src/main.c ****   while(!__HAL_PWR_GET_FLAG(PWR_FLAG_VOSRDY)) {}
 279              		.loc 1 161 3 view .LVU60
 280 0030 9369     		ldr	r3, [r2, #24]
ARM GAS  C:\msys64\tmp\ccbQRSMc.s 			page 14


 281 0032 03F44043 		and	r3, r3, #49152
 282 0036 0093     		str	r3, [sp]
 161:Core/Src/main.c ****   while(!__HAL_PWR_GET_FLAG(PWR_FLAG_VOSRDY)) {}
 283              		.loc 1 161 3 view .LVU61
 284 0038 009B     		ldr	r3, [sp]
 285              	.LBE6:
 161:Core/Src/main.c ****   while(!__HAL_PWR_GET_FLAG(PWR_FLAG_VOSRDY)) {}
 286              		.loc 1 161 3 view .LVU62
 162:Core/Src/main.c **** 
 287              		.loc 1 162 3 view .LVU63
 288              	.L15:
 162:Core/Src/main.c **** 
 289              		.loc 1 162 48 discriminator 1 view .LVU64
 162:Core/Src/main.c **** 
 290              		.loc 1 162 9 discriminator 1 view .LVU65
 162:Core/Src/main.c **** 
 291              		.loc 1 162 10 is_stmt 0 discriminator 1 view .LVU66
 292 003a 1B4B     		ldr	r3, .L21
 293 003c 9B69     		ldr	r3, [r3, #24]
 162:Core/Src/main.c **** 
 294              		.loc 1 162 9 discriminator 1 view .LVU67
 295 003e 13F4005F 		tst	r3, #8192
 296 0042 FAD0     		beq	.L15
 164:Core/Src/main.c ****   RCC_OscInitStruct.HSIState = RCC_HSI_DIV1;
 297              		.loc 1 164 3 is_stmt 1 view .LVU68
 164:Core/Src/main.c ****   RCC_OscInitStruct.HSIState = RCC_HSI_DIV1;
 298              		.loc 1 164 36 is_stmt 0 view .LVU69
 299 0044 0222     		movs	r2, #2
 300 0046 0992     		str	r2, [sp, #36]
 165:Core/Src/main.c ****   RCC_OscInitStruct.HSICalibrationValue = 64;
 301              		.loc 1 165 3 is_stmt 1 view .LVU70
 165:Core/Src/main.c ****   RCC_OscInitStruct.HSICalibrationValue = 64;
 302              		.loc 1 165 30 is_stmt 0 view .LVU71
 303 0048 0124     		movs	r4, #1
 304 004a 0C94     		str	r4, [sp, #48]
 166:Core/Src/main.c ****   RCC_OscInitStruct.PLL.PLLState = RCC_PLL_ON;
 305              		.loc 1 166 3 is_stmt 1 view .LVU72
 166:Core/Src/main.c ****   RCC_OscInitStruct.PLL.PLLState = RCC_PLL_ON;
 306              		.loc 1 166 41 is_stmt 0 view .LVU73
 307 004c 4023     		movs	r3, #64
 308 004e 0D93     		str	r3, [sp, #52]
 167:Core/Src/main.c ****   RCC_OscInitStruct.PLL.PLLSource = RCC_PLLSOURCE_HSI;
 309              		.loc 1 167 3 is_stmt 1 view .LVU74
 167:Core/Src/main.c ****   RCC_OscInitStruct.PLL.PLLSource = RCC_PLLSOURCE_HSI;
 310              		.loc 1 167 34 is_stmt 0 view .LVU75
 311 0050 1292     		str	r2, [sp, #72]
 168:Core/Src/main.c ****   RCC_OscInitStruct.PLL.PLLM = 4;
 312              		.loc 1 168 3 is_stmt 1 view .LVU76
 168:Core/Src/main.c ****   RCC_OscInitStruct.PLL.PLLM = 4;
 313              		.loc 1 168 35 is_stmt 0 view .LVU77
 314 0052 0023     		movs	r3, #0
 315 0054 1393     		str	r3, [sp, #76]
 169:Core/Src/main.c ****   RCC_OscInitStruct.PLL.PLLN = 12;
 316              		.loc 1 169 3 is_stmt 1 view .LVU78
 169:Core/Src/main.c ****   RCC_OscInitStruct.PLL.PLLN = 12;
 317              		.loc 1 169 30 is_stmt 0 view .LVU79
 318 0056 0420     		movs	r0, #4
ARM GAS  C:\msys64\tmp\ccbQRSMc.s 			page 15


 319 0058 1490     		str	r0, [sp, #80]
 170:Core/Src/main.c ****   RCC_OscInitStruct.PLL.PLLP = 1;
 320              		.loc 1 170 3 is_stmt 1 view .LVU80
 170:Core/Src/main.c ****   RCC_OscInitStruct.PLL.PLLP = 1;
 321              		.loc 1 170 30 is_stmt 0 view .LVU81
 322 005a 0C21     		movs	r1, #12
 323 005c 1591     		str	r1, [sp, #84]
 171:Core/Src/main.c ****   RCC_OscInitStruct.PLL.PLLQ = 4;
 324              		.loc 1 171 3 is_stmt 1 view .LVU82
 171:Core/Src/main.c ****   RCC_OscInitStruct.PLL.PLLQ = 4;
 325              		.loc 1 171 30 is_stmt 0 view .LVU83
 326 005e 1694     		str	r4, [sp, #88]
 172:Core/Src/main.c ****   RCC_OscInitStruct.PLL.PLLR = 2;
 327              		.loc 1 172 3 is_stmt 1 view .LVU84
 172:Core/Src/main.c ****   RCC_OscInitStruct.PLL.PLLR = 2;
 328              		.loc 1 172 30 is_stmt 0 view .LVU85
 329 0060 1790     		str	r0, [sp, #92]
 173:Core/Src/main.c ****   RCC_OscInitStruct.PLL.PLLRGE = RCC_PLL1VCIRANGE_3;
 330              		.loc 1 173 3 is_stmt 1 view .LVU86
 173:Core/Src/main.c ****   RCC_OscInitStruct.PLL.PLLRGE = RCC_PLL1VCIRANGE_3;
 331              		.loc 1 173 30 is_stmt 0 view .LVU87
 332 0062 1892     		str	r2, [sp, #96]
 174:Core/Src/main.c ****   RCC_OscInitStruct.PLL.PLLVCOSEL = RCC_PLL1VCOWIDE;
 333              		.loc 1 174 3 is_stmt 1 view .LVU88
 174:Core/Src/main.c ****   RCC_OscInitStruct.PLL.PLLVCOSEL = RCC_PLL1VCOWIDE;
 334              		.loc 1 174 32 is_stmt 0 view .LVU89
 335 0064 1991     		str	r1, [sp, #100]
 175:Core/Src/main.c ****   RCC_OscInitStruct.PLL.PLLFRACN = 0;
 336              		.loc 1 175 3 is_stmt 1 view .LVU90
 175:Core/Src/main.c ****   RCC_OscInitStruct.PLL.PLLFRACN = 0;
 337              		.loc 1 175 35 is_stmt 0 view .LVU91
 338 0066 1A93     		str	r3, [sp, #104]
 176:Core/Src/main.c ****   if (HAL_RCC_OscConfig(&RCC_OscInitStruct) != HAL_OK)
 339              		.loc 1 176 3 is_stmt 1 view .LVU92
 176:Core/Src/main.c ****   if (HAL_RCC_OscConfig(&RCC_OscInitStruct) != HAL_OK)
 340              		.loc 1 176 34 is_stmt 0 view .LVU93
 341 0068 1B93     		str	r3, [sp, #108]
 177:Core/Src/main.c ****   {
 342              		.loc 1 177 3 is_stmt 1 view .LVU94
 177:Core/Src/main.c ****   {
 343              		.loc 1 177 7 is_stmt 0 view .LVU95
 344 006a 09A8     		add	r0, sp, #36
 345 006c FFF7FEFF 		bl	HAL_RCC_OscConfig
 346              	.LVL14:
 177:Core/Src/main.c ****   {
 347              		.loc 1 177 6 discriminator 1 view .LVU96
 348 0070 A8B9     		cbnz	r0, .L19
 182:Core/Src/main.c ****                               |RCC_CLOCKTYPE_PCLK1|RCC_CLOCKTYPE_PCLK2
 349              		.loc 1 182 3 is_stmt 1 view .LVU97
 182:Core/Src/main.c ****                               |RCC_CLOCKTYPE_PCLK1|RCC_CLOCKTYPE_PCLK2
 350              		.loc 1 182 31 is_stmt 0 view .LVU98
 351 0072 3F23     		movs	r3, #63
 352 0074 0193     		str	r3, [sp, #4]
 185:Core/Src/main.c ****   RCC_ClkInitStruct.SYSCLKDivider = RCC_SYSCLK_DIV1;
 353              		.loc 1 185 3 is_stmt 1 view .LVU99
 185:Core/Src/main.c ****   RCC_ClkInitStruct.SYSCLKDivider = RCC_SYSCLK_DIV1;
 354              		.loc 1 185 34 is_stmt 0 view .LVU100
ARM GAS  C:\msys64\tmp\ccbQRSMc.s 			page 16


 355 0076 0323     		movs	r3, #3
 356 0078 0293     		str	r3, [sp, #8]
 186:Core/Src/main.c ****   RCC_ClkInitStruct.AHBCLKDivider = RCC_HCLK_DIV2;
 357              		.loc 1 186 3 is_stmt 1 view .LVU101
 186:Core/Src/main.c ****   RCC_ClkInitStruct.AHBCLKDivider = RCC_HCLK_DIV2;
 358              		.loc 1 186 35 is_stmt 0 view .LVU102
 359 007a 0023     		movs	r3, #0
 360 007c 0393     		str	r3, [sp, #12]
 187:Core/Src/main.c ****   RCC_ClkInitStruct.APB3CLKDivider = RCC_APB3_DIV2;
 361              		.loc 1 187 3 is_stmt 1 view .LVU103
 187:Core/Src/main.c ****   RCC_ClkInitStruct.APB3CLKDivider = RCC_APB3_DIV2;
 362              		.loc 1 187 35 is_stmt 0 view .LVU104
 363 007e 0823     		movs	r3, #8
 364 0080 0493     		str	r3, [sp, #16]
 188:Core/Src/main.c ****   RCC_ClkInitStruct.APB1CLKDivider = RCC_APB1_DIV2;
 365              		.loc 1 188 3 is_stmt 1 view .LVU105
 188:Core/Src/main.c ****   RCC_ClkInitStruct.APB1CLKDivider = RCC_APB1_DIV2;
 366              		.loc 1 188 36 is_stmt 0 view .LVU106
 367 0082 4023     		movs	r3, #64
 368 0084 0593     		str	r3, [sp, #20]
 189:Core/Src/main.c ****   RCC_ClkInitStruct.APB2CLKDivider = RCC_APB2_DIV2;
 369              		.loc 1 189 3 is_stmt 1 view .LVU107
 189:Core/Src/main.c ****   RCC_ClkInitStruct.APB2CLKDivider = RCC_APB2_DIV2;
 370              		.loc 1 189 36 is_stmt 0 view .LVU108
 371 0086 0693     		str	r3, [sp, #24]
 190:Core/Src/main.c ****   RCC_ClkInitStruct.APB4CLKDivider = RCC_APB4_DIV2;
 372              		.loc 1 190 3 is_stmt 1 view .LVU109
 190:Core/Src/main.c ****   RCC_ClkInitStruct.APB4CLKDivider = RCC_APB4_DIV2;
 373              		.loc 1 190 36 is_stmt 0 view .LVU110
 374 0088 4FF48062 		mov	r2, #1024
 375 008c 0792     		str	r2, [sp, #28]
 191:Core/Src/main.c **** 
 376              		.loc 1 191 3 is_stmt 1 view .LVU111
 191:Core/Src/main.c **** 
 377              		.loc 1 191 36 is_stmt 0 view .LVU112
 378 008e 0893     		str	r3, [sp, #32]
 193:Core/Src/main.c ****   {
 379              		.loc 1 193 3 is_stmt 1 view .LVU113
 193:Core/Src/main.c ****   {
 380              		.loc 1 193 7 is_stmt 0 view .LVU114
 381 0090 0121     		movs	r1, #1
 382 0092 01A8     		add	r0, sp, #4
 383 0094 FFF7FEFF 		bl	HAL_RCC_ClockConfig
 384              	.LVL15:
 193:Core/Src/main.c ****   {
 385              		.loc 1 193 6 discriminator 1 view .LVU115
 386 0098 18B9     		cbnz	r0, .L20
 197:Core/Src/main.c **** 
 387              		.loc 1 197 1 view .LVU116
 388 009a 1CB0     		add	sp, sp, #112
 389              	.LCFI7:
 390              		.cfi_remember_state
 391              		.cfi_def_cfa_offset 8
 392              		@ sp needed
 393 009c 10BD     		pop	{r4, pc}
 394              	.L19:
 395              	.LCFI8:
ARM GAS  C:\msys64\tmp\ccbQRSMc.s 			page 17


 396              		.cfi_restore_state
 179:Core/Src/main.c ****   }
 397              		.loc 1 179 5 is_stmt 1 view .LVU117
 398 009e FFF7FEFF 		bl	Error_Handler
 399              	.LVL16:
 400              	.L20:
 195:Core/Src/main.c ****   }
 401              		.loc 1 195 5 view .LVU118
 402 00a2 FFF7FEFF 		bl	Error_Handler
 403              	.LVL17:
 404              	.L22:
 405 00a6 00BF     		.align	2
 406              	.L21:
 407 00a8 00480258 		.word	1476544512
 408              		.cfi_endproc
 409              	.LFE149:
 411              		.section	.rodata.main.str1.4,"aMS",%progbits,1
 412              		.align	2
 413              	.LC0:
 414 0000 48656C6C 		.ascii	"Hello from STM32!\015\000"
 414      6F206672 
 414      6F6D2053 
 414      544D3332 
 414      210D00
 415 0013 00       		.align	2
 416              	.LC1:
 417 0014 49325320 		.ascii	"I2S Audio started...\015\000"
 417      41756469 
 417      6F207374 
 417      61727465 
 417      642E2E2E 
 418 002a 0000     		.align	2
 419              	.LC2:
 420 002c 53616D70 		.ascii	"Sample[0]: %lu\015\012\000"
 420      6C655B30 
 420      5D3A2025 
 420      6C750D0A 
 420      00
 421              		.section	.text.main,"ax",%progbits
 422              		.align	1
 423              		.global	main
 424              		.syntax unified
 425              		.thumb
 426              		.thumb_func
 428              	main:
 429              	.LFB148:
  85:Core/Src/main.c ****   /* MPU Configuration--------------------------------------------------------*/
 430              		.loc 1 85 1 view -0
 431              		.cfi_startproc
 432              		@ args = 0, pretend = 0, frame = 0
 433              		@ frame_needed = 0, uses_anonymous_args = 0
 434 0000 08B5     		push	{r3, lr}
 435              	.LCFI9:
 436              		.cfi_def_cfa_offset 8
 437              		.cfi_offset 3, -8
 438              		.cfi_offset 14, -4
  87:Core/Src/main.c **** 
ARM GAS  C:\msys64\tmp\ccbQRSMc.s 			page 18


 439              		.loc 1 87 3 view .LVU120
 440 0002 FFF7FEFF 		bl	MPU_Config
 441              	.LVL18:
  90:Core/Src/main.c ****   SystemClock_Config();
 442              		.loc 1 90 3 view .LVU121
 443 0006 FFF7FEFF 		bl	HAL_Init
 444              	.LVL19:
  91:Core/Src/main.c **** 
 445              		.loc 1 91 3 view .LVU122
 446 000a FFF7FEFF 		bl	SystemClock_Config
 447              	.LVL20:
  94:Core/Src/main.c ****   MX_DMA_Init();
 448              		.loc 1 94 3 view .LVU123
 449 000e FFF7FEFF 		bl	MX_GPIO_Init
 450              	.LVL21:
  95:Core/Src/main.c ****   MX_I2C1_Init();
 451              		.loc 1 95 3 view .LVU124
 452 0012 FFF7FEFF 		bl	MX_DMA_Init
 453              	.LVL22:
  96:Core/Src/main.c ****   MX_I2C2_Init();
 454              		.loc 1 96 3 view .LVU125
 455 0016 FFF7FEFF 		bl	MX_I2C1_Init
 456              	.LVL23:
  97:Core/Src/main.c ****   MX_SPI1_Init();
 457              		.loc 1 97 3 view .LVU126
 458 001a FFF7FEFF 		bl	MX_I2C2_Init
 459              	.LVL24:
  98:Core/Src/main.c ****   MX_SPI2_Init();
 460              		.loc 1 98 3 view .LVU127
 461 001e FFF7FEFF 		bl	MX_SPI1_Init
 462              	.LVL25:
  99:Core/Src/main.c ****   MX_SPI3_Init();
 463              		.loc 1 99 3 view .LVU128
 464 0022 FFF7FEFF 		bl	MX_SPI2_Init
 465              	.LVL26:
 100:Core/Src/main.c ****   MX_UART4_Init();
 466              		.loc 1 100 3 view .LVU129
 467 0026 FFF7FEFF 		bl	MX_SPI3_Init
 468              	.LVL27:
 101:Core/Src/main.c ****   MX_USART1_UART_Init();
 469              		.loc 1 101 3 view .LVU130
 470 002a FFF7FEFF 		bl	MX_UART4_Init
 471              	.LVL28:
 102:Core/Src/main.c ****   MX_USART3_UART_Init();
 472              		.loc 1 102 3 view .LVU131
 473 002e FFF7FEFF 		bl	MX_USART1_UART_Init
 474              	.LVL29:
 103:Core/Src/main.c **** 
 475              		.loc 1 103 3 view .LVU132
 476 0032 FFF7FEFF 		bl	MX_USART3_UART_Init
 477              	.LVL30:
 106:Core/Src/main.c **** 
 478              		.loc 1 106 3 view .LVU133
 479 0036 1B48     		ldr	r0, .L27
 480 0038 FFF7FEFF 		bl	puts
 481              	.LVL31:
 108:Core/Src/main.c ****   printf("I2S Audio started...\r\n");
ARM GAS  C:\msys64\tmp\ccbQRSMc.s 			page 19


 482              		.loc 1 108 3 view .LVU134
 483 003c FFF7FEFF 		bl	I2S_Audio_Init
 484              	.LVL32:
 109:Core/Src/main.c **** 
 485              		.loc 1 109 3 view .LVU135
 486 0040 1948     		ldr	r0, .L27+4
 487 0042 FFF7FEFF 		bl	puts
 488              	.LVL33:
 111:Core/Src/main.c ****   // MX_SAI4_Init();
 489              		.loc 1 111 3 view .LVU136
 490 0046 FFF7FEFF 		bl	MX_SAI1_Init
 491              	.LVL34:
 115:Core/Src/main.c ****   BSP_LED_Init(LED_YELLOW);
 492              		.loc 1 115 3 view .LVU137
 493 004a 0020     		movs	r0, #0
 494 004c FFF7FEFF 		bl	BSP_LED_Init
 495              	.LVL35:
 116:Core/Src/main.c ****   BSP_LED_Init(LED_RED);
 496              		.loc 1 116 3 view .LVU138
 497 0050 0120     		movs	r0, #1
 498 0052 FFF7FEFF 		bl	BSP_LED_Init
 499              	.LVL36:
 117:Core/Src/main.c **** 
 500              		.loc 1 117 3 view .LVU139
 501 0056 0220     		movs	r0, #2
 502 0058 FFF7FEFF 		bl	BSP_LED_Init
 503              	.LVL37:
 120:Core/Src/main.c **** 
 504              		.loc 1 120 3 view .LVU140
 505 005c 0121     		movs	r1, #1
 506 005e 0020     		movs	r0, #0
 507 0060 FFF7FEFF 		bl	BSP_PB_Init
 508              	.LVL38:
 123:Core/Src/main.c ****   BspCOMInit.WordLength = COM_WORDLENGTH_8B;
 509              		.loc 1 123 3 view .LVU141
 123:Core/Src/main.c ****   BspCOMInit.WordLength = COM_WORDLENGTH_8B;
 510              		.loc 1 123 25 is_stmt 0 view .LVU142
 511 0064 1149     		ldr	r1, .L27+8
 512 0066 4FF4E133 		mov	r3, #115200
 513 006a 0B60     		str	r3, [r1]
 124:Core/Src/main.c ****   BspCOMInit.StopBits   = COM_STOPBITS_1;
 514              		.loc 1 124 3 is_stmt 1 view .LVU143
 124:Core/Src/main.c ****   BspCOMInit.StopBits   = COM_STOPBITS_1;
 515              		.loc 1 124 25 is_stmt 0 view .LVU144
 516 006c 0020     		movs	r0, #0
 517 006e 4860     		str	r0, [r1, #4]
 125:Core/Src/main.c ****   BspCOMInit.Parity     = COM_PARITY_NONE;
 518              		.loc 1 125 3 is_stmt 1 view .LVU145
 125:Core/Src/main.c ****   BspCOMInit.Parity     = COM_PARITY_NONE;
 519              		.loc 1 125 25 is_stmt 0 view .LVU146
 520 0070 0881     		strh	r0, [r1, #8]	@ movhi
 126:Core/Src/main.c ****   BspCOMInit.HwFlowCtl  = COM_HWCONTROL_NONE;
 521              		.loc 1 126 3 is_stmt 1 view .LVU147
 126:Core/Src/main.c ****   BspCOMInit.HwFlowCtl  = COM_HWCONTROL_NONE;
 522              		.loc 1 126 25 is_stmt 0 view .LVU148
 523 0072 4881     		strh	r0, [r1, #10]	@ movhi
 127:Core/Src/main.c ****   if (BSP_COM_Init(COM1, &BspCOMInit) != BSP_ERROR_NONE)
ARM GAS  C:\msys64\tmp\ccbQRSMc.s 			page 20


 524              		.loc 1 127 3 is_stmt 1 view .LVU149
 127:Core/Src/main.c ****   if (BSP_COM_Init(COM1, &BspCOMInit) != BSP_ERROR_NONE)
 525              		.loc 1 127 25 is_stmt 0 view .LVU150
 526 0074 8881     		strh	r0, [r1, #12]	@ movhi
 128:Core/Src/main.c ****   {
 527              		.loc 1 128 3 is_stmt 1 view .LVU151
 128:Core/Src/main.c ****   {
 528              		.loc 1 128 7 is_stmt 0 view .LVU152
 529 0076 FFF7FEFF 		bl	BSP_COM_Init
 530              	.LVL39:
 128:Core/Src/main.c ****   {
 531              		.loc 1 128 6 discriminator 1 view .LVU153
 532 007a 20B1     		cbz	r0, .L24
 130:Core/Src/main.c ****   }
 533              		.loc 1 130 5 is_stmt 1 view .LVU154
 534 007c FFF7FEFF 		bl	Error_Handler
 535              	.LVL40:
 536              	.L25:
 147:Core/Src/main.c ****   }
 537              		.loc 1 147 5 view .LVU155
 538 0080 0A20     		movs	r0, #10
 539 0082 FFF7FEFF 		bl	HAL_Delay
 540              	.LVL41:
 136:Core/Src/main.c ****   {
 541              		.loc 1 136 9 view .LVU156
 542              	.L24:
 136:Core/Src/main.c ****   {
 543              		.loc 1 136 3 view .LVU157
 139:Core/Src/main.c ****     {
 544              		.loc 1 139 5 view .LVU158
 139:Core/Src/main.c ****     {
 545              		.loc 1 139 9 is_stmt 0 view .LVU159
 546 0086 0A4B     		ldr	r3, .L27+12
 547 0088 1B78     		ldrb	r3, [r3]	@ zero_extendqisi2
 139:Core/Src/main.c ****     {
 548              		.loc 1 139 8 view .LVU160
 549 008a 002B     		cmp	r3, #0
 550 008c F8D0     		beq	.L25
 551              	.LBB7:
 141:Core/Src/main.c ****         uint32_t sample = I2S_GetSample();
 552              		.loc 1 141 9 is_stmt 1 view .LVU161
 141:Core/Src/main.c ****         uint32_t sample = I2S_GetSample();
 553              		.loc 1 141 27 is_stmt 0 view .LVU162
 554 008e 084B     		ldr	r3, .L27+12
 555 0090 0022     		movs	r2, #0
 556 0092 1A70     		strb	r2, [r3]
 142:Core/Src/main.c ****         printf("Sample[0]: %lu\r\n", sample); // %lu for uint32_t
 557              		.loc 1 142 9 is_stmt 1 view .LVU163
 142:Core/Src/main.c ****         printf("Sample[0]: %lu\r\n", sample); // %lu for uint32_t
 558              		.loc 1 142 27 is_stmt 0 view .LVU164
 559 0094 FFF7FEFF 		bl	I2S_GetSample
 560              	.LVL42:
 561 0098 0146     		mov	r1, r0
 562              	.LVL43:
 143:Core/Src/main.c ****     }
 563              		.loc 1 143 9 is_stmt 1 view .LVU165
 564 009a 0648     		ldr	r0, .L27+16
ARM GAS  C:\msys64\tmp\ccbQRSMc.s 			page 21


 565              	.LVL44:
 143:Core/Src/main.c ****     }
 566              		.loc 1 143 9 is_stmt 0 view .LVU166
 567 009c FFF7FEFF 		bl	printf
 568              	.LVL45:
 143:Core/Src/main.c ****     }
 569              		.loc 1 143 9 view .LVU167
 570 00a0 EEE7     		b	.L25
 571              	.L28:
 572 00a2 00BF     		.align	2
 573              	.L27:
 574 00a4 00000000 		.word	.LC0
 575 00a8 14000000 		.word	.LC1
 576 00ac 00000000 		.word	BspCOMInit
 577 00b0 00000000 		.word	new_samples_ready
 578 00b4 2C000000 		.word	.LC2
 579              	.LBE7:
 580              		.cfi_endproc
 581              	.LFE148:
 583              		.global	BspButtonState
 584              		.section	.bss.BspButtonState,"aw",%nobits
 585              		.align	2
 588              	BspButtonState:
 589 0000 00000000 		.space	4
 590              		.global	BspCOMInit
 591              		.section	.bss.BspCOMInit,"aw",%nobits
 592              		.align	2
 595              	BspCOMInit:
 596 0000 00000000 		.space	16
 596      00000000 
 596      00000000 
 596      00000000 
 597              		.text
 598              	.Letext0:
 599              		.file 3 "C:/Program Files (x86)/Arm GNU Toolchain arm-none-eabi/14.3 rel1/arm-none-eabi/include/ma
 600              		.file 4 "C:/Program Files (x86)/Arm GNU Toolchain arm-none-eabi/14.3 rel1/arm-none-eabi/include/sy
 601              		.file 5 "Drivers/CMSIS/Device/ST/STM32H7xx/Include/stm32h723xx.h"
 602              		.file 6 "Drivers/STM32H7xx_HAL_Driver/Inc/stm32h7xx_hal_def.h"
 603              		.file 7 "Drivers/STM32H7xx_HAL_Driver/Inc/stm32h7xx_hal_rcc.h"
 604              		.file 8 "Drivers/STM32H7xx_HAL_Driver/Inc/stm32h7xx_hal_dma.h"
 605              		.file 9 "Drivers/STM32H7xx_HAL_Driver/Inc/stm32h7xx_hal_cortex.h"
 606              		.file 10 "Drivers/STM32H7xx_HAL_Driver/Inc/stm32h7xx_hal_uart.h"
 607              		.file 11 "Drivers/BSP/STM32H7xx_Nucleo/stm32h7xx_nucleo.h"
 608              		.file 12 "Core/Inc/i2s_audio.h"
 609              		.file 13 "Core/Inc/usart.h"
 610              		.file 14 "Drivers/STM32H7xx_HAL_Driver/Inc/stm32h7xx_hal_pwr_ex.h"
 611              		.file 15 "Drivers/STM32H7xx_HAL_Driver/Inc/stm32h7xx_hal.h"
 612              		.file 16 "C:/Program Files (x86)/Arm GNU Toolchain arm-none-eabi/14.3 rel1/arm-none-eabi/include/s
 613              		.file 17 "Core/Inc/sai.h"
 614              		.file 18 "Core/Inc/spi.h"
 615              		.file 19 "Core/Inc/i2c.h"
 616              		.file 20 "Core/Inc/dma.h"
 617              		.file 21 "Core/Inc/gpio.h"
 618              		.file 22 "<built-in>"
ARM GAS  C:\msys64\tmp\ccbQRSMc.s 			page 22


DEFINED SYMBOLS
                            *ABS*:00000000 main.c
C:\msys64\tmp\ccbQRSMc.s:20     .text.MPU_Config:00000000 $t
C:\msys64\tmp\ccbQRSMc.s:25     .text.MPU_Config:00000000 MPU_Config
C:\msys64\tmp\ccbQRSMc.s:104    .text._write:00000000 $t
C:\msys64\tmp\ccbQRSMc.s:110    .text._write:00000000 _write
C:\msys64\tmp\ccbQRSMc.s:143    .text._write:00000014 $d
C:\msys64\tmp\ccbQRSMc.s:148    .text.BSP_PB_Callback:00000000 $t
C:\msys64\tmp\ccbQRSMc.s:154    .text.BSP_PB_Callback:00000000 BSP_PB_Callback
C:\msys64\tmp\ccbQRSMc.s:176    .text.BSP_PB_Callback:0000000c $d
C:\msys64\tmp\ccbQRSMc.s:588    .bss.BspButtonState:00000000 BspButtonState
C:\msys64\tmp\ccbQRSMc.s:181    .text.Error_Handler:00000000 $t
C:\msys64\tmp\ccbQRSMc.s:187    .text.Error_Handler:00000000 Error_Handler
C:\msys64\tmp\ccbQRSMc.s:230    .text.SystemClock_Config:00000000 $t
C:\msys64\tmp\ccbQRSMc.s:236    .text.SystemClock_Config:00000000 SystemClock_Config
C:\msys64\tmp\ccbQRSMc.s:407    .text.SystemClock_Config:000000a8 $d
C:\msys64\tmp\ccbQRSMc.s:412    .rodata.main.str1.4:00000000 $d
C:\msys64\tmp\ccbQRSMc.s:422    .text.main:00000000 $t
C:\msys64\tmp\ccbQRSMc.s:428    .text.main:00000000 main
C:\msys64\tmp\ccbQRSMc.s:574    .text.main:000000a4 $d
C:\msys64\tmp\ccbQRSMc.s:595    .bss.BspCOMInit:00000000 BspCOMInit
C:\msys64\tmp\ccbQRSMc.s:585    .bss.BspButtonState:00000000 $d
C:\msys64\tmp\ccbQRSMc.s:592    .bss.BspCOMInit:00000000 $d

UNDEFINED SYMBOLS
HAL_MPU_Disable
HAL_MPU_ConfigRegion
HAL_MPU_Enable
HAL_UART_Transmit
huart3
BSP_LED_Toggle
HAL_Delay
memset
HAL_PWREx_ConfigSupply
HAL_RCC_OscConfig
HAL_RCC_ClockConfig
HAL_Init
MX_GPIO_Init
MX_DMA_Init
MX_I2C1_Init
MX_I2C2_Init
MX_SPI1_Init
MX_SPI2_Init
MX_SPI3_Init
MX_UART4_Init
MX_USART1_UART_Init
MX_USART3_UART_Init
puts
I2S_Audio_Init
MX_SAI1_Init
BSP_LED_Init
BSP_PB_Init
BSP_COM_Init
I2S_GetSample
printf
new_samples_ready
