ARM GAS  C:\msys64\tmp\ccc7QcUd.s 			page 1


   1              		.cpu cortex-m7
   2              		.arch armv7e-m
   3              		.fpu fpv5-d16
   4              		.eabi_attribute 28, 1
   5              		.eabi_attribute 20, 1
   6              		.eabi_attribute 21, 1
   7              		.eabi_attribute 23, 3
   8              		.eabi_attribute 24, 1
   9              		.eabi_attribute 25, 1
  10              		.eabi_attribute 26, 1
  11              		.eabi_attribute 30, 1
  12              		.eabi_attribute 34, 1
  13              		.eabi_attribute 18, 4
  14              		.file	"sai.c"
  15              		.text
  16              	.Ltext0:
  17              		.cfi_sections	.debug_frame
  18              		.file 1 "Core/Src/sai.c"
  19              		.section	.text.MX_SAI1_Init,"ax",%progbits
  20              		.align	1
  21              		.global	MX_SAI1_Init
  22              		.syntax unified
  23              		.thumb
  24              		.thumb_func
  26              	MX_SAI1_Init:
  27              	.LFB147:
   1:Core/Src/sai.c **** /* USER CODE BEGIN Header */
   2:Core/Src/sai.c **** /**
   3:Core/Src/sai.c ****   ******************************************************************************
   4:Core/Src/sai.c ****   * File Name          : SAI.c
   5:Core/Src/sai.c ****   * Description        : This file provides code for the configuration
   6:Core/Src/sai.c ****   *                      of the SAI instances.
   7:Core/Src/sai.c ****   ******************************************************************************
   8:Core/Src/sai.c ****   * @attention
   9:Core/Src/sai.c ****   *
  10:Core/Src/sai.c ****   * Copyright (c) 2025 STMicroelectronics.
  11:Core/Src/sai.c ****   * All rights reserved.
  12:Core/Src/sai.c ****   *
  13:Core/Src/sai.c ****   * This software is licensed under terms that can be found in the LICENSE file
  14:Core/Src/sai.c ****   * in the root directory of this software component.
  15:Core/Src/sai.c ****   * If no LICENSE file comes with this software, it is provided AS-IS.
  16:Core/Src/sai.c ****   *
  17:Core/Src/sai.c ****   ******************************************************************************
  18:Core/Src/sai.c ****   */
  19:Core/Src/sai.c **** /* USER CODE END Header */
  20:Core/Src/sai.c **** 
  21:Core/Src/sai.c **** /* Includes ------------------------------------------------------------------*/
  22:Core/Src/sai.c **** #include "sai.h"
  23:Core/Src/sai.c **** 
  24:Core/Src/sai.c **** /* USER CODE BEGIN 0 */
  25:Core/Src/sai.c **** 
  26:Core/Src/sai.c **** /* USER CODE END 0 */
  27:Core/Src/sai.c **** 
  28:Core/Src/sai.c **** SAI_HandleTypeDef hsai_BlockA1;
  29:Core/Src/sai.c **** DMA_HandleTypeDef hdma_sai1_a;
  30:Core/Src/sai.c **** 
  31:Core/Src/sai.c **** /* SAI1 init function */
ARM GAS  C:\msys64\tmp\ccc7QcUd.s 			page 2


  32:Core/Src/sai.c **** void MX_SAI1_Init(void)
  33:Core/Src/sai.c **** {
  28              		.loc 1 33 1 view -0
  29              		.cfi_startproc
  30              		@ args = 0, pretend = 0, frame = 0
  31              		@ frame_needed = 0, uses_anonymous_args = 0
  32 0000 08B5     		push	{r3, lr}
  33              	.LCFI0:
  34              		.cfi_def_cfa_offset 8
  35              		.cfi_offset 3, -8
  36              		.cfi_offset 14, -4
  34:Core/Src/sai.c ****   hsai_BlockA1.Instance = SAI1_Block_A;
  37              		.loc 1 34 3 view .LVU1
  38              		.loc 1 34 25 is_stmt 0 view .LVU2
  39 0002 0C48     		ldr	r0, .L5
  40 0004 0C4B     		ldr	r3, .L5+4
  41 0006 0360     		str	r3, [r0]
  35:Core/Src/sai.c ****   hsai_BlockA1.Init.AudioMode      = SAI_MODEMASTER_RX;
  42              		.loc 1 35 3 is_stmt 1 view .LVU3
  43              		.loc 1 35 36 is_stmt 0 view .LVU4
  44 0008 0123     		movs	r3, #1
  45 000a 4360     		str	r3, [r0, #4]
  36:Core/Src/sai.c ****   hsai_BlockA1.Init.Synchro        = SAI_ASYNCHRONOUS;
  46              		.loc 1 36 3 is_stmt 1 view .LVU5
  47              		.loc 1 36 36 is_stmt 0 view .LVU6
  48 000c 0021     		movs	r1, #0
  49 000e 8160     		str	r1, [r0, #8]
  37:Core/Src/sai.c ****   hsai_BlockA1.Init.OutputDrive    = SAI_OUTPUTDRIVE_DISABLE;
  50              		.loc 1 37 3 is_stmt 1 view .LVU7
  51              		.loc 1 37 36 is_stmt 0 view .LVU8
  52 0010 4161     		str	r1, [r0, #20]
  38:Core/Src/sai.c ****   hsai_BlockA1.Init.NoDivider      = SAI_MASTERDIVIDER_ENABLE;
  53              		.loc 1 38 3 is_stmt 1 view .LVU9
  54              		.loc 1 38 36 is_stmt 0 view .LVU10
  55 0012 8161     		str	r1, [r0, #24]
  39:Core/Src/sai.c ****   hsai_BlockA1.Init.FIFOThreshold  = SAI_FIFOTHRESHOLD_EMPTY;
  56              		.loc 1 39 3 is_stmt 1 view .LVU11
  57              		.loc 1 39 36 is_stmt 0 view .LVU12
  58 0014 C161     		str	r1, [r0, #28]
  40:Core/Src/sai.c ****   hsai_BlockA1.Init.AudioFrequency = SAI_AUDIO_FREQUENCY_48K;
  59              		.loc 1 40 3 is_stmt 1 view .LVU13
  60              		.loc 1 40 36 is_stmt 0 view .LVU14
  61 0016 4BF68033 		movw	r3, #48000
  62 001a 0362     		str	r3, [r0, #32]
  41:Core/Src/sai.c ****   hsai_BlockA1.Init.SynchroExt     = SAI_SYNCEXT_DISABLE;
  63              		.loc 1 41 3 is_stmt 1 view .LVU15
  64              		.loc 1 41 36 is_stmt 0 view .LVU16
  65 001c C160     		str	r1, [r0, #12]
  42:Core/Src/sai.c ****   hsai_BlockA1.Init.MonoStereoMode = SAI_STEREOMODE;  // mic fills one channel
  66              		.loc 1 42 3 is_stmt 1 view .LVU17
  67              		.loc 1 42 36 is_stmt 0 view .LVU18
  68 001e C162     		str	r1, [r0, #44]
  43:Core/Src/sai.c ****   hsai_BlockA1.Init.CompandingMode = SAI_NOCOMPANDING;
  69              		.loc 1 43 3 is_stmt 1 view .LVU19
  70              		.loc 1 43 36 is_stmt 0 view .LVU20
  71 0020 0163     		str	r1, [r0, #48]
  44:Core/Src/sai.c **** 
ARM GAS  C:\msys64\tmp\ccc7QcUd.s 			page 3


  45:Core/Src/sai.c ****   if (HAL_SAI_InitProtocol(&hsai_BlockA1, 
  72              		.loc 1 45 3 is_stmt 1 view .LVU21
  73              		.loc 1 45 7 is_stmt 0 view .LVU22
  74 0022 0223     		movs	r3, #2
  75 0024 1A46     		mov	r2, r3
  76 0026 FFF7FEFF 		bl	HAL_SAI_InitProtocol
  77              	.LVL0:
  78              		.loc 1 45 6 discriminator 1 view .LVU23
  79 002a 00B9     		cbnz	r0, .L4
  80              	.L1:
  46:Core/Src/sai.c ****                            SAI_I2S_STANDARD,
  47:Core/Src/sai.c ****                            SAI_PROTOCOL_DATASIZE_24BIT, 
  48:Core/Src/sai.c ****                            2) != HAL_OK)
  49:Core/Src/sai.c ****   {
  50:Core/Src/sai.c ****     Error_Handler();
  51:Core/Src/sai.c ****   }
  52:Core/Src/sai.c **** }
  81              		.loc 1 52 1 view .LVU24
  82 002c 08BD     		pop	{r3, pc}
  83              	.L4:
  50:Core/Src/sai.c ****   }
  84              		.loc 1 50 5 is_stmt 1 view .LVU25
  85 002e FFF7FEFF 		bl	Error_Handler
  86              	.LVL1:
  87              		.loc 1 52 1 is_stmt 0 view .LVU26
  88 0032 FBE7     		b	.L1
  89              	.L6:
  90              		.align	2
  91              	.L5:
  92 0034 00000000 		.word	hsai_BlockA1
  93 0038 04580140 		.word	1073829892
  94              		.cfi_endproc
  95              	.LFE147:
  97              		.section	.text.HAL_SAI_MspInit,"ax",%progbits
  98              		.align	1
  99              		.global	HAL_SAI_MspInit
 100              		.syntax unified
 101              		.thumb
 102              		.thumb_func
 104              	HAL_SAI_MspInit:
 105              	.LVL2:
 106              	.LFB148:
  53:Core/Src/sai.c **** 
  54:Core/Src/sai.c **** static uint32_t SAI1_client = 0;
  55:Core/Src/sai.c **** 
  56:Core/Src/sai.c **** void HAL_SAI_MspInit(SAI_HandleTypeDef* saiHandle)
  57:Core/Src/sai.c **** {
 107              		.loc 1 57 1 is_stmt 1 view -0
 108              		.cfi_startproc
 109              		@ args = 0, pretend = 0, frame = 216
 110              		@ frame_needed = 0, uses_anonymous_args = 0
 111              		.loc 1 57 1 is_stmt 0 view .LVU28
 112 0000 30B5     		push	{r4, r5, lr}
 113              	.LCFI1:
 114              		.cfi_def_cfa_offset 12
 115              		.cfi_offset 4, -12
 116              		.cfi_offset 5, -8
ARM GAS  C:\msys64\tmp\ccc7QcUd.s 			page 4


 117              		.cfi_offset 14, -4
 118 0002 B7B0     		sub	sp, sp, #220
 119              	.LCFI2:
 120              		.cfi_def_cfa_offset 232
 121 0004 0446     		mov	r4, r0
  58:Core/Src/sai.c ****   GPIO_InitTypeDef GPIO_InitStruct;
 122              		.loc 1 58 3 is_stmt 1 view .LVU29
  59:Core/Src/sai.c ****   RCC_PeriphCLKInitTypeDef PeriphClkInitStruct = {0};
 123              		.loc 1 59 3 view .LVU30
 124              		.loc 1 59 28 is_stmt 0 view .LVU31
 125 0006 B822     		movs	r2, #184
 126 0008 0021     		movs	r1, #0
 127 000a 02A8     		add	r0, sp, #8
 128              	.LVL3:
 129              		.loc 1 59 28 view .LVU32
 130 000c FFF7FEFF 		bl	memset
 131              	.LVL4:
  60:Core/Src/sai.c **** 
  61:Core/Src/sai.c ****   if(saiHandle->Instance == SAI1_Block_A)
 132              		.loc 1 61 3 is_stmt 1 view .LVU33
 133              		.loc 1 61 15 is_stmt 0 view .LVU34
 134 0010 2268     		ldr	r2, [r4]
 135              		.loc 1 61 5 view .LVU35
 136 0012 2A4B     		ldr	r3, .L16
 137 0014 9A42     		cmp	r2, r3
 138 0016 01D0     		beq	.L13
 139              	.L7:
  62:Core/Src/sai.c ****   {
  63:Core/Src/sai.c ****     /* Configure SAI1 clock */
  64:Core/Src/sai.c ****     PeriphClkInitStruct.PeriphClockSelection = RCC_PERIPHCLK_SAI1;
  65:Core/Src/sai.c ****     PeriphClkInitStruct.Sai1ClockSelection = RCC_SAI1CLKSOURCE_PLL;
  66:Core/Src/sai.c ****     if (HAL_RCCEx_PeriphCLKConfig(&PeriphClkInitStruct) != HAL_OK)
  67:Core/Src/sai.c ****     {
  68:Core/Src/sai.c ****       Error_Handler();
  69:Core/Src/sai.c ****     }
  70:Core/Src/sai.c **** 
  71:Core/Src/sai.c ****     if (SAI1_client == 0)
  72:Core/Src/sai.c ****     {
  73:Core/Src/sai.c ****        __HAL_RCC_SAI1_CLK_ENABLE();
  74:Core/Src/sai.c ****     }
  75:Core/Src/sai.c ****     SAI1_client++;
  76:Core/Src/sai.c **** 
  77:Core/Src/sai.c ****     /* SAI1_A_Block_A GPIO Configuration
  78:Core/Src/sai.c ****        PE4     ------> SAI1_FS_A
  79:Core/Src/sai.c ****        PE5     ------> SAI1_SCK_A
  80:Core/Src/sai.c ****        PE6     ------> SAI1_SD_A
  81:Core/Src/sai.c ****     */
  82:Core/Src/sai.c ****     GPIO_InitStruct.Pin = GPIO_PIN_4|GPIO_PIN_5|GPIO_PIN_6;
  83:Core/Src/sai.c ****     GPIO_InitStruct.Mode = GPIO_MODE_AF_PP;
  84:Core/Src/sai.c ****     GPIO_InitStruct.Pull = GPIO_NOPULL;
  85:Core/Src/sai.c ****     GPIO_InitStruct.Speed = GPIO_SPEED_FREQ_LOW;
  86:Core/Src/sai.c ****     GPIO_InitStruct.Alternate = GPIO_AF6_SAI1;
  87:Core/Src/sai.c ****     HAL_GPIO_Init(GPIOE, &GPIO_InitStruct);
  88:Core/Src/sai.c **** 
  89:Core/Src/sai.c ****     /* DMA setup for SAI1 */
  90:Core/Src/sai.c ****     hdma_sai1_a.Instance = DMA1_Stream0;
  91:Core/Src/sai.c ****     hdma_sai1_a.Init.Request = DMA_REQUEST_SAI1_A;
ARM GAS  C:\msys64\tmp\ccc7QcUd.s 			page 5


  92:Core/Src/sai.c ****     hdma_sai1_a.Init.Direction = DMA_PERIPH_TO_MEMORY;
  93:Core/Src/sai.c ****     hdma_sai1_a.Init.PeriphInc = DMA_PINC_DISABLE;
  94:Core/Src/sai.c ****     hdma_sai1_a.Init.MemInc = DMA_MINC_ENABLE;
  95:Core/Src/sai.c ****     hdma_sai1_a.Init.PeriphDataAlignment = DMA_PDATAALIGN_WORD;
  96:Core/Src/sai.c ****     hdma_sai1_a.Init.MemDataAlignment = DMA_MDATAALIGN_WORD;
  97:Core/Src/sai.c ****     hdma_sai1_a.Init.Mode = DMA_CIRCULAR;
  98:Core/Src/sai.c ****     hdma_sai1_a.Init.Priority = DMA_PRIORITY_LOW;
  99:Core/Src/sai.c ****     hdma_sai1_a.Init.FIFOMode = DMA_FIFOMODE_DISABLE;
 100:Core/Src/sai.c ****     if (HAL_DMA_Init(&hdma_sai1_a) != HAL_OK)
 101:Core/Src/sai.c ****     {
 102:Core/Src/sai.c ****       Error_Handler();
 103:Core/Src/sai.c ****     }
 104:Core/Src/sai.c **** 
 105:Core/Src/sai.c ****     __HAL_LINKDMA(saiHandle, hdmarx, hdma_sai1_a);
 106:Core/Src/sai.c ****     __HAL_LINKDMA(saiHandle, hdmatx, hdma_sai1_a);
 107:Core/Src/sai.c ****   }
 108:Core/Src/sai.c **** }
 140              		.loc 1 108 1 view .LVU36
 141 0018 37B0     		add	sp, sp, #220
 142              	.LCFI3:
 143              		.cfi_remember_state
 144              		.cfi_def_cfa_offset 12
 145              		@ sp needed
 146 001a 30BD     		pop	{r4, r5, pc}
 147              	.LVL5:
 148              	.L13:
 149              	.LCFI4:
 150              		.cfi_restore_state
  64:Core/Src/sai.c ****     PeriphClkInitStruct.Sai1ClockSelection = RCC_SAI1CLKSOURCE_PLL;
 151              		.loc 1 64 5 is_stmt 1 view .LVU37
  64:Core/Src/sai.c ****     PeriphClkInitStruct.Sai1ClockSelection = RCC_SAI1CLKSOURCE_PLL;
 152              		.loc 1 64 46 is_stmt 0 view .LVU38
 153 001c 4FF48072 		mov	r2, #256
 154 0020 0023     		movs	r3, #0
 155 0022 CDE90223 		strd	r2, [sp, #8]
  65:Core/Src/sai.c ****     if (HAL_RCCEx_PeriphCLKConfig(&PeriphClkInitStruct) != HAL_OK)
 156              		.loc 1 65 5 is_stmt 1 view .LVU39
  66:Core/Src/sai.c ****     {
 157              		.loc 1 66 5 view .LVU40
  66:Core/Src/sai.c ****     {
 158              		.loc 1 66 9 is_stmt 0 view .LVU41
 159 0026 02A8     		add	r0, sp, #8
 160 0028 FFF7FEFF 		bl	HAL_RCCEx_PeriphCLKConfig
 161              	.LVL6:
  66:Core/Src/sai.c ****     {
 162              		.loc 1 66 8 discriminator 1 view .LVU42
 163 002c 0028     		cmp	r0, #0
 164 002e 3ED1     		bne	.L14
 165              	.L9:
  71:Core/Src/sai.c ****     {
 166              		.loc 1 71 5 is_stmt 1 view .LVU43
  71:Core/Src/sai.c ****     {
 167              		.loc 1 71 21 is_stmt 0 view .LVU44
 168 0030 234B     		ldr	r3, .L16+4
 169 0032 1B68     		ldr	r3, [r3]
  71:Core/Src/sai.c ****     {
 170              		.loc 1 71 8 view .LVU45
ARM GAS  C:\msys64\tmp\ccc7QcUd.s 			page 6


 171 0034 63B9     		cbnz	r3, .L10
  73:Core/Src/sai.c ****     }
 172              		.loc 1 73 8 is_stmt 1 view .LVU46
 173              	.LBB2:
  73:Core/Src/sai.c ****     }
 174              		.loc 1 73 8 view .LVU47
  73:Core/Src/sai.c ****     }
 175              		.loc 1 73 8 view .LVU48
 176 0036 234A     		ldr	r2, .L16+8
 177 0038 D2F8F010 		ldr	r1, [r2, #240]
 178 003c 41F48001 		orr	r1, r1, #4194304
 179 0040 C2F8F010 		str	r1, [r2, #240]
  73:Core/Src/sai.c ****     }
 180              		.loc 1 73 8 view .LVU49
 181 0044 D2F8F020 		ldr	r2, [r2, #240]
 182 0048 02F48002 		and	r2, r2, #4194304
 183 004c 0192     		str	r2, [sp, #4]
  73:Core/Src/sai.c ****     }
 184              		.loc 1 73 8 view .LVU50
 185 004e 019A     		ldr	r2, [sp, #4]
 186              	.L10:
 187              	.LBE2:
  73:Core/Src/sai.c ****     }
 188              		.loc 1 73 8 view .LVU51
  75:Core/Src/sai.c **** 
 189              		.loc 1 75 5 view .LVU52
  75:Core/Src/sai.c **** 
 190              		.loc 1 75 16 is_stmt 0 view .LVU53
 191 0050 0133     		adds	r3, r3, #1
 192 0052 1B4A     		ldr	r2, .L16+4
 193 0054 1360     		str	r3, [r2]
  82:Core/Src/sai.c ****     GPIO_InitStruct.Mode = GPIO_MODE_AF_PP;
 194              		.loc 1 82 5 is_stmt 1 view .LVU54
  82:Core/Src/sai.c ****     GPIO_InitStruct.Mode = GPIO_MODE_AF_PP;
 195              		.loc 1 82 25 is_stmt 0 view .LVU55
 196 0056 7023     		movs	r3, #112
 197 0058 3193     		str	r3, [sp, #196]
  83:Core/Src/sai.c ****     GPIO_InitStruct.Pull = GPIO_NOPULL;
 198              		.loc 1 83 5 is_stmt 1 view .LVU56
  83:Core/Src/sai.c ****     GPIO_InitStruct.Pull = GPIO_NOPULL;
 199              		.loc 1 83 26 is_stmt 0 view .LVU57
 200 005a 0223     		movs	r3, #2
 201 005c 3293     		str	r3, [sp, #200]
  84:Core/Src/sai.c ****     GPIO_InitStruct.Speed = GPIO_SPEED_FREQ_LOW;
 202              		.loc 1 84 5 is_stmt 1 view .LVU58
  84:Core/Src/sai.c ****     GPIO_InitStruct.Speed = GPIO_SPEED_FREQ_LOW;
 203              		.loc 1 84 26 is_stmt 0 view .LVU59
 204 005e 0025     		movs	r5, #0
 205 0060 3395     		str	r5, [sp, #204]
  85:Core/Src/sai.c ****     GPIO_InitStruct.Alternate = GPIO_AF6_SAI1;
 206              		.loc 1 85 5 is_stmt 1 view .LVU60
  85:Core/Src/sai.c ****     GPIO_InitStruct.Alternate = GPIO_AF6_SAI1;
 207              		.loc 1 85 27 is_stmt 0 view .LVU61
 208 0062 3495     		str	r5, [sp, #208]
  86:Core/Src/sai.c ****     HAL_GPIO_Init(GPIOE, &GPIO_InitStruct);
 209              		.loc 1 86 5 is_stmt 1 view .LVU62
  86:Core/Src/sai.c ****     HAL_GPIO_Init(GPIOE, &GPIO_InitStruct);
ARM GAS  C:\msys64\tmp\ccc7QcUd.s 			page 7


 210              		.loc 1 86 31 is_stmt 0 view .LVU63
 211 0064 0623     		movs	r3, #6
 212 0066 3593     		str	r3, [sp, #212]
  87:Core/Src/sai.c **** 
 213              		.loc 1 87 5 is_stmt 1 view .LVU64
 214 0068 31A9     		add	r1, sp, #196
 215 006a 1748     		ldr	r0, .L16+12
 216 006c FFF7FEFF 		bl	HAL_GPIO_Init
 217              	.LVL7:
  90:Core/Src/sai.c ****     hdma_sai1_a.Init.Request = DMA_REQUEST_SAI1_A;
 218              		.loc 1 90 5 view .LVU65
  90:Core/Src/sai.c ****     hdma_sai1_a.Init.Request = DMA_REQUEST_SAI1_A;
 219              		.loc 1 90 26 is_stmt 0 view .LVU66
 220 0070 1648     		ldr	r0, .L16+16
 221 0072 174B     		ldr	r3, .L16+20
 222 0074 0360     		str	r3, [r0]
  91:Core/Src/sai.c ****     hdma_sai1_a.Init.Direction = DMA_PERIPH_TO_MEMORY;
 223              		.loc 1 91 5 is_stmt 1 view .LVU67
  91:Core/Src/sai.c ****     hdma_sai1_a.Init.Direction = DMA_PERIPH_TO_MEMORY;
 224              		.loc 1 91 30 is_stmt 0 view .LVU68
 225 0076 5723     		movs	r3, #87
 226 0078 4360     		str	r3, [r0, #4]
  92:Core/Src/sai.c ****     hdma_sai1_a.Init.PeriphInc = DMA_PINC_DISABLE;
 227              		.loc 1 92 5 is_stmt 1 view .LVU69
  92:Core/Src/sai.c ****     hdma_sai1_a.Init.PeriphInc = DMA_PINC_DISABLE;
 228              		.loc 1 92 32 is_stmt 0 view .LVU70
 229 007a 8560     		str	r5, [r0, #8]
  93:Core/Src/sai.c ****     hdma_sai1_a.Init.MemInc = DMA_MINC_ENABLE;
 230              		.loc 1 93 5 is_stmt 1 view .LVU71
  93:Core/Src/sai.c ****     hdma_sai1_a.Init.MemInc = DMA_MINC_ENABLE;
 231              		.loc 1 93 32 is_stmt 0 view .LVU72
 232 007c C560     		str	r5, [r0, #12]
  94:Core/Src/sai.c ****     hdma_sai1_a.Init.PeriphDataAlignment = DMA_PDATAALIGN_WORD;
 233              		.loc 1 94 5 is_stmt 1 view .LVU73
  94:Core/Src/sai.c ****     hdma_sai1_a.Init.PeriphDataAlignment = DMA_PDATAALIGN_WORD;
 234              		.loc 1 94 29 is_stmt 0 view .LVU74
 235 007e 4FF48063 		mov	r3, #1024
 236 0082 0361     		str	r3, [r0, #16]
  95:Core/Src/sai.c ****     hdma_sai1_a.Init.MemDataAlignment = DMA_MDATAALIGN_WORD;
 237              		.loc 1 95 5 is_stmt 1 view .LVU75
  95:Core/Src/sai.c ****     hdma_sai1_a.Init.MemDataAlignment = DMA_MDATAALIGN_WORD;
 238              		.loc 1 95 42 is_stmt 0 view .LVU76
 239 0084 4FF48053 		mov	r3, #4096
 240 0088 4361     		str	r3, [r0, #20]
  96:Core/Src/sai.c ****     hdma_sai1_a.Init.Mode = DMA_CIRCULAR;
 241              		.loc 1 96 5 is_stmt 1 view .LVU77
  96:Core/Src/sai.c ****     hdma_sai1_a.Init.Mode = DMA_CIRCULAR;
 242              		.loc 1 96 39 is_stmt 0 view .LVU78
 243 008a 4FF48043 		mov	r3, #16384
 244 008e 8361     		str	r3, [r0, #24]
  97:Core/Src/sai.c ****     hdma_sai1_a.Init.Priority = DMA_PRIORITY_LOW;
 245              		.loc 1 97 5 is_stmt 1 view .LVU79
  97:Core/Src/sai.c ****     hdma_sai1_a.Init.Priority = DMA_PRIORITY_LOW;
 246              		.loc 1 97 27 is_stmt 0 view .LVU80
 247 0090 4FF48073 		mov	r3, #256
 248 0094 C361     		str	r3, [r0, #28]
  98:Core/Src/sai.c ****     hdma_sai1_a.Init.FIFOMode = DMA_FIFOMODE_DISABLE;
ARM GAS  C:\msys64\tmp\ccc7QcUd.s 			page 8


 249              		.loc 1 98 5 is_stmt 1 view .LVU81
  98:Core/Src/sai.c ****     hdma_sai1_a.Init.FIFOMode = DMA_FIFOMODE_DISABLE;
 250              		.loc 1 98 31 is_stmt 0 view .LVU82
 251 0096 0562     		str	r5, [r0, #32]
  99:Core/Src/sai.c ****     if (HAL_DMA_Init(&hdma_sai1_a) != HAL_OK)
 252              		.loc 1 99 5 is_stmt 1 view .LVU83
  99:Core/Src/sai.c ****     if (HAL_DMA_Init(&hdma_sai1_a) != HAL_OK)
 253              		.loc 1 99 31 is_stmt 0 view .LVU84
 254 0098 4562     		str	r5, [r0, #36]
 100:Core/Src/sai.c ****     {
 255              		.loc 1 100 5 is_stmt 1 view .LVU85
 100:Core/Src/sai.c ****     {
 256              		.loc 1 100 9 is_stmt 0 view .LVU86
 257 009a FFF7FEFF 		bl	HAL_DMA_Init
 258              	.LVL8:
 100:Core/Src/sai.c ****     {
 259              		.loc 1 100 8 discriminator 1 view .LVU87
 260 009e 48B9     		cbnz	r0, .L15
 261              	.L11:
 105:Core/Src/sai.c ****     __HAL_LINKDMA(saiHandle, hdmatx, hdma_sai1_a);
 262              		.loc 1 105 5 is_stmt 1 view .LVU88
 105:Core/Src/sai.c ****     __HAL_LINKDMA(saiHandle, hdmatx, hdma_sai1_a);
 263              		.loc 1 105 5 view .LVU89
 264 00a0 0A4B     		ldr	r3, .L16+16
 265 00a2 C4F88430 		str	r3, [r4, #132]
 105:Core/Src/sai.c ****     __HAL_LINKDMA(saiHandle, hdmatx, hdma_sai1_a);
 266              		.loc 1 105 5 view .LVU90
 267 00a6 9C63     		str	r4, [r3, #56]
 105:Core/Src/sai.c ****     __HAL_LINKDMA(saiHandle, hdmatx, hdma_sai1_a);
 268              		.loc 1 105 5 view .LVU91
 106:Core/Src/sai.c ****   }
 269              		.loc 1 106 5 view .LVU92
 106:Core/Src/sai.c ****   }
 270              		.loc 1 106 5 view .LVU93
 271 00a8 C4F88030 		str	r3, [r4, #128]
 106:Core/Src/sai.c ****   }
 272              		.loc 1 106 5 view .LVU94
 106:Core/Src/sai.c ****   }
 273              		.loc 1 106 5 view .LVU95
 274              		.loc 1 108 1 is_stmt 0 view .LVU96
 275 00ac B4E7     		b	.L7
 276              	.L14:
  68:Core/Src/sai.c ****     }
 277              		.loc 1 68 7 is_stmt 1 view .LVU97
 278 00ae FFF7FEFF 		bl	Error_Handler
 279              	.LVL9:
 280 00b2 BDE7     		b	.L9
 281              	.L15:
 102:Core/Src/sai.c ****     }
 282              		.loc 1 102 7 view .LVU98
 283 00b4 FFF7FEFF 		bl	Error_Handler
 284              	.LVL10:
 285 00b8 F2E7     		b	.L11
 286              	.L17:
 287 00ba 00BF     		.align	2
 288              	.L16:
 289 00bc 04580140 		.word	1073829892
ARM GAS  C:\msys64\tmp\ccc7QcUd.s 			page 9


 290 00c0 00000000 		.word	SAI1_client
 291 00c4 00440258 		.word	1476543488
 292 00c8 00100258 		.word	1476530176
 293 00cc 00000000 		.word	hdma_sai1_a
 294 00d0 10000240 		.word	1073872912
 295              		.cfi_endproc
 296              	.LFE148:
 298              		.section	.text.HAL_SAI_MspDeInit,"ax",%progbits
 299              		.align	1
 300              		.global	HAL_SAI_MspDeInit
 301              		.syntax unified
 302              		.thumb
 303              		.thumb_func
 305              	HAL_SAI_MspDeInit:
 306              	.LVL11:
 307              	.LFB149:
 109:Core/Src/sai.c **** 
 110:Core/Src/sai.c **** void HAL_SAI_MspDeInit(SAI_HandleTypeDef* saiHandle)
 111:Core/Src/sai.c **** {
 308              		.loc 1 111 1 view -0
 309              		.cfi_startproc
 310              		@ args = 0, pretend = 0, frame = 0
 311              		@ frame_needed = 0, uses_anonymous_args = 0
 112:Core/Src/sai.c ****   if(saiHandle->Instance == SAI1_Block_A)
 312              		.loc 1 112 3 view .LVU100
 313              		.loc 1 112 15 is_stmt 0 view .LVU101
 314 0000 0268     		ldr	r2, [r0]
 315              		.loc 1 112 5 view .LVU102
 316 0002 0F4B     		ldr	r3, .L26
 317 0004 9A42     		cmp	r2, r3
 318 0006 00D0     		beq	.L25
 319 0008 7047     		bx	lr
 320              	.L25:
 111:Core/Src/sai.c ****   if(saiHandle->Instance == SAI1_Block_A)
 321              		.loc 1 111 1 view .LVU103
 322 000a 10B5     		push	{r4, lr}
 323              	.LCFI5:
 324              		.cfi_def_cfa_offset 8
 325              		.cfi_offset 4, -8
 326              		.cfi_offset 14, -4
 327 000c 0446     		mov	r4, r0
 113:Core/Src/sai.c ****   {
 114:Core/Src/sai.c ****     SAI1_client--;
 328              		.loc 1 114 5 is_stmt 1 view .LVU104
 329              		.loc 1 114 16 is_stmt 0 view .LVU105
 330 000e 0D4A     		ldr	r2, .L26+4
 331 0010 1368     		ldr	r3, [r2]
 332 0012 013B     		subs	r3, r3, #1
 333 0014 1360     		str	r3, [r2]
 115:Core/Src/sai.c ****     if (SAI1_client == 0)
 334              		.loc 1 115 5 is_stmt 1 view .LVU106
 335              		.loc 1 115 8 is_stmt 0 view .LVU107
 336 0016 33B9     		cbnz	r3, .L20
 116:Core/Src/sai.c ****     {
 117:Core/Src/sai.c ****        __HAL_RCC_SAI1_CLK_DISABLE();
 337              		.loc 1 117 8 is_stmt 1 view .LVU108
 338 0018 0B4A     		ldr	r2, .L26+8
ARM GAS  C:\msys64\tmp\ccc7QcUd.s 			page 10


 339 001a D2F8F030 		ldr	r3, [r2, #240]
 340 001e 23F48003 		bic	r3, r3, #4194304
 341 0022 C2F8F030 		str	r3, [r2, #240]
 342              	.L20:
 118:Core/Src/sai.c ****     }
 119:Core/Src/sai.c **** 
 120:Core/Src/sai.c ****     /* Deinit GPIO pins */
 121:Core/Src/sai.c ****     HAL_GPIO_DeInit(GPIOE, GPIO_PIN_4|GPIO_PIN_5|GPIO_PIN_6);
 343              		.loc 1 121 5 view .LVU109
 344 0026 7021     		movs	r1, #112
 345 0028 0848     		ldr	r0, .L26+12
 346              	.LVL12:
 347              		.loc 1 121 5 is_stmt 0 view .LVU110
 348 002a FFF7FEFF 		bl	HAL_GPIO_DeInit
 349              	.LVL13:
 122:Core/Src/sai.c **** 
 123:Core/Src/sai.c ****     /* Deinit DMA */
 124:Core/Src/sai.c ****     HAL_DMA_DeInit(saiHandle->hdmarx);
 350              		.loc 1 124 5 is_stmt 1 view .LVU111
 351 002e D4F88400 		ldr	r0, [r4, #132]
 352 0032 FFF7FEFF 		bl	HAL_DMA_DeInit
 353              	.LVL14:
 125:Core/Src/sai.c ****     HAL_DMA_DeInit(saiHandle->hdmatx);
 354              		.loc 1 125 5 view .LVU112
 355 0036 D4F88000 		ldr	r0, [r4, #128]
 356 003a FFF7FEFF 		bl	HAL_DMA_DeInit
 357              	.LVL15:
 126:Core/Src/sai.c ****   }
 127:Core/Src/sai.c **** }
 358              		.loc 1 127 1 is_stmt 0 view .LVU113
 359 003e 10BD     		pop	{r4, pc}
 360              	.LVL16:
 361              	.L27:
 362              		.loc 1 127 1 view .LVU114
 363              		.align	2
 364              	.L26:
 365 0040 04580140 		.word	1073829892
 366 0044 00000000 		.word	SAI1_client
 367 0048 00440258 		.word	1476543488
 368 004c 00100258 		.word	1476530176
 369              		.cfi_endproc
 370              	.LFE149:
 372              		.section	.bss.SAI1_client,"aw",%nobits
 373              		.align	2
 376              	SAI1_client:
 377 0000 00000000 		.space	4
 378              		.global	hdma_sai1_a
 379              		.section	.bss.hdma_sai1_a,"aw",%nobits
 380              		.align	2
 383              	hdma_sai1_a:
 384 0000 00000000 		.space	120
 384      00000000 
 384      00000000 
 384      00000000 
 384      00000000 
 385              		.global	hsai_BlockA1
 386              		.section	.bss.hsai_BlockA1,"aw",%nobits
ARM GAS  C:\msys64\tmp\ccc7QcUd.s 			page 11


 387              		.align	2
 390              	hsai_BlockA1:
 391 0000 00000000 		.space	152
 391      00000000 
 391      00000000 
 391      00000000 
 391      00000000 
 392              		.text
 393              	.Letext0:
 394              		.file 2 "C:/Program Files (x86)/Arm GNU Toolchain arm-none-eabi/14.3 rel1/arm-none-eabi/include/ma
 395              		.file 3 "C:/Program Files (x86)/Arm GNU Toolchain arm-none-eabi/14.3 rel1/arm-none-eabi/include/sy
 396              		.file 4 "Drivers/CMSIS/Device/ST/STM32H7xx/Include/stm32h723xx.h"
 397              		.file 5 "Drivers/CMSIS/Device/ST/STM32H7xx/Include/stm32h7xx.h"
 398              		.file 6 "Drivers/STM32H7xx_HAL_Driver/Inc/stm32h7xx_hal_def.h"
 399              		.file 7 "Drivers/STM32H7xx_HAL_Driver/Inc/stm32h7xx_hal_rcc_ex.h"
 400              		.file 8 "Drivers/STM32H7xx_HAL_Driver/Inc/stm32h7xx_hal_gpio.h"
 401              		.file 9 "Drivers/STM32H7xx_HAL_Driver/Inc/stm32h7xx_hal_dma.h"
 402              		.file 10 "Drivers/STM32H7xx_HAL_Driver/Inc/stm32h7xx_hal_sai.h"
 403              		.file 11 "Core/Inc/sai.h"
 404              		.file 12 "Core/Inc/main.h"
 405              		.file 13 "<built-in>"
ARM GAS  C:\msys64\tmp\ccc7QcUd.s 			page 12


DEFINED SYMBOLS
                            *ABS*:00000000 sai.c
C:\msys64\tmp\ccc7QcUd.s:20     .text.MX_SAI1_Init:00000000 $t
C:\msys64\tmp\ccc7QcUd.s:26     .text.MX_SAI1_Init:00000000 MX_SAI1_Init
C:\msys64\tmp\ccc7QcUd.s:92     .text.MX_SAI1_Init:00000034 $d
C:\msys64\tmp\ccc7QcUd.s:390    .bss.hsai_BlockA1:00000000 hsai_BlockA1
C:\msys64\tmp\ccc7QcUd.s:98     .text.HAL_SAI_MspInit:00000000 $t
C:\msys64\tmp\ccc7QcUd.s:104    .text.HAL_SAI_MspInit:00000000 HAL_SAI_MspInit
C:\msys64\tmp\ccc7QcUd.s:289    .text.HAL_SAI_MspInit:000000bc $d
C:\msys64\tmp\ccc7QcUd.s:376    .bss.SAI1_client:00000000 SAI1_client
C:\msys64\tmp\ccc7QcUd.s:383    .bss.hdma_sai1_a:00000000 hdma_sai1_a
C:\msys64\tmp\ccc7QcUd.s:299    .text.HAL_SAI_MspDeInit:00000000 $t
C:\msys64\tmp\ccc7QcUd.s:305    .text.HAL_SAI_MspDeInit:00000000 HAL_SAI_MspDeInit
C:\msys64\tmp\ccc7QcUd.s:365    .text.HAL_SAI_MspDeInit:00000040 $d
C:\msys64\tmp\ccc7QcUd.s:373    .bss.SAI1_client:00000000 $d
C:\msys64\tmp\ccc7QcUd.s:380    .bss.hdma_sai1_a:00000000 $d
C:\msys64\tmp\ccc7QcUd.s:387    .bss.hsai_BlockA1:00000000 $d

UNDEFINED SYMBOLS
HAL_SAI_InitProtocol
Error_Handler
memset
HAL_RCCEx_PeriphCLKConfig
HAL_GPIO_Init
HAL_DMA_Init
HAL_GPIO_DeInit
HAL_DMA_DeInit
