Archive member included to satisfy reference by file (symbol)

C:/Program Files (x86)/Arm GNU Toolchain arm-none-eabi/14.3 rel1/bin/../lib/gcc/arm-none-eabi/14.3.1/../../../../arm-none-eabi/lib/thumb/v7e-m+dp/hard\libc_nano.a(libc_a-exit.o)
                              C:/Program Files (x86)/Arm GNU Toolchain arm-none-eabi/14.3 rel1/bin/../lib/gcc/arm-none-eabi/14.3.1/../../../../arm-none-eabi/lib/thumb/v7e-m+dp/hard/crt0.o (exit)
C:/Program Files (x86)/Arm GNU Toolchain arm-none-eabi/14.3 rel1/bin/../lib/gcc/arm-none-eabi/14.3.1/../../../../arm-none-eabi/lib/thumb/v7e-m+dp/hard\libc_nano.a(libc_a-findfp.o)
                              C:/Program Files (x86)/Arm GNU Toolchain arm-none-eabi/14.3 rel1/bin/../lib/gcc/arm-none-eabi/14.3.1/../../../../arm-none-eabi/lib/thumb/v7e-m+dp/hard\libc_nano.a(libc_a-exit.o) (__stdio_exit_handler)
C:/Program Files (x86)/Arm GNU Toolchain arm-none-eabi/14.3 rel1/bin/../lib/gcc/arm-none-eabi/14.3.1/../../../../arm-none-eabi/lib/thumb/v7e-m+dp/hard\libc_nano.a(libc_a-fwalk.o)
                              C:/Program Files (x86)/Arm GNU Toolchain arm-none-eabi/14.3 rel1/bin/../lib/gcc/arm-none-eabi/14.3.1/../../../../arm-none-eabi/lib/thumb/v7e-m+dp/hard\libc_nano.a(libc_a-findfp.o) (_fwalk_sglue)
C:/Program Files (x86)/Arm GNU Toolchain arm-none-eabi/14.3 rel1/bin/../lib/gcc/arm-none-eabi/14.3.1/../../../../arm-none-eabi/lib/thumb/v7e-m+dp/hard\libc_nano.a(libc_a-stdio.o)
                              C:/Program Files (x86)/Arm GNU Toolchain arm-none-eabi/14.3 rel1/bin/../lib/gcc/arm-none-eabi/14.3.1/../../../../arm-none-eabi/lib/thumb/v7e-m+dp/hard\libc_nano.a(libc_a-findfp.o) (__sread)
C:/Program Files (x86)/Arm GNU Toolchain arm-none-eabi/14.3 rel1/bin/../lib/gcc/arm-none-eabi/14.3.1/../../../../arm-none-eabi/lib/thumb/v7e-m+dp/hard\libc_nano.a(libc_a-memset.o)
                              C:/Program Files (x86)/Arm GNU Toolchain arm-none-eabi/14.3 rel1/bin/../lib/gcc/arm-none-eabi/14.3.1/../../../../arm-none-eabi/lib/thumb/v7e-m+dp/hard/crt0.o (memset)
C:/Program Files (x86)/Arm GNU Toolchain arm-none-eabi/14.3 rel1/bin/../lib/gcc/arm-none-eabi/14.3.1/../../../../arm-none-eabi/lib/thumb/v7e-m+dp/hard\libc_nano.a(libc_a-closer.o)
                              C:/Program Files (x86)/Arm GNU Toolchain arm-none-eabi/14.3 rel1/bin/../lib/gcc/arm-none-eabi/14.3.1/../../../../arm-none-eabi/lib/thumb/v7e-m+dp/hard\libc_nano.a(libc_a-stdio.o) (_close_r)
C:/Program Files (x86)/Arm GNU Toolchain arm-none-eabi/14.3 rel1/bin/../lib/gcc/arm-none-eabi/14.3.1/../../../../arm-none-eabi/lib/thumb/v7e-m+dp/hard\libc_nano.a(libc_a-reent.o)
                              C:/Program Files (x86)/Arm GNU Toolchain arm-none-eabi/14.3 rel1/bin/../lib/gcc/arm-none-eabi/14.3.1/../../../../arm-none-eabi/lib/thumb/v7e-m+dp/hard\libc_nano.a(libc_a-closer.o) (errno)
C:/Program Files (x86)/Arm GNU Toolchain arm-none-eabi/14.3 rel1/bin/../lib/gcc/arm-none-eabi/14.3.1/../../../../arm-none-eabi/lib/thumb/v7e-m+dp/hard\libc_nano.a(libc_a-impure.o)
                              C:/Program Files (x86)/Arm GNU Toolchain arm-none-eabi/14.3 rel1/bin/../lib/gcc/arm-none-eabi/14.3.1/../../../../arm-none-eabi/lib/thumb/v7e-m+dp/hard\libc_nano.a(libc_a-reent.o) (_impure_ptr)
C:/Program Files (x86)/Arm GNU Toolchain arm-none-eabi/14.3 rel1/bin/../lib/gcc/arm-none-eabi/14.3.1/../../../../arm-none-eabi/lib/thumb/v7e-m+dp/hard\libc_nano.a(libc_a-lseekr.o)
                              C:/Program Files (x86)/Arm GNU Toolchain arm-none-eabi/14.3 rel1/bin/../lib/gcc/arm-none-eabi/14.3.1/../../../../arm-none-eabi/lib/thumb/v7e-m+dp/hard\libc_nano.a(libc_a-stdio.o) (_lseek_r)
C:/Program Files (x86)/Arm GNU Toolchain arm-none-eabi/14.3 rel1/bin/../lib/gcc/arm-none-eabi/14.3.1/../../../../arm-none-eabi/lib/thumb/v7e-m+dp/hard\libc_nano.a(libc_a-readr.o)
                              C:/Program Files (x86)/Arm GNU Toolchain arm-none-eabi/14.3 rel1/bin/../lib/gcc/arm-none-eabi/14.3.1/../../../../arm-none-eabi/lib/thumb/v7e-m+dp/hard\libc_nano.a(libc_a-stdio.o) (_read_r)
C:/Program Files (x86)/Arm GNU Toolchain arm-none-eabi/14.3 rel1/bin/../lib/gcc/arm-none-eabi/14.3.1/../../../../arm-none-eabi/lib/thumb/v7e-m+dp/hard\libc_nano.a(libc_a-writer.o)
                              C:/Program Files (x86)/Arm GNU Toolchain arm-none-eabi/14.3 rel1/bin/../lib/gcc/arm-none-eabi/14.3.1/../../../../arm-none-eabi/lib/thumb/v7e-m+dp/hard\libc_nano.a(libc_a-stdio.o) (_write_r)
C:/Program Files (x86)/Arm GNU Toolchain arm-none-eabi/14.3 rel1/bin/../lib/gcc/arm-none-eabi/14.3.1/../../../../arm-none-eabi/lib/thumb/v7e-m+dp/hard\libc_nano.a(libc_a-errno.o)
                              build/sysmem.o (__errno)
C:/Program Files (x86)/Arm GNU Toolchain arm-none-eabi/14.3 rel1/bin/../lib/gcc/arm-none-eabi/14.3.1/../../../../arm-none-eabi/lib/thumb/v7e-m+dp/hard\libc_nano.a(libc_a-init.o)
[...]
Memory Configuration

Name             Origin             Length             Attributes
DTCMRAM          0x20000000         0x00020000         xrw
RAM_D1           0x24000000         0x00050000         xrw
RAM_D2           0x30000000         0x00008000         xrw
RAM_D3           0x38000000         0x00004000         xrw
ITCMRAM          0x00000000         0x00010000         xrw
FLASH            0x08000000         0x00100000         xr
*default*        0x00000000         0xffffffff

Linker script and memory map

LOAD C:/Program Files (x86)/Arm GNU Toolchain arm-none-eabi/14.3 rel1/bin/../lib/gcc/arm-none-eabi/14.3.1/thumb/v7e-m+dp/hard/crti.o
LOAD C:/Program Files (x86)/Arm GNU Toolchain arm-none-eabi/14.3 rel1/bin/../lib/gcc/arm-none-eabi/14.3.1/thumb/v7e-m+dp/hard/crtbegin.o
LOAD C:/Program Files (x86)/Arm GNU Toolchain arm-none-eabi/14.3 rel1/bin/../lib/gcc/arm-none-eabi/14.3.1/../../../../arm-none-eabi/lib/thumb/v7e-m+dp/hard/crt0.o
LOAD build/main.o
LOAD build/gpio.o
LOAD build/spi.o
LOAD build/stm32h7xx_it.o
LOAD build/stm32h7xx_hal_msp.o
LOAD build/system_stm32h7xx.o
LOAD build/sysmem.o
LOAD build/syscalls.o
LOAD build/i2s_audio.o
LOAD build/i2c.o
LOAD build/usart.o
LOAD build/sai.o
LOAD build/stm32h7xx_nucleo.o
LOAD build/stm32h7xx_hal_cortex.o
LOAD build/stm32h7xx_hal_i2c.o
LOAD build/stm32h7xx_hal_i2c_ex.o
LOAD build/stm32h7xx_hal_rcc.o
LOAD build/stm32h7xx_hal_rcc_ex.o
LOAD build/stm32h7xx_hal_flash.o
LOAD build/stm32h7xx_hal_flash_ex.o
LOAD build/stm32h7xx_hal_gpio.o
LOAD build/stm32h7xx_hal_hsem.o
LOAD build/stm32h7xx_hal_dma.o
LOAD build/stm32h7xx_hal_dma_ex.o
LOAD build/stm32h7xx_hal_mdma.o
LOAD build/stm32h7xx_hal_pwr.o
LOAD build/stm32h7xx_hal_pwr_ex.o
LOAD build/stm32h7xx_hal.o
LOAD build/stm32h7xx_hal_exti.o
LOAD build/stm32h7xx_hal_sai.o
LOAD build/stm32h7xx_hal_spi.o
LOAD build/stm32h7xx_hal_spi_ex.o
LOAD build/stm32h7xx_hal_tim.o
LOAD build/stm32h7xx_hal_tim_ex.o
LOAD build/stm32h7xx_hal_uart.o
LOAD build/stm32h7xx_hal_uart_ex.o
LOAD build/stm32h7xx_hal_usart.o
LOAD build/stm32h7xx_hal_usart_ex.o
LOAD build/startup_stm32h723xx.o
LOAD C:/Program Files (x86)/Arm GNU Toolchain arm-none-eabi/14.3 rel1/bin/../lib/gcc/arm-none-eabi/14.3.1/../../../../arm-none-eabi/lib/thumb/v7e-m+dp/hard\libc_nano.a
LOAD C:/Program Files (x86)/Arm GNU Toolchain arm-none-eabi/14.3 rel1/bin/../lib/gcc/arm-none-eabi/14.3.1/../../../../arm-none-eabi/lib/thumb/v7e-m+dp/hard\libm.a
LOAD C:/Program Files (x86)/Arm GNU Toolchain arm-none-eabi/14.3 rel1/bin/../lib/gcc/arm-none-eabi/14.3.1/../../../../arm-none-eabi/lib/thumb/v7e-m+dp/hard\libnosys.a
START GROUP
LOAD C:/Program Files (x86)/Arm GNU Toolchain arm-none-eabi/14.3 rel1/bin/../lib/gcc/arm-none-eabi/14.3.1/thumb/v7e-m+dp/hard\libgcc.a
LOAD C:/Program Files (x86)/Arm GNU Toolchain arm-none-eabi/14.3 rel1/bin/../lib/gcc/arm-none-eabi/14.3.1/../../../../arm-none-eabi/lib/thumb/v7e-m+dp/hard\libc_nano.a
END GROUP
START GROUP
LOAD C:/Program Files (x86)/Arm GNU Toolchain arm-none-eabi/14.3 rel1/bin/../lib/gcc/arm-none-eabi/14.3.1/thumb/v7e-m+dp/hard\libgcc.a
LOAD C:/Program Files (x86)/Arm GNU Toolchain arm-none-eabi/14.3 rel1/bin/../lib/gcc/arm-none-eabi/14.3.1/../../../../arm-none-eabi/lib/thumb/v7e-m+dp/hard\libc_nano.a
END GROUP
LOAD C:/Program Files (x86)/Arm GNU Toolchain arm-none-eabi/14.3 rel1/bin/../lib/gcc/arm-none-eabi/14.3.1/thumb/v7e-m+dp/hard/crtend.o
LOAD C:/Program Files (x86)/Arm GNU Toolchain arm-none-eabi/14.3 rel1/bin/../lib/gcc/arm-none-eabi/14.3.1/thumb/v7e-m+dp/hard/crtn.o
                0x20020000                        _estack = (ORIGIN (DTCMRAM) + LENGTH (DTCMRAM))
                0x00000200                        _Min_Heap_Size = 0x200
                0x00000400                        _Min_Stack_Size = 0x400

.isr_vector     0x08000000      0x2cc
                0x08000000                        . = ALIGN (0x4)
 *(.isr_vector)
 .isr_vector    0x08000000      0x2cc build/startup_stm32h723xx.o
                0x08000000                g_pfnVectors
                0x080002cc                        . = ALIGN (0x4)

.text           0x080002cc     0x4c30
                0x080002cc                        . = ALIGN (0x4)
 *(.text)
 .text          0x080002cc       0x30 C:/Program Files (x86)/Arm GNU Toolchain arm-none-eabi/14.3 rel1/bin/../lib/gcc/arm-none-eabi/14.3.1/thumb/v7e-m+dp/hard\libgcc.a(_aeabi_uldivmod.o)
                0x080002cc                __aeabi_uldivmod
 .text          0x080002fc        0x4 C:/Program Files (x86)/Arm GNU Toolchain arm-none-eabi/14.3 rel1/bin/../lib/gcc/arm-none-eabi/14.3.1/thumb/v7e-m+dp/hard\libgcc.a(_dvmd_tls.o)
                0x080002fc                __aeabi_idiv0
                0x080002fc                __aeabi_ldiv0
 *(.text*)
 .text.deregister_tm_clones
                0x08000300       0x1c C:/Program Files (x86)/Arm GNU Toolchain arm-none-eabi/14.3 rel1/bin/../lib/gcc/arm-none-eabi/14.3.1/thumb/v7e-m+dp/hard/crtbegin.o
 .text.register_tm_clones
                0x0800031c       0x24 C:/Program Files (x86)/Arm GNU Toolchain arm-none-eabi/14.3 rel1/bin/../lib/gcc/arm-none-eabi/14.3.1/thumb/v7e-m+dp/hard/crtbegin.o
 .text.__do_global_dtors_aux
                0x08000340       0x28 C:/Program Files (x86)/Arm GNU Toolchain arm-none-eabi/14.3 rel1/bin/../lib/gcc/arm-none-eabi/14.3.1/thumb/v7e-m+dp/hard/crtbegin.o
 .text.frame_dummy
                0x08000368       0x24 C:/Program Files (x86)/Arm GNU Toolchain arm-none-eabi/14.3 rel1/bin/../lib/gcc/arm-none-eabi/14.3.1/thumb/v7e-m+dp/hard/crtbegin.o
 .text.MPU_Config
                0x0800038c       0x52 build/main.o
 *fill*         0x080003de        0x2 
 .text.SystemClock_Config
                0x080003e0       0x9c build/main.o
                0x080003e0                SystemClock_Config
 .text.main     0x0800047c       0x70 build/main.o
                0x0800047c                main
 .text.BSP_PB_Callback
                0x080004ec       0x10 build/main.o
                0x080004ec                BSP_PB_Callback
 .text.Error_Handler
                0x080004fc        0x2 build/main.o
                0x080004fc                Error_Handler
 *fill*         0x080004fe        0x2 
 .text.MX_GPIO_Init
                0x08000500       0x9c build/gpio.o
                0x08000500                MX_GPIO_Init
 .text.MX_SPI1_Init
                0x0800059c       0x58 build/spi.o
                0x0800059c                MX_SPI1_Init
 .text.MX_SPI2_Init
                0x080005f4       0x58 build/spi.o
                0x080005f4                MX_SPI2_Init
 .text.MX_SPI3_Init
                0x0800064c       0x58 build/spi.o
                0x0800064c                MX_SPI3_Init
 .text.HAL_SPI_MspInit
                0x080006a4      0x1e8 build/spi.o
                0x080006a4                HAL_SPI_MspInit
 .text.NMI_Handler
                0x0800088c        0x2 build/stm32h7xx_it.o
                0x0800088c                NMI_Handler
 .text.HardFault_Handler
                0x0800088e        0x2 build/stm32h7xx_it.o
                0x0800088e                HardFault_Handler
 .text.MemManage_Handler
                0x08000890        0x2 build/stm32h7xx_it.o
                0x08000890                MemManage_Handler
 .text.BusFault_Handler
                0x08000892        0x2 build/stm32h7xx_it.o
                0x08000892                BusFault_Handler
 .text.UsageFault_Handler
                0x08000894        0x2 build/stm32h7xx_it.o
                0x08000894                UsageFault_Handler
 .text.SVC_Handler
                0x08000896        0x2 build/stm32h7xx_it.o
                0x08000896                SVC_Handler
 .text.DebugMon_Handler
                0x08000898        0x2 build/stm32h7xx_it.o
                0x08000898                DebugMon_Handler
 .text.PendSV_Handler
                0x0800089a        0x2 build/stm32h7xx_it.o
                0x0800089a                PendSV_Handler
 .text.SysTick_Handler
                0x0800089c        0x8 build/stm32h7xx_it.o
                0x0800089c                SysTick_Handler
 .text.EXTI15_10_IRQHandler
                0x080008a4        0xa build/stm32h7xx_it.o
                0x080008a4                EXTI15_10_IRQHandler
 *fill*         0x080008ae        0x2 
 .text.HAL_MspInit
                0x080008b0       0x24 build/stm32h7xx_hal_msp.o
                0x080008b0                HAL_MspInit
 .text.SystemInit
                0x080008d4       0xd0 build/system_stm32h7xx.o
                0x080008d4                SystemInit
 .text.ExitRun0Mode
                0x080009a4       0x1c build/system_stm32h7xx.o
                0x080009a4                ExitRun0Mode
 .text.MX_I2C1_Init
                0x080009c0       0x58 build/i2c.o
                0x080009c0                MX_I2C1_Init
 .text.MX_I2C2_Init
                0x08000a18       0x58 build/i2c.o
                0x08000a18                MX_I2C2_Init
 .text.HAL_I2C_MspInit
                0x08000a70      0x108 build/i2c.o
                0x08000a70                HAL_I2C_MspInit
 .text.MX_UART4_Init
                0x08000b78       0x68 build/usart.o
                0x08000b78                MX_UART4_Init
 .text.MX_USART1_UART_Init
                0x08000be0       0x68 build/usart.o
                0x08000be0                MX_USART1_UART_Init
 .text.HAL_UART_MspInit
                0x08000c48      0x140 build/usart.o
                0x08000c48                HAL_UART_MspInit
 .text.MX_SAI1_Init
                0x08000d88       0x68 build/sai.o
                0x08000d88                MX_SAI1_Init
 .text.MX_SAI4_Init
                0x08000df0       0x68 build/sai.o
                0x08000df0                MX_SAI4_Init
 .text.HAL_SAI_MspInit
                0x08000e58       0xfc build/sai.o
                0x08000e58                HAL_SAI_MspInit
 .text.COM1_MspInit
                0x08000f54       0x8c build/stm32h7xx_nucleo.o
 .text.BSP_LED_Init
                0x08000fe0       0xa4 build/stm32h7xx_nucleo.o
                0x08000fe0                BSP_LED_Init
 .text.BSP_PB_Init
                0x08001084       0x8c build/stm32h7xx_nucleo.o
                0x08001084                BSP_PB_Init
 .text.BSP_PB_IRQHandler
                0x08001110       0x14 build/stm32h7xx_nucleo.o
                0x08001110                BSP_PB_IRQHandler
 .text.BUTTON_USER_EXTI_Callback
                0x08001124        0xa build/stm32h7xx_nucleo.o
 *fill*         0x0800112e        0x2 
 .text.MX_USART3_Init
                0x08001130       0x30 build/stm32h7xx_nucleo.o
                0x08001130                MX_USART3_Init
 .text.BSP_COM_Init
                0x08001160       0x30 build/stm32h7xx_nucleo.o
                0x08001160                BSP_COM_Init
 .text.__NVIC_EnableIRQ
                0x08001190       0x1c build/stm32h7xx_hal_cortex.o
 .text.__NVIC_SetPriority
                0x080011ac       0x24 build/stm32h7xx_hal_cortex.o
 .text.NVIC_EncodePriority
                0x080011d0       0x3e build/stm32h7xx_hal_cortex.o
 *fill*         0x0800120e        0x2 
 .text.HAL_NVIC_SetPriorityGrouping
                0x08001210       0x24 build/stm32h7xx_hal_cortex.o
                0x08001210                HAL_NVIC_SetPriorityGrouping
 .text.HAL_NVIC_SetPriority
                0x08001234       0x20 build/stm32h7xx_hal_cortex.o
                0x08001234                HAL_NVIC_SetPriority
 .text.HAL_NVIC_EnableIRQ
                0x08001254        0x8 build/stm32h7xx_hal_cortex.o
                0x08001254                HAL_NVIC_EnableIRQ
 .text.HAL_SYSTICK_Config
                0x0800125c       0x28 build/stm32h7xx_hal_cortex.o
                0x0800125c                HAL_SYSTICK_Config
 .text.HAL_MPU_Disable
                0x08001284       0x1c build/stm32h7xx_hal_cortex.o
                0x08001284                HAL_MPU_Disable
 .text.HAL_MPU_Enable
                0x080012a0       0x20 build/stm32h7xx_hal_cortex.o
                0x080012a0                HAL_MPU_Enable
 .text.HAL_MPU_ConfigRegion
                0x080012c0       0x58 build/stm32h7xx_hal_cortex.o
                0x080012c0                HAL_MPU_ConfigRegion
 .text.HAL_I2C_Init
                0x08001318       0xc8 build/stm32h7xx_hal_i2c.o
                0x08001318                HAL_I2C_Init
 .text.HAL_I2CEx_ConfigAnalogFilter
                0x080013e0       0x5a build/stm32h7xx_hal_i2c_ex.o
                0x080013e0                HAL_I2CEx_ConfigAnalogFilter
 .text.HAL_I2CEx_ConfigDigitalFilter
                0x0800143a       0x56 build/stm32h7xx_hal_i2c_ex.o
                0x0800143a                HAL_I2CEx_ConfigDigitalFilter
 .text.HAL_RCC_OscConfig
                0x08001490      0x5e4 build/stm32h7xx_hal_rcc.o
                0x08001490                HAL_RCC_OscConfig
 .text.HAL_RCC_GetSysClockFreq
                0x08001a74      0x1f8 build/stm32h7xx_hal_rcc.o
                0x08001a74                HAL_RCC_GetSysClockFreq
 .text.HAL_RCC_ClockConfig
                0x08001c6c      0x294 build/stm32h7xx_hal_rcc.o
                0x08001c6c                HAL_RCC_ClockConfig
 .text.HAL_RCC_GetHCLKFreq
                0x08001f00       0x44 build/stm32h7xx_hal_rcc.o
                0x08001f00                HAL_RCC_GetHCLKFreq
 .text.HAL_RCC_GetPCLK1Freq
                0x08001f44       0x24 build/stm32h7xx_hal_rcc.o
                0x08001f44                HAL_RCC_GetPCLK1Freq
 .text.HAL_RCC_GetPCLK2Freq
                0x08001f68       0x24 build/stm32h7xx_hal_rcc.o
                0x08001f68                HAL_RCC_GetPCLK2Freq
 .text.RCCEx_PLL2_Config
                0x08001f8c      0x108 build/stm32h7xx_hal_rcc_ex.o
 .text.RCCEx_PLL3_Config
                0x08002094      0x108 build/stm32h7xx_hal_rcc_ex.o
 .text.HAL_RCCEx_PeriphCLKConfig
                0x0800219c      0xa38 build/stm32h7xx_hal_rcc_ex.o
                0x0800219c                HAL_RCCEx_PeriphCLKConfig
 .text.HAL_RCCEx_GetD3PCLK1Freq
                0x08002bd4       0x24 build/stm32h7xx_hal_rcc_ex.o
                0x08002bd4                HAL_RCCEx_GetD3PCLK1Freq
 .text.HAL_RCCEx_GetPLL2ClockFreq
                0x08002bf8      0x200 build/stm32h7xx_hal_rcc_ex.o
                0x08002bf8                HAL_RCCEx_GetPLL2ClockFreq
 .text.HAL_RCCEx_GetPLL3ClockFreq
                0x08002df8      0x200 build/stm32h7xx_hal_rcc_ex.o
                0x08002df8                HAL_RCCEx_GetPLL3ClockFreq
 .text.HAL_RCCEx_GetPLL1ClockFreq
                0x08002ff8      0x200 build/stm32h7xx_hal_rcc_ex.o
                0x08002ff8                HAL_RCCEx_GetPLL1ClockFreq
 .text.HAL_RCCEx_GetPeriphCLKFreq
                0x080031f8      0x608 build/stm32h7xx_hal_rcc_ex.o
                0x080031f8                HAL_RCCEx_GetPeriphCLKFreq
 .text.HAL_GPIO_Init
                0x08003800      0x214 build/stm32h7xx_hal_gpio.o
                0x08003800                HAL_GPIO_Init
 .text.HAL_GPIO_WritePin
                0x08003a14        0xc build/stm32h7xx_hal_gpio.o
                0x08003a14                HAL_GPIO_WritePin
 .text.HAL_PWREx_ConfigSupply
                0x08003a20       0x54 build/stm32h7xx_hal_pwr_ex.o
                0x08003a20                HAL_PWREx_ConfigSupply
 .text.HAL_InitTick
                0x08003a74       0x50 build/stm32h7xx_hal.o
                0x08003a74                HAL_InitTick
 .text.HAL_Init
                0x08003ac4       0x5c build/stm32h7xx_hal.o
                0x08003ac4                HAL_Init
 .text.HAL_IncTick
                0x08003b20       0x18 build/stm32h7xx_hal.o
                0x08003b20                HAL_IncTick
 .text.HAL_GetTick
                0x08003b38        0xc build/stm32h7xx_hal.o
                0x08003b38                HAL_GetTick
 .text.HAL_EXTI_RegisterCallback
                0x08003b44       0x12 build/stm32h7xx_hal_exti.o
                0x08003b44                HAL_EXTI_RegisterCallback
 .text.HAL_EXTI_GetHandle
                0x08003b56        0xc build/stm32h7xx_hal_exti.o
                0x08003b56                HAL_EXTI_GetHandle
 *fill*         0x08003b62        0x2 
 .text.HAL_EXTI_IRQHandler
                0x08003b64       0x28 build/stm32h7xx_hal_exti.o
                0x08003b64                HAL_EXTI_IRQHandler
 .text.SAI_Disable
                0x08003b8c       0x44 build/stm32h7xx_hal_sai.o
 .text.HAL_SAI_Init
                0x08003bd0      0x2f8 build/stm32h7xx_hal_sai.o
                0x08003bd0                HAL_SAI_Init
 .text.SPI_GetPacketSize
                0x08003ec8       0x10 build/stm32h7xx_hal_spi.o
 .text.HAL_SPI_Init
                0x08003ed8      0x190 build/stm32h7xx_hal_spi.o
                0x08003ed8                HAL_SPI_Init
 .text.UART_EndRxTransfer
                0x08004068       0x58 build/stm32h7xx_hal_uart.o
 .text.UART_SetConfig
                0x080040c0      0x6bc build/stm32h7xx_hal_uart.o
                0x080040c0                UART_SetConfig
 .text.UART_AdvFeatureConfig
                0x0800477c       0xca build/stm32h7xx_hal_uart.o
                0x0800477c                UART_AdvFeatureConfig
 .text.UART_WaitOnFlagUntilTimeout
                0x08004846       0xa6 build/stm32h7xx_hal_uart.o
                0x08004846                UART_WaitOnFlagUntilTimeout
 .text.UART_CheckIdleState
                0x080048ec       0xca build/stm32h7xx_hal_uart.o
                0x080048ec                UART_CheckIdleState
 .text.HAL_UART_Init
                0x080049b6       0x66 build/stm32h7xx_hal_uart.o
                0x080049b6                HAL_UART_Init
 .text.UARTEx_SetNbDataToProcess
                0x08004a1c       0x4c build/stm32h7xx_hal_uart_ex.o
 .text.HAL_UARTEx_DisableFifoMode
                0x08004a68       0x3e build/stm32h7xx_hal_uart_ex.o
                0x08004a68                HAL_UARTEx_DisableFifoMode
 .text.HAL_UARTEx_SetTxFifoThreshold
                0x08004aa6       0x4a build/stm32h7xx_hal_uart_ex.o
                0x08004aa6                HAL_UARTEx_SetTxFifoThreshold
 .text.HAL_UARTEx_SetRxFifoThreshold
                0x08004af0       0x4a build/stm32h7xx_hal_uart_ex.o
                0x08004af0                HAL_UARTEx_SetRxFifoThreshold
 *fill*         0x08004b3a        0x2 
 .text.Reset_Handler
                0x08004b3c       0x54 build/startup_stm32h723xx.o
                0x08004b3c                Reset_Handler
 .text.Default_Handler
                0x08004b90        0x2 build/startup_stm32h723xx.o
                0x08004b90                RTC_Alarm_IRQHandler
                0x08004b90                EXTI2_IRQHandler
                0x08004b90                TIM8_CC_IRQHandler
                0x08004b90                UART8_IRQHandler
                0x08004b90                SPI4_IRQHandler
                0x08004b90                FDCAN3_IT0_IRQHandler
                0x08004b90                TIM1_CC_IRQHandler
                0x08004b90                BDMA_Channel6_IRQHandler
                0x08004b90                DMA2_Stream5_IRQHandler
                0x08004b90                DMA1_Stream5_IRQHandler
                0x08004b90                CORDIC_IRQHandler
                0x08004b90                BDMA_Channel1_IRQHandler
                0x08004b90                TAMP_STAMP_IRQHandler
                0x08004b90                EXTI3_IRQHandler
                0x08004b90                LPTIM4_IRQHandler
                0x08004b90                TIM8_TRG_COM_TIM14_IRQHandler
                0x08004b90                LPTIM2_IRQHandler
                0x08004b90                DFSDM1_FLT1_IRQHandler
                0x08004b90                DMAMUX2_OVR_IRQHandler
                0x08004b90                TIM8_UP_TIM13_IRQHandler
                0x08004b90                I2C3_ER_IRQHandler
                0x08004b90                DFSDM1_FLT2_IRQHandler
                0x08004b90                I2C5_EV_IRQHandler
                0x08004b90                USART10_IRQHandler
                0x08004b90                MDMA_IRQHandler
                0x08004b90                LPTIM3_IRQHandler
                0x08004b90                HSEM1_IRQHandler
                0x08004b90                EXTI0_IRQHandler
                0x08004b90                I2C2_EV_IRQHandler
                0x08004b90                DMA1_Stream2_IRQHandler
                0x08004b90                FPU_IRQHandler
                0x08004b90                OTG_HS_WKUP_IRQHandler
                0x08004b90                FDCAN1_IT1_IRQHandler
                0x08004b90                LTDC_ER_IRQHandler
                0x08004b90                DMA2_Stream2_IRQHandler
                0x08004b90                SPI1_IRQHandler
                0x08004b90                OCTOSPI1_IRQHandler
                0x08004b90                TIM6_DAC_IRQHandler
                0x08004b90                DMA2_Stream3_IRQHandler
                0x08004b90                OCTOSPI2_IRQHandler
                0x08004b90                DFSDM1_FLT3_IRQHandler
                0x08004b90                TIM23_IRQHandler
                0x08004b90                USART6_IRQHandler
                0x08004b90                TIM17_IRQHandler
                0x08004b90                USART3_IRQHandler
                0x08004b90                BDMA_Channel7_IRQHandler
                0x08004b90                LPTIM5_IRQHandler
                0x08004b90                UART5_IRQHandler
                0x08004b90                ADC3_IRQHandler
                0x08004b90                DMA2_Stream0_IRQHandler
                0x08004b90                TIM4_IRQHandler
                0x08004b90                BDMA_Channel2_IRQHandler
                0x08004b90                I2C1_EV_IRQHandler
                0x08004b90                DMA1_Stream6_IRQHandler
                0x08004b90                DMAMUX1_OVR_IRQHandler
                0x08004b90                DMA1_Stream1_IRQHandler
                0x08004b90                TIM16_IRQHandler
                0x08004b90                UART4_IRQHandler
                0x08004b90                BDMA_Channel5_IRQHandler
                0x08004b90                TIM3_IRQHandler
                0x08004b90                RCC_IRQHandler
                0x08004b90                UART9_IRQHandler
                0x08004b90                TIM8_BRK_TIM12_IRQHandler
                0x08004b90                TIM1_TRG_COM_IRQHandler
                0x08004b90                Default_Handler
                0x08004b90                ECC_IRQHandler
                0x08004b90                FMAC_IRQHandler
                0x08004b90                CEC_IRQHandler
                0x08004b90                BDMA_Channel0_IRQHandler
                0x08004b90                ADC_IRQHandler
                0x08004b90                I2C5_ER_IRQHandler
                0x08004b90                DMA1_Stream7_IRQHandler
                0x08004b90                SPI5_IRQHandler
                0x08004b90                TIM7_IRQHandler
                0x08004b90                FDCAN3_IT1_IRQHandler
                0x08004b90                SDMMC1_IRQHandler
                0x08004b90                TIM5_IRQHandler
                0x08004b90                DMA2_Stream7_IRQHandler
                0x08004b90                TIM15_IRQHandler
                0x08004b90                PVD_AVD_IRQHandler
                0x08004b90                I2C3_EV_IRQHandler
                0x08004b90                EXTI9_5_IRQHandler
                0x08004b90                RTC_WKUP_IRQHandler
                0x08004b90                LTDC_IRQHandler
                0x08004b90                ETH_WKUP_IRQHandler
                0x08004b90                SPDIF_RX_IRQHandler
                0x08004b90                SPI2_IRQHandler
                0x08004b90                OTG_HS_EP1_IN_IRQHandler
                0x08004b90                DMA1_Stream0_IRQHandler
                0x08004b90                TIM24_IRQHandler
                0x08004b90                CRS_IRQHandler
                0x08004b90                EXTI4_IRQHandler
                0x08004b90                RNG_IRQHandler
                0x08004b90                FDCAN2_IT1_IRQHandler
                0x08004b90                ETH_IRQHandler
                0x08004b90                TIM1_UP_IRQHandler
                0x08004b90                BDMA_Channel4_IRQHandler
                0x08004b90                OTG_HS_EP1_OUT_IRQHandler
                0x08004b90                WWDG_IRQHandler
                0x08004b90                SPI6_IRQHandler
                0x08004b90                MDIOS_IRQHandler
                0x08004b90                I2C4_EV_IRQHandler
                0x08004b90                FDCAN2_IT0_IRQHandler
                0x08004b90                LPUART1_IRQHandler
                0x08004b90                FDCAN1_IT0_IRQHandler
                0x08004b90                TIM2_IRQHandler
                0x08004b90                OTG_HS_IRQHandler
                0x08004b90                DMA2D_IRQHandler
                0x08004b90                TIM1_BRK_IRQHandler
                0x08004b90                EXTI1_IRQHandler
                0x08004b90                SDMMC2_IRQHandler
                0x08004b90                BDMA_Channel3_IRQHandler
                0x08004b90                DTS_IRQHandler
                0x08004b90                UART7_IRQHandler
                0x08004b90                MDIOS_WKUP_IRQHandler
                0x08004b90                USART2_IRQHandler
                0x08004b90                DFSDM1_FLT0_IRQHandler
                0x08004b90                SAI4_IRQHandler
                0x08004b90                I2C2_ER_IRQHandler
                0x08004b90                DMA2_Stream1_IRQHandler
                0x08004b90                FLASH_IRQHandler
                0x08004b90                DMA2_Stream4_IRQHandler
                0x08004b90                USART1_IRQHandler
                0x08004b90                SPI3_IRQHandler
                0x08004b90                WAKEUP_PIN_IRQHandler
                0x08004b90                DMA1_Stream4_IRQHandler
                0x08004b90                I2C1_ER_IRQHandler
                0x08004b90                FMC_IRQHandler
                0x08004b90                FDCAN_CAL_IRQHandler
                0x08004b90                SWPMI1_IRQHandler
                0x08004b90                COMP1_IRQHandler
                0x08004b90                LPTIM1_IRQHandler
                0x08004b90                DCMI_PSSI_IRQHandler
                0x08004b90                I2C4_ER_IRQHandler
                0x08004b90                DMA2_Stream6_IRQHandler
                0x08004b90                SAI1_IRQHandler
                0x08004b90                DMA1_Stream3_IRQHandler
 .text.memset   0x08004b92       0x10 C:/Program Files (x86)/Arm GNU Toolchain arm-none-eabi/14.3 rel1/bin/../lib/gcc/arm-none-eabi/14.3.1/../../../../arm-none-eabi/lib/thumb/v7e-m+dp/hard\libc_nano.a(libc_a-memset.o)
                0x08004b92                memset
 *fill*         0x08004ba2        0x2 
 .text.__libc_init_array
                0x08004ba4       0x48 C:/Program Files (x86)/Arm GNU Toolchain arm-none-eabi/14.3 rel1/bin/../lib/gcc/arm-none-eabi/14.3.1/../../../../arm-none-eabi/lib/thumb/v7e-m+dp/hard\libc_nano.a(libc_a-init.o)
                0x08004ba4                __libc_init_array
 .text.__udivmoddi4
                0x08004bec      0x2f8 C:/Program Files (x86)/Arm GNU Toolchain arm-none-eabi/14.3 rel1/bin/../lib/gcc/arm-none-eabi/14.3.1/thumb/v7e-m+dp/hard\libgcc.a(_udivmoddi4.o)
                0x08004bec                __udivmoddi4
 *(.glue_7)
 .glue_7        0x08004ee4        0x0 linker stubs
 *(.glue_7t)
 .glue_7t       0x08004ee4        0x0 linker stubs
 *(.eh_frame)
 .eh_frame      0x08004ee4        0x0 C:/Program Files (x86)/Arm GNU Toolchain arm-none-eabi/14.3 rel1/bin/../lib/gcc/arm-none-eabi/14.3.1/thumb/v7e-m+dp/hard/crtbegin.o
 *(.init)
 .init          0x08004ee4        0x4 C:/Program Files (x86)/Arm GNU Toolchain arm-none-eabi/14.3 rel1/bin/../lib/gcc/arm-none-eabi/14.3.1/thumb/v7e-m+dp/hard/crti.o
                0x08004ee4                _init
 .init          0x08004ee8        0x8 C:/Program Files (x86)/Arm GNU Toolchain arm-none-eabi/14.3 rel1/bin/../lib/gcc/arm-none-eabi/14.3.1/thumb/v7e-m+dp/hard/crtn.o
 *(.fini)
 .fini          0x08004ef0        0x4 C:/Program Files (x86)/Arm GNU Toolchain arm-none-eabi/14.3 rel1/bin/../lib/gcc/arm-none-eabi/14.3.1/thumb/v7e-m+dp/hard/crti.o
                0x08004ef0                _fini
 .fini          0x08004ef4        0x8 C:/Program Files (x86)/Arm GNU Toolchain arm-none-eabi/14.3 rel1/bin/../lib/gcc/arm-none-eabi/14.3.1/thumb/v7e-m+dp/hard/crtn.o
                0x08004efc                        . = ALIGN (0x4)
                0x08004efc                        _etext = .

.vfp11_veneer   0x08004efc        0x0
 .vfp11_veneer  0x08004efc        0x0 linker stubs

.v4_bx          0x08004efc        0x0
 .v4_bx         0x08004efc        0x0 linker stubs

.iplt           0x08004efc        0x0
 .iplt          0x08004efc        0x0 C:/Program Files (x86)/Arm GNU Toolchain arm-none-eabi/14.3 rel1/bin/../lib/gcc/arm-none-eabi/14.3.1/thumb/v7e-m+dp/hard/crtbegin.o

.rodata         0x08004efc       0x4c
                0x08004efc                        . = ALIGN (0x4)
 *(.rodata)
 *(.rodata*)
 .rodata.D1CorePrescTable
                0x08004efc       0x10 build/system_stm32h7xx.o
                0x08004efc                D1CorePrescTable
 .rodata.LED_PIN
                0x08004f0c        0x6 build/stm32h7xx_nucleo.o
 *fill*         0x08004f12        0x2 
 .rodata.LED_PORT
                0x08004f14        0xc build/stm32h7xx_nucleo.o
 .rodata.UARTPrescTable
                0x08004f20       0x18 build/stm32h7xx_hal_uart.o
                0x08004f20                UARTPrescTable
 .rodata.denominator.0
                0x08004f38        0x8 build/stm32h7xx_hal_uart_ex.o
 .rodata.numerator.1
                0x08004f40        0x8 build/stm32h7xx_hal_uart_ex.o
                0x08004f48                        . = ALIGN (0x4)

.ARM.extab      0x08004f48        0x0
                0x08004f48                        . = ALIGN (0x4)
 *(.ARM.extab* .gnu.linkonce.armextab.*)
                0x08004f48                        . = ALIGN (0x4)

.ARM            0x08004f48        0x8
                0x08004f48                        . = ALIGN (0x4)
                0x08004f48                        __exidx_start = .
 *(.ARM.exidx*)
 .ARM.exidx.text.__udivmoddi4
                0x08004f48        0x8 C:/Program Files (x86)/Arm GNU Toolchain arm-none-eabi/14.3 rel1/bin/../lib/gcc/arm-none-eabi/14.3.1/thumb/v7e-m+dp/hard\libgcc.a(_udivmoddi4.o)
                0x08004f50                        __exidx_end = .
                0x08004f50                        . = ALIGN (0x4)

.preinit_array  0x08004f50        0x0
                0x08004f50                        . = ALIGN (0x4)
                0x08004f50                        PROVIDE (__preinit_array_start = .)
 *(.preinit_array*)
                0x08004f50                        PROVIDE (__preinit_array_end = .)
                0x08004f50                        . = ALIGN (0x4)

.init_array     0x08004f50        0x4
                0x08004f50                        . = ALIGN (0x4)
                0x08004f50                        PROVIDE (__init_array_start = .)
 *(SORT_BY_NAME(.init_array.*))
 *(.init_array*)
 .init_array    0x08004f50        0x4 C:/Program Files (x86)/Arm GNU Toolchain arm-none-eabi/14.3 rel1/bin/../lib/gcc/arm-none-eabi/14.3.1/thumb/v7e-m+dp/hard/crtbegin.o
                0x08004f54                        PROVIDE (__init_array_end = .)
                0x08004f54                        . = ALIGN (0x4)

.fini_array     0x08004f54        0x4
                0x08004f54                        . = ALIGN (0x4)
                [!provide]                        PROVIDE (__fini_array_start = .)
 *(SORT_BY_NAME(.fini_array.*))
 *(.fini_array*)
 .fini_array    0x08004f54        0x4 C:/Program Files (x86)/Arm GNU Toolchain arm-none-eabi/14.3 rel1/bin/../lib/gcc/arm-none-eabi/14.3.1/thumb/v7e-m+dp/hard/crtbegin.o
                [!provide]                        PROVIDE (__fini_array_end = .)
                0x08004f58                        . = ALIGN (0x4)
                0x08004f58                        _sidata = LOADADDR (.data)

.rel.dyn        0x08004f58        0x0
 .rel.iplt      0x08004f58        0x0 C:/Program Files (x86)/Arm GNU Toolchain arm-none-eabi/14.3 rel1/bin/../lib/gcc/arm-none-eabi/14.3.1/thumb/v7e-m+dp/hard/crtbegin.o

.data           0x20000000       0x14 load address 0x08004f58
                0x20000000                        . = ALIGN (0x4)
                0x20000000                        _sdata = .
 *(.data)
 *(.data*)
 .data.SystemD2Clock
                0x20000000        0x4 build/system_stm32h7xx.o
                0x20000000                SystemD2Clock
 .data.SystemCoreClock
                0x20000004        0x4 build/system_stm32h7xx.o
                0x20000004                SystemCoreClock
 .data.COM_USART
                0x20000008        0x4 build/stm32h7xx_nucleo.o
                0x20000008                COM_USART
 .data.uwTickFreq
                0x2000000c        0x1 build/stm32h7xx_hal.o
                0x2000000c                uwTickFreq
 *fill*         0x2000000d        0x3 
 .data.uwTickPrio
                0x20000010        0x4 build/stm32h7xx_hal.o
                0x20000010                uwTickPrio
 *(.RamFunc)
 *(.RamFunc*)
                0x20000014                        . = ALIGN (0x4)
                0x20000014                        _edata = .

.tm_clone_table
                0x20000014        0x0 load address 0x08004f6c
 .tm_clone_table
                0x20000014        0x0 C:/Program Files (x86)/Arm GNU Toolchain arm-none-eabi/14.3 rel1/bin/../lib/gcc/arm-none-eabi/14.3.1/thumb/v7e-m+dp/hard/crtbegin.o
 .tm_clone_table
                0x20000014        0x0 C:/Program Files (x86)/Arm GNU Toolchain arm-none-eabi/14.3 rel1/bin/../lib/gcc/arm-none-eabi/14.3.1/thumb/v7e-m+dp/hard/crtend.o

.igot.plt       0x20000014        0x0 load address 0x08004f6c
 .igot.plt      0x20000014        0x0 C:/Program Files (x86)/Arm GNU Toolchain arm-none-eabi/14.3 rel1/bin/../lib/gcc/arm-none-eabi/14.3.1/thumb/v7e-m+dp/hard/crtbegin.o
                0x20000014                        . = ALIGN (0x4)

.bss            0x20000014      0x570 load address 0x08004f6c
                0x20000014                        _sbss = .
                0x20000014                        __bss_start__ = _sbss
 *(.bss)
 *(.bss*)
 .bss.completed.1
                0x20000014        0x1 C:/Program Files (x86)/Arm GNU Toolchain arm-none-eabi/14.3 rel1/bin/../lib/gcc/arm-none-eabi/14.3.1/thumb/v7e-m+dp/hard/crtbegin.o
 *fill*         0x20000015        0x3 
 .bss.object.0  0x20000018       0x18 C:/Program Files (x86)/Arm GNU Toolchain arm-none-eabi/14.3 rel1/bin/../lib/gcc/arm-none-eabi/14.3.1/thumb/v7e-m+dp/hard/crtbegin.o
 .bss.BspButtonState
                0x20000030        0x4 build/main.o
                0x20000030                BspButtonState
 .bss.BspCOMInit
                0x20000034       0x10 build/main.o
                0x20000034                BspCOMInit
 .bss.hspi3     0x20000044       0x88 build/spi.o
                0x20000044                hspi3
 .bss.hspi2     0x200000cc       0x88 build/spi.o
                0x200000cc                hspi2
 .bss.hspi1     0x20000154       0x88 build/spi.o
                0x20000154                hspi1
 .bss.hi2c2     0x200001dc       0x54 build/i2c.o
                0x200001dc                hi2c2
 .bss.hi2c1     0x20000230       0x54 build/i2c.o
                0x20000230                hi2c1
 .bss.huart1    0x20000284       0x94 build/usart.o
                0x20000284                huart1
 .bss.huart4    0x20000318       0x94 build/usart.o
                0x20000318                huart4
 .bss.SAI4_client
                0x200003ac        0x4 build/sai.o
 .bss.SAI1_client
                0x200003b0        0x4 build/sai.o
 .bss.hsai_BlockA4
                0x200003b4       0x98 build/sai.o
                0x200003b4                hsai_BlockA4
 .bss.hsai_BlockA1
                0x2000044c       0x98 build/sai.o
                0x2000044c                hsai_BlockA1
 .bss.hcom_uart
                0x200004e4       0x94 build/stm32h7xx_nucleo.o
                0x200004e4                hcom_uart
 .bss.hpb_exti  0x20000578        0x8 build/stm32h7xx_nucleo.o
                0x20000578                hpb_exti
 .bss.uwTick    0x20000580        0x4 build/stm32h7xx_hal.o
                0x20000580                uwTick
 *(COMMON)
                0x20000584                        . = ALIGN (0x4)
                0x20000584                        _ebss = .
                0x20000584                        __bss_end__ = _ebss

._user_heap_stack
                0x20000584      0x604 load address 0x08004f6c
                0x20000588                        . = ALIGN (0x8)
 *fill*         0x20000584        0x4 
                [!provide]                        PROVIDE (end = .)
                0x20000588                        PROVIDE (_end = .)
                0x20000788                        . = (. + _Min_Heap_Size)
 *fill*         0x20000588      0x200 
                0x20000b88                        . = (. + _Min_Stack_Size)
 *fill*         0x20000788      0x400 
                0x20000b88                        . = ALIGN (0x8)

/DISCARD/
 libc.a(*)
 libm.a(*)
 libgcc.a(*)
OUTPUT(build/STuner.elf elf32-littlearm)
LOAD linker stubs
LOAD C:/Program Files (x86)/Arm GNU Toolchain arm-none-eabi/14.3 rel1/bin/../lib/gcc/arm-none-eabi/14.3.1/../../../../arm-none-eabi/lib/thumb/v7e-m+dp/hard\libc.a
LOAD C:/Program Files (x86)/Arm GNU Toolchain arm-none-eabi/14.3 rel1/bin/../lib/gcc/arm-none-eabi/14.3.1/../../../../arm-none-eabi/lib/thumb/v7e-m+dp/hard\libm.a
LOAD C:/Program Files (x86)/Arm GNU Toolchain arm-none-eabi/14.3 rel1/bin/../lib/gcc/arm-none-eabi/14.3.1/thumb/v7e-m+dp/hard\libgcc.a

.ARM.attributes
                0x00000000       0x2e
 .ARM.attributes
                0x00000000       0x20 C:/Program Files (x86)/Arm GNU Toolchain arm-none-eabi/14.3 rel1/bin/../lib/gcc/arm-none-eabi/14.3.1/thumb/v7e-m+dp/hard/crti.o
 .ARM.attributes
                0x00000020       0x32 C:/Program Files (x86)/Arm GNU Toolchain arm-none-eabi/14.3 rel1/bin/../lib/gcc/arm-none-eabi/14.3.1/thumb/v7e-m+dp/hard/crtbegin.o
 .ARM.attributes
                0x00000052       0x32 build/main.o
 .ARM.attributes
                0x00000084       0x32 build/gpio.o
 .ARM.attributes
                0x000000b6       0x32 build/spi.o
 .ARM.attributes
                0x000000e8       0x32 build/stm32h7xx_it.o
 .ARM.attributes
                0x0000011a       0x32 build/stm32h7xx_hal_msp.o
 .ARM.attributes
                0x0000014c       0x32 build/system_stm32h7xx.o
 .ARM.attributes
                0x0000017e       0x32 build/i2c.o
 .ARM.attributes
                0x000001b0       0x32 build/usart.o
 .ARM.attributes
                0x000001e2       0x32 build/sai.o
 .ARM.attributes
                0x00000214       0x32 build/stm32h7xx_nucleo.o
 .ARM.attributes
                0x00000246       0x32 build/stm32h7xx_hal_cortex.o
 .ARM.attributes
                0x00000278       0x32 build/stm32h7xx_hal_i2c.o
 .ARM.attributes
                0x000002aa       0x32 build/stm32h7xx_hal_i2c_ex.o
 .ARM.attributes
                0x000002dc       0x32 build/stm32h7xx_hal_rcc.o
 .ARM.attributes
                0x0000030e       0x32 build/stm32h7xx_hal_rcc_ex.o
 .ARM.attributes
                0x00000340       0x32 build/stm32h7xx_hal_gpio.o
 .ARM.attributes
                0x00000372       0x32 build/stm32h7xx_hal_pwr_ex.o
 .ARM.attributes
                0x000003a4       0x32 build/stm32h7xx_hal.o
 .ARM.attributes
                0x000003d6       0x32 build/stm32h7xx_hal_exti.o
 .ARM.attributes
                0x00000408       0x32 build/stm32h7xx_hal_sai.o
 .ARM.attributes
                0x0000043a       0x32 build/stm32h7xx_hal_spi.o
 .ARM.attributes
                0x0000046c       0x32 build/stm32h7xx_hal_uart.o
 .ARM.attributes
                0x0000049e       0x32 build/stm32h7xx_hal_uart_ex.o
 .ARM.attributes
                0x000004d0       0x21 build/startup_stm32h723xx.o
 .ARM.attributes
                0x000004f1       0x32 C:/Program Files (x86)/Arm GNU Toolchain arm-none-eabi/14.3 rel1/bin/../lib/gcc/arm-none-eabi/14.3.1/../../../../arm-none-eabi/lib/thumb/v7e-m+dp/hard\libc_nano.a(libc_a-memset.o)
 .ARM.attributes
                0x00000523       0x32 C:/Program Files (x86)/Arm GNU Toolchain arm-none-eabi/14.3 rel1/bin/../lib/gcc/arm-none-eabi/14.3.1/../../../../arm-none-eabi/lib/thumb/v7e-m+dp/hard\libc_nano.a(libc_a-init.o)
 .ARM.attributes
                0x00000555       0x20 C:/Program Files (x86)/Arm GNU Toolchain arm-none-eabi/14.3 rel1/bin/../lib/gcc/arm-none-eabi/14.3.1/thumb/v7e-m+dp/hard\libgcc.a(_aeabi_uldivmod.o)
 .ARM.attributes
                0x00000575       0x32 C:/Program Files (x86)/Arm GNU Toolchain arm-none-eabi/14.3 rel1/bin/../lib/gcc/arm-none-eabi/14.3.1/thumb/v7e-m+dp/hard\libgcc.a(_udivmoddi4.o)
 .ARM.attributes
                0x000005a7       0x20 C:/Program Files (x86)/Arm GNU Toolchain arm-none-eabi/14.3 rel1/bin/../lib/gcc/arm-none-eabi/14.3.1/thumb/v7e-m+dp/hard\libgcc.a(_dvmd_tls.o)
 .ARM.attributes
                0x000005c7       0x32 C:/Program Files (x86)/Arm GNU Toolchain arm-none-eabi/14.3 rel1/bin/../lib/gcc/arm-none-eabi/14.3.1/thumb/v7e-m+dp/hard/crtend.o
 .ARM.attributes
                0x000005f9       0x20 C:/Program Files (x86)/Arm GNU Toolchain arm-none-eabi/14.3 rel1/bin/../lib/gcc/arm-none-eabi/14.3.1/thumb/v7e-m+dp/hard/crtn.o

.comment        0x00000000       0x46
 .comment       0x00000000       0x46 build/main.o
                                 0x47 (size before relaxing)
 .comment       0x00000046       0x47 build/gpio.o
 .comment       0x00000046       0x47 build/spi.o
 .comment       0x00000046       0x47 build/stm32h7xx_it.o
 .comment       0x00000046       0x47 build/stm32h7xx_hal_msp.o
 .comment       0x00000046       0x47 build/system_stm32h7xx.o
 .comment       0x00000046       0x47 build/i2c.o
 .comment       0x00000046       0x47 build/usart.o
 .comment       0x00000046       0x47 build/sai.o
 .comment       0x00000046       0x47 build/stm32h7xx_nucleo.o
 .comment       0x00000046       0x47 build/stm32h7xx_hal_cortex.o
 .comment       0x00000046       0x47 build/stm32h7xx_hal_i2c.o
 .comment       0x00000046       0x47 build/stm32h7xx_hal_i2c_ex.o
 .comment       0x00000046       0x47 build/stm32h7xx_hal_rcc.o
 .comment       0x00000046       0x47 build/stm32h7xx_hal_rcc_ex.o
 .comment       0x00000046       0x47 build/stm32h7xx_hal_gpio.o
 .comment       0x00000046       0x47 build/stm32h7xx_hal_pwr_ex.o
 .comment       0x00000046       0x47 build/stm32h7xx_hal.o
 .comment       0x00000046       0x47 build/stm32h7xx_hal_exti.o
 .comment       0x00000046       0x47 build/stm32h7xx_hal_sai.o
 .comment       0x00000046       0x47 build/stm32h7xx_hal_spi.o
 .comment       0x00000046       0x47 build/stm32h7xx_hal_uart.o
 .comment       0x00000046       0x47 build/stm32h7xx_hal_uart_ex.o

.debug_info     0x00000000    0x237ee
 .debug_info    0x00000000      0xa74 build/main.o
 .debug_info    0x00000a74      0x5d4 build/gpio.o
 .debug_info    0x00001048     0x160a build/spi.o
 .debug_info    0x00002652      0x1d5 build/stm32h7xx_it.o
 .debug_info    0x00002827      0x543 build/stm32h7xx_hal_msp.o
 .debug_info    0x00002d6a      0xd9a build/system_stm32h7xx.o
 .debug_info    0x00003b04     0x1471 build/i2c.o
 .debug_info    0x00004f75     0x15cb build/usart.o
 .debug_info    0x00006540     0x146a build/sai.o
 .debug_info    0x000079aa     0x2101 build/stm32h7xx_nucleo.o
 .debug_info    0x00009aab     0x1570 build/stm32h7xx_hal_cortex.o
 .debug_info    0x0000b01b     0x4923 build/stm32h7xx_hal_i2c.o
 .debug_info    0x0000f93e      0xffd build/stm32h7xx_hal_i2c_ex.o
 .debug_info    0x0001093b     0x12b1 build/stm32h7xx_hal_rcc.o
 .debug_info    0x00011bec     0x1c76 build/stm32h7xx_hal_rcc_ex.o
 .debug_info    0x00013862      0xf00 build/stm32h7xx_hal_gpio.o
 .debug_info    0x00014762     0x1155 build/stm32h7xx_hal_pwr_ex.o
 .debug_info    0x000158b7     0x1aa5 build/stm32h7xx_hal.o
 .debug_info    0x0001735c      0xb57 build/stm32h7xx_hal_exti.o
 .debug_info    0x00017eb3     0x1d14 build/stm32h7xx_hal_sai.o
 .debug_info    0x00019bc7     0x1d19 build/stm32h7xx_hal_spi.o
 .debug_info    0x0001b8e0     0x6ae0 build/stm32h7xx_hal_uart.o
 .debug_info    0x000223c0     0x13fe build/stm32h7xx_hal_uart_ex.o
 .debug_info    0x000237be       0x30 build/startup_stm32h723xx.o

.debug_abbrev   0x00000000     0x3723
 .debug_abbrev  0x00000000      0x26a build/main.o
 .debug_abbrev  0x0000026a       0xd3 build/gpio.o
 .debug_abbrev  0x0000033d      0x26c build/spi.o
 .debug_abbrev  0x000005a9       0xde build/stm32h7xx_it.o
 .debug_abbrev  0x00000687       0xc8 build/stm32h7xx_hal_msp.o
 .debug_abbrev  0x0000074f      0x144 build/system_stm32h7xx.o
 .debug_abbrev  0x00000893      0x24d build/i2c.o
 .debug_abbrev  0x00000ae0      0x242 build/usart.o
 .debug_abbrev  0x00000d22      0x232 build/sai.o
 .debug_abbrev  0x00000f54      0x382 build/stm32h7xx_nucleo.o
 .debug_abbrev  0x000012d6      0x3e6 build/stm32h7xx_hal_cortex.o
 .debug_abbrev  0x000016bc      0x2e4 build/stm32h7xx_hal_i2c.o
 .debug_abbrev  0x000019a0      0x1c4 build/stm32h7xx_hal_i2c_ex.o
 .debug_abbrev  0x00001b64      0x29b build/stm32h7xx_hal_rcc.o
 .debug_abbrev  0x00001dff      0x285 build/stm32h7xx_hal_rcc_ex.o
 .debug_abbrev  0x00002084      0x25a build/stm32h7xx_hal_gpio.o
 .debug_abbrev  0x000022de      0x2ca build/stm32h7xx_hal_pwr_ex.o
 .debug_abbrev  0x000025a8      0x2ba build/stm32h7xx_hal.o
 .debug_abbrev  0x00002862      0x1e7 build/stm32h7xx_hal_exti.o
 .debug_abbrev  0x00002a49      0x2d2 build/stm32h7xx_hal_sai.o
 .debug_abbrev  0x00002d1b      0x309 build/stm32h7xx_hal_spi.o
 .debug_abbrev  0x00003024      0x391 build/stm32h7xx_hal_uart.o
 .debug_abbrev  0x000033b5      0x351 build/stm32h7xx_hal_uart_ex.o
 .debug_abbrev  0x00003706       0x1d build/startup_stm32h723xx.o

.debug_loc      0x00000000    0x17b38
 .debug_loc     0x00000000       0x91 build/main.o
 .debug_loc     0x00000091       0x2c build/gpio.o
 .debug_loc     0x000000bd      0x1e5 build/spi.o
 .debug_loc     0x000002a2       0x40 build/stm32h7xx_it.o
 .debug_loc     0x000002e2       0x2c build/stm32h7xx_hal_msp.o
 .debug_loc     0x0000030e      0x1d8 build/system_stm32h7xx.o
 .debug_loc     0x000004e6      0x1a2 build/i2c.o
 .debug_loc     0x00000688      0x17f build/usart.o
 .debug_loc     0x00000807      0x104 build/sai.o
 .debug_loc     0x0000090b      0x979 build/stm32h7xx_nucleo.o
 .debug_loc     0x00001284      0x898 build/stm32h7xx_hal_cortex.o
 .debug_loc     0x00001b1c     0x65ba build/stm32h7xx_hal_i2c.o
 .debug_loc     0x000080d6      0x243 build/stm32h7xx_hal_i2c_ex.o
 .debug_loc     0x00008319      0xabc build/stm32h7xx_hal_rcc.o
 .debug_loc     0x00008dd5     0x1e76 build/stm32h7xx_hal_rcc_ex.o
 .debug_loc     0x0000ac4b      0x4b2 build/stm32h7xx_hal_gpio.o
 .debug_loc     0x0000b0fd      0x5f3 build/stm32h7xx_hal_pwr_ex.o
 .debug_loc     0x0000b6f0      0x58e build/stm32h7xx_hal.o
 .debug_loc     0x0000bc7e      0xea8 build/stm32h7xx_hal_exti.o
 .debug_loc     0x0000cb26     0x1c30 build/stm32h7xx_hal_sai.o
 .debug_loc     0x0000e756     0x1edd build/stm32h7xx_hal_spi.o
 .debug_loc     0x00010633     0x6690 build/stm32h7xx_hal_uart.o
 .debug_loc     0x00016cc3      0xe75 build/stm32h7xx_hal_uart_ex.o

.debug_aranges  0x00000000     0x1218
 .debug_aranges
                0x00000000       0x40 build/main.o
 .debug_aranges
                0x00000040       0x20 build/gpio.o
 .debug_aranges
                0x00000060       0x40 build/spi.o
 .debug_aranges
                0x000000a0       0x68 build/stm32h7xx_it.o
 .debug_aranges
                0x00000108       0x20 build/stm32h7xx_hal_msp.o
 .debug_aranges
                0x00000128       0x30 build/system_stm32h7xx.o
 .debug_aranges
                0x00000158       0x38 build/i2c.o
 .debug_aranges
                0x00000190       0x38 build/usart.o
 .debug_aranges
                0x000001c8       0x38 build/sai.o
 .debug_aranges
                0x00000200       0xb8 build/stm32h7xx_nucleo.o
 .debug_aranges
                0x000002b8       0xf8 build/stm32h7xx_hal_cortex.o
 .debug_aranges
                0x000003b0      0x2a0 build/stm32h7xx_hal_i2c.o
 .debug_aranges
                0x00000650       0x48 build/stm32h7xx_hal_i2c_ex.o
 .debug_aranges
                0x00000698       0x88 build/stm32h7xx_hal_rcc.o
 .debug_aranges
                0x00000720       0xf8 build/stm32h7xx_hal_rcc_ex.o
 .debug_aranges
                0x00000818       0x58 build/stm32h7xx_hal_gpio.o
 .debug_aranges
                0x00000870      0x148 build/stm32h7xx_hal_pwr_ex.o
 .debug_aranges
                0x000009b8      0x1c8 build/stm32h7xx_hal.o
 .debug_aranges
                0x00000b80       0x60 build/stm32h7xx_hal_exti.o
 .debug_aranges
                0x00000be0      0x178 build/stm32h7xx_hal_sai.o
 .debug_aranges
                0x00000d58      0x1a8 build/stm32h7xx_hal_spi.o
 .debug_aranges
                0x00000f00      0x248 build/stm32h7xx_hal_uart.o
 .debug_aranges
                0x00001148       0xa8 build/stm32h7xx_hal_uart_ex.o
 .debug_aranges
                0x000011f0       0x28 build/startup_stm32h723xx.o

.debug_ranges   0x00000000     0x11e8
 .debug_ranges  0x00000000       0x30 build/main.o
 .debug_ranges  0x00000030       0x10 build/gpio.o
 .debug_ranges  0x00000040       0x30 build/spi.o
 .debug_ranges  0x00000070       0x58 build/stm32h7xx_it.o
 .debug_ranges  0x000000c8       0x10 build/stm32h7xx_hal_msp.o
 .debug_ranges  0x000000d8       0x20 build/system_stm32h7xx.o
 .debug_ranges  0x000000f8       0x28 build/i2c.o
 .debug_ranges  0x00000120       0x28 build/usart.o
 .debug_ranges  0x00000148       0x28 build/sai.o
 .debug_ranges  0x00000170       0xa8 build/stm32h7xx_nucleo.o
 .debug_ranges  0x00000218       0xe8 build/stm32h7xx_hal_cortex.o
 .debug_ranges  0x00000300      0x290 build/stm32h7xx_hal_i2c.o
 .debug_ranges  0x00000590       0x38 build/stm32h7xx_hal_i2c_ex.o
 .debug_ranges  0x000005c8       0xe8 build/stm32h7xx_hal_rcc.o
 .debug_ranges  0x000006b0       0xe8 build/stm32h7xx_hal_rcc_ex.o
 .debug_ranges  0x00000798       0x48 build/stm32h7xx_hal_gpio.o
 .debug_ranges  0x000007e0      0x198 build/stm32h7xx_hal_pwr_ex.o
 .debug_ranges  0x00000978      0x1b8 build/stm32h7xx_hal.o
 .debug_ranges  0x00000b30       0x50 build/stm32h7xx_hal_exti.o
 .debug_ranges  0x00000b80      0x1c8 build/stm32h7xx_hal_sai.o
 .debug_ranges  0x00000d48      0x198 build/stm32h7xx_hal_spi.o
 .debug_ranges  0x00000ee0      0x238 build/stm32h7xx_hal_uart.o
 .debug_ranges  0x00001118       0xb0 build/stm32h7xx_hal_uart_ex.o
 .debug_ranges  0x000011c8       0x20 build/startup_stm32h723xx.o

.debug_line     0x00000000    0x17db1
 .debug_line    0x00000000      0x470 build/main.o
 .debug_line    0x00000470      0x181 build/gpio.o
 .debug_line    0x000005f1      0x6aa build/spi.o
 .debug_line    0x00000c9b      0x189 build/stm32h7xx_it.o
 .debug_line    0x00000e24      0x170 build/stm32h7xx_hal_msp.o
 .debug_line    0x00000f94      0x4a2 build/system_stm32h7xx.o
 .debug_line    0x00001436      0x48a build/i2c.o
 .debug_line    0x000018c0      0x4fa build/usart.o
 .debug_line    0x00001dba      0x592 build/sai.o
 .debug_line    0x0000234c      0x72b build/stm32h7xx_nucleo.o
 .debug_line    0x00002a77      0x84b build/stm32h7xx_hal_cortex.o
 .debug_line    0x000032c2     0x5049 build/stm32h7xx_hal_i2c.o
 .debug_line    0x0000830b      0x3df build/stm32h7xx_hal_i2c_ex.o
 .debug_line    0x000086ea     0x134a build/stm32h7xx_hal_rcc.o
 .debug_line    0x00009a34     0x1e9f build/stm32h7xx_hal_rcc_ex.o
 .debug_line    0x0000b8d3      0x713 build/stm32h7xx_hal_gpio.o
 .debug_line    0x0000bfe6      0xa54 build/stm32h7xx_hal_pwr_ex.o
 .debug_line    0x0000ca3a      0x994 build/stm32h7xx_hal.o
 .debug_line    0x0000d3ce      0x8cf build/stm32h7xx_hal_exti.o
 .debug_line    0x0000dc9d     0x1f56 build/stm32h7xx_hal_sai.o
 .debug_line    0x0000fbf3     0x2702 build/stm32h7xx_hal_spi.o
 .debug_line    0x000122f5     0x4fd4 build/stm32h7xx_hal_uart.o
 .debug_line    0x000172c9      0xa74 build/stm32h7xx_hal_uart_ex.o
 .debug_line    0x00017d3d       0x74 build/startup_stm32h723xx.o

.debug_str      0x00000000     0x62c6
 .debug_str     0x00000000     0x62c6 build/main.o
                                0x7f1 (size before relaxing)
 .debug_str     0x000062c6      0x3ab build/gpio.o
 .debug_str     0x000062c6      0xe36 build/spi.o
 .debug_str     0x000062c6      0x24e build/stm32h7xx_it.o
 .debug_str     0x000062c6      0x3b7 build/stm32h7xx_hal_msp.o
 .debug_str     0x000062c6      0x6a1 build/system_stm32h7xx.o
 .debug_str     0x000062c6      0xe22 build/i2c.o
 .debug_str     0x000062c6      0xe32 build/usart.o
 .debug_str     0x000062c6      0xe6f build/sai.o
 .debug_str     0x000062c6     0x1754 build/stm32h7xx_nucleo.o
 .debug_str     0x000062c6     0x1006 build/stm32h7xx_hal_cortex.o
 .debug_str     0x000062c6     0x114b build/stm32h7xx_hal_i2c.o
 .debug_str     0x000062c6      0xaf2 build/stm32h7xx_hal_i2c_ex.o
 .debug_str     0x000062c6      0x980 build/stm32h7xx_hal_rcc.o
 .debug_str     0x000062c6      0xec2 build/stm32h7xx_hal_rcc_ex.o
 .debug_str     0x000062c6      0x69b build/stm32h7xx_hal_gpio.o
 .debug_str     0x000062c6      0x979 build/stm32h7xx_hal_pwr_ex.o
 .debug_str     0x000062c6     0x1561 build/stm32h7xx_hal.o
 .debug_str     0x000062c6      0x4e1 build/stm32h7xx_hal_exti.o
 .debug_str     0x000062c6      0xce1 build/stm32h7xx_hal_sai.o
 .debug_str     0x000062c6      0xd99 build/stm32h7xx_hal_spi.o
 .debug_str     0x000062c6     0x1478 build/stm32h7xx_hal_uart.o
 .debug_str     0x000062c6      0xb6c build/stm32h7xx_hal_uart_ex.o
 .debug_str     0x000062c6       0x45 build/startup_stm32h723xx.o

.debug_frame    0x00000000     0x3090
 .debug_frame   0x00000000       0x8c build/main.o
 .debug_frame   0x0000008c       0x28 build/gpio.o
 .debug_frame   0x000000b4       0x98 build/spi.o
 .debug_frame   0x0000014c       0xc0 build/stm32h7xx_it.o
 .debug_frame   0x0000020c       0x28 build/stm32h7xx_hal_msp.o
 .debug_frame   0x00000234       0x50 build/system_stm32h7xx.o
 .debug_frame   0x00000284       0x7c build/i2c.o
 .debug_frame   0x00000300       0x80 build/usart.o
 .debug_frame   0x00000380       0x7c build/sai.o
 .debug_frame   0x000003fc      0x25c build/stm32h7xx_nucleo.o
 .debug_frame   0x00000658      0x214 build/stm32h7xx_hal_cortex.o
 .debug_frame   0x0000086c      0x98c build/stm32h7xx_hal_i2c.o
 .debug_frame   0x000011f8       0x80 build/stm32h7xx_hal_i2c_ex.o
 .debug_frame   0x00001278      0x184 build/stm32h7xx_hal_rcc.o
 .debug_frame   0x000013fc      0x284 build/stm32h7xx_hal_rcc_ex.o
 .debug_frame   0x00001680       0xd4 build/stm32h7xx_hal_gpio.o
 .debug_frame   0x00001754      0x2d4 build/stm32h7xx_hal_pwr_ex.o
 .debug_frame   0x00001a28      0x3c0 build/stm32h7xx_hal.o
 .debug_frame   0x00001de8      0x100 build/stm32h7xx_hal_exti.o
 .debug_frame   0x00001ee8      0x424 build/stm32h7xx_hal_sai.o
 .debug_frame   0x0000230c      0x490 build/stm32h7xx_hal_spi.o
 .debug_frame   0x0000279c      0x680 build/stm32h7xx_hal_uart.o
 .debug_frame   0x00002e1c      0x1c8 build/stm32h7xx_hal_uart_ex.o
 .debug_frame   0x00002fe4       0x20 C:/Program Files (x86)/Arm GNU Toolchain arm-none-eabi/14.3 rel1/bin/../lib/gcc/arm-none-eabi/14.3.1/../../../../arm-none-eabi/lib/thumb/v7e-m+dp/hard\libc_nano.a(libc_a-memset.o)
 .debug_frame   0x00003004       0x2c C:/Program Files (x86)/Arm GNU Toolchain arm-none-eabi/14.3 rel1/bin/../lib/gcc/arm-none-eabi/14.3.1/../../../../arm-none-eabi/lib/thumb/v7e-m+dp/hard\libc_nano.a(libc_a-init.o)
 .debug_frame   0x00003030       0x2c C:/Program Files (x86)/Arm GNU Toolchain arm-none-eabi/14.3 rel1/bin/../lib/gcc/arm-none-eabi/14.3.1/thumb/v7e-m+dp/hard\libgcc.a(_aeabi_uldivmod.o)
 .debug_frame   0x0000305c       0x34 C:/Program Files (x86)/Arm GNU Toolchain arm-none-eabi/14.3 rel1/bin/../lib/gcc/arm-none-eabi/14.3.1/thumb/v7e-m+dp/hard\libgcc.a(_udivmoddi4.o)

.debug_line_str
                0x00000000       0xd9
 .debug_line_str
                0x00000000       0xd9 C:/Program Files (x86)/Arm GNU Toolchain arm-none-eabi/14.3 rel1/bin/../lib/gcc/arm-none-eabi/14.3.1/thumb/v7e-m+dp/hard\libgcc.a(_aeabi_uldivmod.o)
                                 0xcd (size before relaxing)
 .debug_line_str
                0x000000d9       0xd1 C:/Program Files (x86)/Arm GNU Toolchain arm-none-eabi/14.3 rel1/bin/../lib/gcc/arm-none-eabi/14.3.1/thumb/v7e-m+dp/hard\libgcc.a(_dvmd_tls.o)

Cross Reference Table

Symbol                                            File
ADC3_IRQHandler                                   build/startup_stm32h723xx.o
ADC_IRQHandler                                    build/startup_stm32h723xx.o
BDMA_Channel0_IRQHandler                          build/startup_stm32h723xx.o
BDMA_Channel1_IRQHandler                          build/startup_stm32h723xx.o
BDMA_Channel2_IRQHandler                          build/startup_stm32h723xx.o
BDMA_Channel3_IRQHandler                          build/startup_stm32h723xx.o
BDMA_Channel4_IRQHandler                          build/startup_stm32h723xx.o
BDMA_Channel5_IRQHandler                          build/startup_stm32h723xx.o
BDMA_Channel6_IRQHandler                          build/startup_stm32h723xx.o
BDMA_Channel7_IRQHandler                          build/startup_stm32h723xx.o
BSP_COM_DeInit                                    build/stm32h7xx_nucleo.o
BSP_COM_Init                                      build/stm32h7xx_nucleo.o
                                                  build/main.o
BSP_COM_SelectLogPort                             build/stm32h7xx_nucleo.o
BSP_GetVersion                                    build/stm32h7xx_nucleo.o
BSP_LED_DeInit                                    build/stm32h7xx_nucleo.o
BSP_LED_GetState                                  build/stm32h7xx_nucleo.o
BSP_LED_Init                                      build/stm32h7xx_nucleo.o
                                                  build/main.o
BSP_LED_Off                                       build/stm32h7xx_nucleo.o
BSP_LED_On                                        build/stm32h7xx_nucleo.o
BSP_LED_Toggle                                    build/stm32h7xx_nucleo.o
BSP_PB_Callback                                   build/main.o
BSP_PB_DeInit                                     build/stm32h7xx_nucleo.o
BSP_PB_GetState                                   build/stm32h7xx_nucleo.o
BSP_PB_IRQHandler                                 build/stm32h7xx_nucleo.o
                                                  build/stm32h7xx_it.o
BSP_PB_Init                                       build/stm32h7xx_nucleo.o
                                                  build/main.o
BspButtonState                                    build/main.o
BspCOMInit                                        build/main.o
BusFault_Handler                                  build/stm32h7xx_it.o
CEC_IRQHandler                                    build/startup_stm32h723xx.o
COMP1_IRQHandler                                  build/startup_stm32h723xx.o
COM_USART                                         build/stm32h7xx_nucleo.o
CORDIC_IRQHandler                                 build/startup_stm32h723xx.o
CRS_IRQHandler                                    build/startup_stm32h723xx.o
D1CorePrescTable                                  build/system_stm32h7xx.o
                                                  build/stm32h7xx_hal.o
                                                  build/stm32h7xx_hal_rcc_ex.o
                                                  build/stm32h7xx_hal_rcc.o
DCMI_PSSI_IRQHandler                              build/startup_stm32h723xx.o
DFSDM1_FLT0_IRQHandler                            build/startup_stm32h723xx.o
DFSDM1_FLT1_IRQHandler                            build/startup_stm32h723xx.o
DFSDM1_FLT2_IRQHandler                            build/startup_stm32h723xx.o
DFSDM1_FLT3_IRQHandler                            build/startup_stm32h723xx.o
DMA1_Stream0_IRQHandler                           build/startup_stm32h723xx.o
DMA1_Stream1_IRQHandler                           build/startup_stm32h723xx.o
DMA1_Stream2_IRQHandler                           build/startup_stm32h723xx.o
DMA1_Stream3_IRQHandler                           build/startup_stm32h723xx.o
DMA1_Stream4_IRQHandler                           build/startup_stm32h723xx.o
DMA1_Stream5_IRQHandler                           build/startup_stm32h723xx.o
DMA1_Stream6_IRQHandler                           build/startup_stm32h723xx.o
DMA1_Stream7_IRQHandler                           build/startup_stm32h723xx.o
DMA2D_IRQHandler                                  build/startup_stm32h723xx.o
DMA2_Stream0_IRQHandler                           build/startup_stm32h723xx.o
DMA2_Stream1_IRQHandler                           build/startup_stm32h723xx.o
DMA2_Stream2_IRQHandler                           build/startup_stm32h723xx.o
DMA2_Stream3_IRQHandler                           build/startup_stm32h723xx.o
DMA2_Stream4_IRQHandler                           build/startup_stm32h723xx.o
DMA2_Stream5_IRQHandler                           build/startup_stm32h723xx.o
DMA2_Stream6_IRQHandler                           build/startup_stm32h723xx.o
DMA2_Stream7_IRQHandler                           build/startup_stm32h723xx.o
DMAMUX1_OVR_IRQHandler                            build/startup_stm32h723xx.o
DMAMUX2_OVR_IRQHandler                            build/startup_stm32h723xx.o
DTS_IRQHandler                                    build/startup_stm32h723xx.o
DebugMon_Handler                                  build/stm32h7xx_it.o
Default_Handler                                   build/startup_stm32h723xx.o
ECC_IRQHandler                                    build/startup_stm32h723xx.o
ETH_IRQHandler                                    build/startup_stm32h723xx.o
ETH_WKUP_IRQHandler                               build/startup_stm32h723xx.o
EXTI0_IRQHandler                                  build/startup_stm32h723xx.o
EXTI15_10_IRQHandler                              build/stm32h7xx_it.o
EXTI1_IRQHandler                                  build/startup_stm32h723xx.o
EXTI2_IRQHandler                                  build/startup_stm32h723xx.o
EXTI3_IRQHandler                                  build/startup_stm32h723xx.o
EXTI4_IRQHandler                                  build/startup_stm32h723xx.o
EXTI9_5_IRQHandler                                build/startup_stm32h723xx.o
Error_Handler                                     build/main.o
                                                  build/sai.o
                                                  build/usart.o
                                                  build/i2c.o
                                                  build/i2s_audio.o
                                                  build/spi.o
ExitRun0Mode                                      build/system_stm32h7xx.o
                                                  build/startup_stm32h723xx.o
FDCAN1_IT0_IRQHandler                             build/startup_stm32h723xx.o
FDCAN1_IT1_IRQHandler                             build/startup_stm32h723xx.o
FDCAN2_IT0_IRQHandler                             build/startup_stm32h723xx.o
FDCAN2_IT1_IRQHandler                             build/startup_stm32h723xx.o
FDCAN3_IT0_IRQHandler                             build/startup_stm32h723xx.o
FDCAN3_IT1_IRQHandler                             build/startup_stm32h723xx.o
FDCAN_CAL_IRQHandler                              build/startup_stm32h723xx.o
FLASH_CRC_WaitForLastOperation                    build/stm32h7xx_hal_flash.o
                                                  build/stm32h7xx_hal_flash_ex.o
FLASH_Erase_Sector                                build/stm32h7xx_hal_flash_ex.o
                                                  build/stm32h7xx_hal_flash.o
FLASH_IRQHandler                                  build/startup_stm32h723xx.o
FLASH_OB_WaitForLastOperation                     build/stm32h7xx_hal_flash.o
                                                  build/stm32h7xx_hal_flash_ex.o
FLASH_WaitForLastOperation                        build/stm32h7xx_hal_flash.o
                                                  build/stm32h7xx_hal_flash_ex.o
FMAC_IRQHandler                                   build/startup_stm32h723xx.o
FMC_IRQHandler                                    build/startup_stm32h723xx.o
FPU_IRQHandler                                    build/startup_stm32h723xx.o
HAL_DBGMCU_DisableDBGSleepMode                    build/stm32h7xx_hal.o
HAL_DBGMCU_DisableDBGStandbyMode                  build/stm32h7xx_hal.o
HAL_DBGMCU_DisableDBGStopMode                     build/stm32h7xx_hal.o
HAL_DBGMCU_EnableDBGSleepMode                     build/stm32h7xx_hal.o
HAL_DBGMCU_EnableDBGStandbyMode                   build/stm32h7xx_hal.o
HAL_DBGMCU_EnableDBGStopMode                      build/stm32h7xx_hal.o
HAL_DMAEx_ChangeMemory                            build/stm32h7xx_hal_dma_ex.o
HAL_DMAEx_ConfigMuxRequestGenerator               build/stm32h7xx_hal_dma_ex.o
HAL_DMAEx_ConfigMuxSync                           build/stm32h7xx_hal_dma_ex.o
HAL_DMAEx_DisableMuxRequestGenerator              build/stm32h7xx_hal_dma_ex.o
HAL_DMAEx_EnableMuxRequestGenerator               build/stm32h7xx_hal_dma_ex.o
HAL_DMAEx_MUX_IRQHandler                          build/stm32h7xx_hal_dma_ex.o
HAL_DMAEx_MultiBufferStart                        build/stm32h7xx_hal_dma_ex.o
HAL_DMAEx_MultiBufferStart_IT                     build/stm32h7xx_hal_dma_ex.o
HAL_DMA_Abort                                     build/stm32h7xx_hal_dma.o
                                                  build/stm32h7xx_hal_uart.o
                                                  build/stm32h7xx_hal_spi.o
                                                  build/stm32h7xx_hal_sai.o
HAL_DMA_Abort_IT                                  build/stm32h7xx_hal_dma.o
                                                  build/stm32h7xx_hal_uart.o
                                                  build/stm32h7xx_hal_spi.o
                                                  build/stm32h7xx_hal_sai.o
                                                  build/stm32h7xx_hal_i2c.o
HAL_DMA_DeInit                                    build/stm32h7xx_hal_dma.o
HAL_DMA_GetError                                  build/stm32h7xx_hal_dma.o
                                                  build/stm32h7xx_hal_uart.o
                                                  build/stm32h7xx_hal_spi.o
                                                  build/stm32h7xx_hal_sai.o
                                                  build/stm32h7xx_hal_i2c.o
HAL_DMA_GetState                                  build/stm32h7xx_hal_dma.o
                                                  build/stm32h7xx_hal_i2c.o
HAL_DMA_IRQHandler                                build/stm32h7xx_hal_dma.o
HAL_DMA_Init                                      build/stm32h7xx_hal_dma.o
HAL_DMA_PollForTransfer                           build/stm32h7xx_hal_dma.o
HAL_DMA_RegisterCallback                          build/stm32h7xx_hal_dma.o
HAL_DMA_Start                                     build/stm32h7xx_hal_dma.o
HAL_DMA_Start_IT                                  build/stm32h7xx_hal_dma.o
                                                  build/stm32h7xx_hal_uart.o
                                                  build/stm32h7xx_hal_spi.o
                                                  build/stm32h7xx_hal_sai.o
                                                  build/stm32h7xx_hal_i2c.o
HAL_DMA_UnRegisterCallback                        build/stm32h7xx_hal_dma.o
HAL_DeInit                                        build/stm32h7xx_hal.o
HAL_Delay                                         build/stm32h7xx_hal.o
HAL_DisableCompensationCell                       build/stm32h7xx_hal.o
HAL_DisableDomain3DBGStandbyMode                  build/stm32h7xx_hal.o
HAL_DisableDomain3DBGStopMode                     build/stm32h7xx_hal.o
HAL_EXTI_ClearConfigLine                          build/stm32h7xx_hal_exti.o
HAL_EXTI_ClearPending                             build/stm32h7xx_hal_exti.o
HAL_EXTI_D1_ClearFlag                             build/stm32h7xx_hal.o
HAL_EXTI_D1_EventInputConfig                      build/stm32h7xx_hal.o
HAL_EXTI_D3_EventInputConfig                      build/stm32h7xx_hal.o
HAL_EXTI_EdgeConfig                               build/stm32h7xx_hal.o
HAL_EXTI_GenerateSWI                              build/stm32h7xx_hal_exti.o
HAL_EXTI_GenerateSWInterrupt                      build/stm32h7xx_hal.o
HAL_EXTI_GetConfigLine                            build/stm32h7xx_hal_exti.o
HAL_EXTI_GetHandle                                build/stm32h7xx_hal_exti.o
                                                  build/stm32h7xx_nucleo.o
HAL_EXTI_GetPending                               build/stm32h7xx_hal_exti.o
HAL_EXTI_IRQHandler                               build/stm32h7xx_hal_exti.o
                                                  build/stm32h7xx_nucleo.o
HAL_EXTI_RegisterCallback                         build/stm32h7xx_hal_exti.o
                                                  build/stm32h7xx_nucleo.o
HAL_EXTI_SetConfigLine                            build/stm32h7xx_hal_exti.o
HAL_EnableCompensationCell                        build/stm32h7xx_hal.o
HAL_EnableDomain3DBGStandbyMode                   build/stm32h7xx_hal.o
HAL_EnableDomain3DBGStopMode                      build/stm32h7xx_hal.o
HAL_FLASHEx_ComputeCRC                            build/stm32h7xx_hal_flash_ex.o
HAL_FLASHEx_Erase                                 build/stm32h7xx_hal_flash_ex.o
HAL_FLASHEx_Erase_IT                              build/stm32h7xx_hal_flash_ex.o
HAL_FLASHEx_Lock_Bank1                            build/stm32h7xx_hal_flash_ex.o
HAL_FLASHEx_OBGetConfig                           build/stm32h7xx_hal_flash_ex.o
HAL_FLASHEx_OBProgram                             build/stm32h7xx_hal_flash_ex.o
HAL_FLASHEx_Unlock_Bank1                          build/stm32h7xx_hal_flash_ex.o
HAL_FLASH_EndOfOperationCallback                  build/stm32h7xx_hal_flash.o
HAL_FLASH_GetError                                build/stm32h7xx_hal_flash.o
HAL_FLASH_IRQHandler                              build/stm32h7xx_hal_flash.o
HAL_FLASH_Lock                                    build/stm32h7xx_hal_flash.o
HAL_FLASH_OB_Launch                               build/stm32h7xx_hal_flash.o
HAL_FLASH_OB_Lock                                 build/stm32h7xx_hal_flash.o
HAL_FLASH_OB_Unlock                               build/stm32h7xx_hal_flash.o
HAL_FLASH_OperationErrorCallback                  build/stm32h7xx_hal_flash.o
HAL_FLASH_Program                                 build/stm32h7xx_hal_flash.o
HAL_FLASH_Program_IT                              build/stm32h7xx_hal_flash.o
HAL_FLASH_Unlock                                  build/stm32h7xx_hal_flash.o
HAL_GPIO_DeInit                                   build/stm32h7xx_hal_gpio.o
                                                  build/stm32h7xx_nucleo.o
                                                  build/sai.o
                                                  build/usart.o
                                                  build/i2c.o
                                                  build/spi.o
HAL_GPIO_EXTI_Callback                            build/stm32h7xx_hal_gpio.o
HAL_GPIO_EXTI_IRQHandler                          build/stm32h7xx_hal_gpio.o
HAL_GPIO_Init                                     build/stm32h7xx_hal_gpio.o
                                                  build/stm32h7xx_hal_rcc.o
                                                  build/stm32h7xx_nucleo.o
                                                  build/sai.o
                                                  build/usart.o
                                                  build/i2c.o
                                                  build/spi.o
HAL_GPIO_LockPin                                  build/stm32h7xx_hal_gpio.o
HAL_GPIO_ReadPin                                  build/stm32h7xx_hal_gpio.o
                                                  build/stm32h7xx_nucleo.o
HAL_GPIO_TogglePin                                build/stm32h7xx_hal_gpio.o
                                                  build/stm32h7xx_nucleo.o
HAL_GPIO_WritePin                                 build/stm32h7xx_hal_gpio.o
                                                  build/stm32h7xx_nucleo.o
HAL_GetCurrentCPUID                               build/stm32h7xx_hal_cortex.o
HAL_GetDEVID                                      build/stm32h7xx_hal.o
HAL_GetFMCMemorySwappingConfig                    build/stm32h7xx_hal.o
HAL_GetHalVersion                                 build/stm32h7xx_hal.o
HAL_GetREVID                                      build/stm32h7xx_hal.o
                                                  build/stm32h7xx_hal_rcc_ex.o
HAL_GetTick                                       build/stm32h7xx_hal.o
                                                  build/stm32h7xx_hal_uart_ex.o
                                                  build/stm32h7xx_hal_uart.o
                                                  build/stm32h7xx_hal_spi.o
                                                  build/stm32h7xx_hal_sai.o
                                                  build/stm32h7xx_hal_pwr_ex.o
                                                  build/stm32h7xx_hal_mdma.o
                                                  build/stm32h7xx_hal_dma.o
                                                  build/stm32h7xx_hal_flash.o
                                                  build/stm32h7xx_hal_rcc_ex.o
                                                  build/stm32h7xx_hal_rcc.o
                                                  build/stm32h7xx_hal_i2c.o
HAL_GetTickFreq                                   build/stm32h7xx_hal.o
HAL_GetTickPrio                                   build/stm32h7xx_hal.o
HAL_GetUIDw0                                      build/stm32h7xx_hal.o
HAL_GetUIDw1                                      build/stm32h7xx_hal.o
HAL_GetUIDw2                                      build/stm32h7xx_hal.o
HAL_HSEM_ActivateNotification                     build/stm32h7xx_hal_hsem.o
HAL_HSEM_DeactivateNotification                   build/stm32h7xx_hal_hsem.o
HAL_HSEM_FastTake                                 build/stm32h7xx_hal_hsem.o
HAL_HSEM_FreeCallback                             build/stm32h7xx_hal_hsem.o
HAL_HSEM_GetClearKey                              build/stm32h7xx_hal_hsem.o
HAL_HSEM_IRQHandler                               build/stm32h7xx_hal_hsem.o
HAL_HSEM_IsSemTaken                               build/stm32h7xx_hal_hsem.o
HAL_HSEM_Release                                  build/stm32h7xx_hal_hsem.o
HAL_HSEM_ReleaseAll                               build/stm32h7xx_hal_hsem.o
HAL_HSEM_SetClearKey                              build/stm32h7xx_hal_hsem.o
HAL_HSEM_Take                                     build/stm32h7xx_hal_hsem.o
HAL_HalfDuplex_EnableReceiver                     build/stm32h7xx_hal_uart.o
HAL_HalfDuplex_EnableTransmitter                  build/stm32h7xx_hal_uart.o
HAL_HalfDuplex_Init                               build/stm32h7xx_hal_uart.o
HAL_I2CEx_ConfigAnalogFilter                      build/stm32h7xx_hal_i2c_ex.o
                                                  build/i2c.o
HAL_I2CEx_ConfigDigitalFilter                     build/stm32h7xx_hal_i2c_ex.o
                                                  build/i2c.o
HAL_I2CEx_DisableFastModePlus                     build/stm32h7xx_hal_i2c_ex.o
HAL_I2CEx_DisableWakeUp                           build/stm32h7xx_hal_i2c_ex.o
HAL_I2CEx_EnableFastModePlus                      build/stm32h7xx_hal_i2c_ex.o
HAL_I2CEx_EnableWakeUp                            build/stm32h7xx_hal_i2c_ex.o
HAL_I2C_AbortCpltCallback                         build/stm32h7xx_hal_i2c.o
HAL_I2C_AddrCallback                              build/stm32h7xx_hal_i2c.o
HAL_I2C_DeInit                                    build/stm32h7xx_hal_i2c.o
HAL_I2C_DisableListen_IT                          build/stm32h7xx_hal_i2c.o
HAL_I2C_ER_IRQHandler                             build/stm32h7xx_hal_i2c.o
HAL_I2C_EV_IRQHandler                             build/stm32h7xx_hal_i2c.o
HAL_I2C_EnableListen_IT                           build/stm32h7xx_hal_i2c.o
HAL_I2C_ErrorCallback                             build/stm32h7xx_hal_i2c.o
HAL_I2C_GetError                                  build/stm32h7xx_hal_i2c.o
HAL_I2C_GetMode                                   build/stm32h7xx_hal_i2c.o
HAL_I2C_GetState                                  build/stm32h7xx_hal_i2c.o
HAL_I2C_Init                                      build/stm32h7xx_hal_i2c.o
                                                  build/i2c.o
HAL_I2C_IsDeviceReady                             build/stm32h7xx_hal_i2c.o
HAL_I2C_ListenCpltCallback                        build/stm32h7xx_hal_i2c.o
HAL_I2C_MasterRxCpltCallback                      build/stm32h7xx_hal_i2c.o
HAL_I2C_MasterTxCpltCallback                      build/stm32h7xx_hal_i2c.o
HAL_I2C_Master_Abort_IT                           build/stm32h7xx_hal_i2c.o
HAL_I2C_Master_Receive                            build/stm32h7xx_hal_i2c.o
HAL_I2C_Master_Receive_DMA                        build/stm32h7xx_hal_i2c.o
HAL_I2C_Master_Receive_IT                         build/stm32h7xx_hal_i2c.o
HAL_I2C_Master_Seq_Receive_DMA                    build/stm32h7xx_hal_i2c.o
HAL_I2C_Master_Seq_Receive_IT                     build/stm32h7xx_hal_i2c.o
HAL_I2C_Master_Seq_Transmit_DMA                   build/stm32h7xx_hal_i2c.o
HAL_I2C_Master_Seq_Transmit_IT                    build/stm32h7xx_hal_i2c.o
HAL_I2C_Master_Transmit                           build/stm32h7xx_hal_i2c.o
HAL_I2C_Master_Transmit_DMA                       build/stm32h7xx_hal_i2c.o
HAL_I2C_Master_Transmit_IT                        build/stm32h7xx_hal_i2c.o
HAL_I2C_MemRxCpltCallback                         build/stm32h7xx_hal_i2c.o
HAL_I2C_MemTxCpltCallback                         build/stm32h7xx_hal_i2c.o
HAL_I2C_Mem_Read                                  build/stm32h7xx_hal_i2c.o
HAL_I2C_Mem_Read_DMA                              build/stm32h7xx_hal_i2c.o
HAL_I2C_Mem_Read_IT                               build/stm32h7xx_hal_i2c.o
HAL_I2C_Mem_Write                                 build/stm32h7xx_hal_i2c.o
HAL_I2C_Mem_Write_DMA                             build/stm32h7xx_hal_i2c.o
HAL_I2C_Mem_Write_IT                              build/stm32h7xx_hal_i2c.o
HAL_I2C_MspDeInit                                 build/i2c.o
HAL_I2C_MspInit                                   build/i2c.o
HAL_I2C_SlaveRxCpltCallback                       build/stm32h7xx_hal_i2c.o
HAL_I2C_SlaveTxCpltCallback                       build/stm32h7xx_hal_i2c.o
HAL_I2C_Slave_Receive                             build/stm32h7xx_hal_i2c.o
HAL_I2C_Slave_Receive_DMA                         build/stm32h7xx_hal_i2c.o
HAL_I2C_Slave_Receive_IT                          build/stm32h7xx_hal_i2c.o
HAL_I2C_Slave_Seq_Receive_DMA                     build/stm32h7xx_hal_i2c.o
HAL_I2C_Slave_Seq_Receive_IT                      build/stm32h7xx_hal_i2c.o
HAL_I2C_Slave_Seq_Transmit_DMA                    build/stm32h7xx_hal_i2c.o
HAL_I2C_Slave_Seq_Transmit_IT                     build/stm32h7xx_hal_i2c.o
HAL_I2C_Slave_Transmit                            build/stm32h7xx_hal_i2c.o
HAL_I2C_Slave_Transmit_DMA                        build/stm32h7xx_hal_i2c.o
HAL_I2C_Slave_Transmit_IT                         build/stm32h7xx_hal_i2c.o
HAL_I2S_Init                                      build/i2s_audio.o
HAL_I2S_Transmit_DMA                              build/i2s_audio.o
HAL_IncTick                                       build/stm32h7xx_hal.o
                                                  build/stm32h7xx_it.o
HAL_Init                                          build/stm32h7xx_hal.o
                                                  build/main.o
HAL_InitTick                                      build/stm32h7xx_hal.o
                                                  build/stm32h7xx_hal_rcc.o
HAL_LIN_Init                                      build/stm32h7xx_hal_uart.o
HAL_LIN_SendBreak                                 build/stm32h7xx_hal_uart.o
HAL_MDMA_Abort                                    build/stm32h7xx_hal_mdma.o
HAL_MDMA_Abort_IT                                 build/stm32h7xx_hal_mdma.o
HAL_MDMA_ConfigPostRequestMask                    build/stm32h7xx_hal_mdma.o
HAL_MDMA_DeInit                                   build/stm32h7xx_hal_mdma.o
HAL_MDMA_GenerateSWRequest                        build/stm32h7xx_hal_mdma.o
HAL_MDMA_GetError                                 build/stm32h7xx_hal_mdma.o
HAL_MDMA_GetState                                 build/stm32h7xx_hal_mdma.o
HAL_MDMA_IRQHandler                               build/stm32h7xx_hal_mdma.o
HAL_MDMA_Init                                     build/stm32h7xx_hal_mdma.o
HAL_MDMA_LinkedList_AddNode                       build/stm32h7xx_hal_mdma.o
HAL_MDMA_LinkedList_CreateNode                    build/stm32h7xx_hal_mdma.o
HAL_MDMA_LinkedList_DisableCircularMode           build/stm32h7xx_hal_mdma.o
HAL_MDMA_LinkedList_EnableCircularMode            build/stm32h7xx_hal_mdma.o
HAL_MDMA_LinkedList_RemoveNode                    build/stm32h7xx_hal_mdma.o
HAL_MDMA_PollForTransfer                          build/stm32h7xx_hal_mdma.o
HAL_MDMA_RegisterCallback                         build/stm32h7xx_hal_mdma.o
HAL_MDMA_Start                                    build/stm32h7xx_hal_mdma.o
HAL_MDMA_Start_IT                                 build/stm32h7xx_hal_mdma.o
HAL_MDMA_UnRegisterCallback                       build/stm32h7xx_hal_mdma.o
HAL_MPU_ConfigRegion                              build/stm32h7xx_hal_cortex.o
                                                  build/main.o
HAL_MPU_Disable                                   build/stm32h7xx_hal_cortex.o
                                                  build/main.o
HAL_MPU_DisableRegion                             build/stm32h7xx_hal_cortex.o
HAL_MPU_Enable                                    build/stm32h7xx_hal_cortex.o
                                                  build/main.o
HAL_MPU_EnableRegion                              build/stm32h7xx_hal_cortex.o
HAL_MspDeInit                                     build/stm32h7xx_hal.o
HAL_MspInit                                       build/stm32h7xx_hal_msp.o
HAL_MultiProcessorEx_AddressLength_Set            build/stm32h7xx_hal_uart_ex.o
HAL_MultiProcessor_DisableMuteMode                build/stm32h7xx_hal_uart.o
HAL_MultiProcessor_EnableMuteMode                 build/stm32h7xx_hal_uart.o
HAL_MultiProcessor_EnterMuteMode                  build/stm32h7xx_hal_uart.o
HAL_MultiProcessor_Init                           build/stm32h7xx_hal_uart.o
HAL_NVIC_ClearPendingIRQ                          build/stm32h7xx_hal_cortex.o
HAL_NVIC_DisableIRQ                               build/stm32h7xx_hal_cortex.o
                                                  build/stm32h7xx_nucleo.o
HAL_NVIC_EnableIRQ                                build/stm32h7xx_hal_cortex.o
                                                  build/stm32h7xx_nucleo.o
HAL_NVIC_GetActive                                build/stm32h7xx_hal_cortex.o
HAL_NVIC_GetPendingIRQ                            build/stm32h7xx_hal_cortex.o
HAL_NVIC_GetPriority                              build/stm32h7xx_hal_cortex.o
HAL_NVIC_GetPriorityGrouping                      build/stm32h7xx_hal_cortex.o
HAL_NVIC_SetPendingIRQ                            build/stm32h7xx_hal_cortex.o
HAL_NVIC_SetPriority                              build/stm32h7xx_hal_cortex.o
                                                  build/stm32h7xx_hal.o
                                                  build/stm32h7xx_nucleo.o
HAL_NVIC_SetPriorityGrouping                      build/stm32h7xx_hal_cortex.o
                                                  build/stm32h7xx_hal.o
HAL_NVIC_SystemReset                              build/stm32h7xx_hal_cortex.o
HAL_PWREx_AVDCallback                             build/stm32h7xx_hal_pwr_ex.o
HAL_PWREx_ClearPendingEvent                       build/stm32h7xx_hal_pwr_ex.o
HAL_PWREx_ClearWakeupFlag                         build/stm32h7xx_hal_pwr_ex.o
HAL_PWREx_ConfigAVD                               build/stm32h7xx_hal_pwr_ex.o
HAL_PWREx_ConfigD3Domain                          build/stm32h7xx_hal_pwr_ex.o
HAL_PWREx_ConfigSupply                            build/stm32h7xx_hal_pwr_ex.o
                                                  build/main.o
HAL_PWREx_ControlStopModeVoltageScaling           build/stm32h7xx_hal_pwr_ex.o
HAL_PWREx_ControlVoltageScaling                   build/stm32h7xx_hal_pwr_ex.o
HAL_PWREx_DisableAVD                              build/stm32h7xx_hal_pwr_ex.o
HAL_PWREx_DisableBatteryCharging                  build/stm32h7xx_hal_pwr_ex.o
HAL_PWREx_DisableBkUpReg                          build/stm32h7xx_hal_pwr_ex.o
HAL_PWREx_DisableFlashPowerDown                   build/stm32h7xx_hal_pwr_ex.o
HAL_PWREx_DisableMonitoring                       build/stm32h7xx_hal_pwr_ex.o
HAL_PWREx_DisableUSBReg                           build/stm32h7xx_hal_pwr_ex.o
HAL_PWREx_DisableUSBVoltageDetector               build/stm32h7xx_hal_pwr_ex.o
HAL_PWREx_DisableWakeUpPin                        build/stm32h7xx_hal_pwr_ex.o
HAL_PWREx_EnableAVD                               build/stm32h7xx_hal_pwr_ex.o
HAL_PWREx_EnableBatteryCharging                   build/stm32h7xx_hal_pwr_ex.o
HAL_PWREx_EnableBkUpReg                           build/stm32h7xx_hal_pwr_ex.o
HAL_PWREx_EnableFlashPowerDown                    build/stm32h7xx_hal_pwr_ex.o
HAL_PWREx_EnableMonitoring                        build/stm32h7xx_hal_pwr_ex.o
HAL_PWREx_EnableUSBReg                            build/stm32h7xx_hal_pwr_ex.o
HAL_PWREx_EnableUSBVoltageDetector                build/stm32h7xx_hal_pwr_ex.o
HAL_PWREx_EnableWakeUpPin                         build/stm32h7xx_hal_pwr_ex.o
HAL_PWREx_EnterSTANDBYMode                        build/stm32h7xx_hal_pwr_ex.o
HAL_PWREx_EnterSTOPMode                           build/stm32h7xx_hal_pwr_ex.o
HAL_PWREx_GetStopModeVoltageRange                 build/stm32h7xx_hal_pwr_ex.o
HAL_PWREx_GetSupplyConfig                         build/stm32h7xx_hal_pwr_ex.o
HAL_PWREx_GetTemperatureLevel                     build/stm32h7xx_hal_pwr_ex.o
HAL_PWREx_GetVBATLevel                            build/stm32h7xx_hal_pwr_ex.o
HAL_PWREx_GetVoltageRange                         build/stm32h7xx_hal_pwr_ex.o
HAL_PWREx_GetWakeupFlag                           build/stm32h7xx_hal_pwr_ex.o
HAL_PWREx_PVD_AVD_IRQHandler                      build/stm32h7xx_hal_pwr_ex.o
HAL_PWREx_WAKEUP_PIN_IRQHandler                   build/stm32h7xx_hal_pwr_ex.o
HAL_PWREx_WKUP1_Callback                          build/stm32h7xx_hal_pwr_ex.o
HAL_PWREx_WKUP2_Callback                          build/stm32h7xx_hal_pwr_ex.o
HAL_PWREx_WKUP4_Callback                          build/stm32h7xx_hal_pwr_ex.o
HAL_PWREx_WKUP6_Callback                          build/stm32h7xx_hal_pwr_ex.o
HAL_PWR_ConfigPVD                                 build/stm32h7xx_hal_pwr.o
HAL_PWR_DeInit                                    build/stm32h7xx_hal_pwr.o
HAL_PWR_DisableBkUpAccess                         build/stm32h7xx_hal_pwr.o
HAL_PWR_DisablePVD                                build/stm32h7xx_hal_pwr.o
HAL_PWR_DisableSEVOnPend                          build/stm32h7xx_hal_pwr.o
HAL_PWR_DisableSleepOnExit                        build/stm32h7xx_hal_pwr.o
HAL_PWR_DisableWakeUpPin                          build/stm32h7xx_hal_pwr.o
HAL_PWR_EnableBkUpAccess                          build/stm32h7xx_hal_pwr.o
HAL_PWR_EnablePVD                                 build/stm32h7xx_hal_pwr.o
HAL_PWR_EnableSEVOnPend                           build/stm32h7xx_hal_pwr.o
HAL_PWR_EnableSleepOnExit                         build/stm32h7xx_hal_pwr.o
HAL_PWR_EnableWakeUpPin                           build/stm32h7xx_hal_pwr.o
HAL_PWR_EnterSLEEPMode                            build/stm32h7xx_hal_pwr.o
HAL_PWR_EnterSTANDBYMode                          build/stm32h7xx_hal_pwr.o
HAL_PWR_EnterSTOPMode                             build/stm32h7xx_hal_pwr.o
HAL_PWR_PVDCallback                               build/stm32h7xx_hal_pwr.o
                                                  build/stm32h7xx_hal_pwr_ex.o
HAL_PWR_PVD_IRQHandler                            build/stm32h7xx_hal_pwr.o
HAL_RCCEx_CRSConfig                               build/stm32h7xx_hal_rcc_ex.o
HAL_RCCEx_CRSGetSynchronizationInfo               build/stm32h7xx_hal_rcc_ex.o
HAL_RCCEx_CRSSoftwareSynchronizationGenerate      build/stm32h7xx_hal_rcc_ex.o
HAL_RCCEx_CRSWaitSynchronization                  build/stm32h7xx_hal_rcc_ex.o
HAL_RCCEx_CRS_ErrorCallback                       build/stm32h7xx_hal_rcc_ex.o
HAL_RCCEx_CRS_ExpectedSyncCallback                build/stm32h7xx_hal_rcc_ex.o
HAL_RCCEx_CRS_IRQHandler                          build/stm32h7xx_hal_rcc_ex.o
HAL_RCCEx_CRS_SyncOkCallback                      build/stm32h7xx_hal_rcc_ex.o
HAL_RCCEx_CRS_SyncWarnCallback                    build/stm32h7xx_hal_rcc_ex.o
HAL_RCCEx_DisableLSECSS                           build/stm32h7xx_hal_rcc_ex.o
HAL_RCCEx_EnableLSECSS                            build/stm32h7xx_hal_rcc_ex.o
HAL_RCCEx_EnableLSECSS_IT                         build/stm32h7xx_hal_rcc_ex.o
HAL_RCCEx_GetD1PCLK1Freq                          build/stm32h7xx_hal_rcc_ex.o
HAL_RCCEx_GetD1SysClockFreq                       build/stm32h7xx_hal_rcc_ex.o
HAL_RCCEx_GetD3PCLK1Freq                          build/stm32h7xx_hal_rcc_ex.o
                                                  build/stm32h7xx_hal_uart.o
HAL_RCCEx_GetPLL1ClockFreq                        build/stm32h7xx_hal_rcc_ex.o
HAL_RCCEx_GetPLL2ClockFreq                        build/stm32h7xx_hal_rcc_ex.o
                                                  build/stm32h7xx_hal_uart.o
HAL_RCCEx_GetPLL3ClockFreq                        build/stm32h7xx_hal_rcc_ex.o
                                                  build/stm32h7xx_hal_uart.o
HAL_RCCEx_GetPeriphCLKConfig                      build/stm32h7xx_hal_rcc_ex.o
HAL_RCCEx_GetPeriphCLKFreq                        build/stm32h7xx_hal_rcc_ex.o
                                                  build/stm32h7xx_hal_sai.o
HAL_RCCEx_KerWakeUpStopCLKConfig                  build/stm32h7xx_hal_rcc_ex.o
HAL_RCCEx_LSECSS_Callback                         build/stm32h7xx_hal_rcc_ex.o
HAL_RCCEx_LSECSS_IRQHandler                       build/stm32h7xx_hal_rcc_ex.o
HAL_RCCEx_PeriphCLKConfig                         build/stm32h7xx_hal_rcc_ex.o
                                                  build/sai.o
                                                  build/usart.o
                                                  build/i2c.o
                                                  build/spi.o
HAL_RCCEx_WWDGxSysResetConfig                     build/stm32h7xx_hal_rcc_ex.o
HAL_RCCEx_WakeUpStopCLKConfig                     build/stm32h7xx_hal_rcc_ex.o
HAL_RCC_CSSCallback                               build/stm32h7xx_hal_rcc.o
HAL_RCC_ClockConfig                               build/stm32h7xx_hal_rcc.o
                                                  build/main.o
HAL_RCC_DeInit                                    build/stm32h7xx_hal_rcc.o
HAL_RCC_DisableCSS                                build/stm32h7xx_hal_rcc.o
HAL_RCC_EnableCSS                                 build/stm32h7xx_hal_rcc.o
HAL_RCC_GetClockConfig                            build/stm32h7xx_hal_rcc.o
HAL_RCC_GetHCLKFreq                               build/stm32h7xx_hal_rcc.o
                                                  build/stm32h7xx_hal_rcc_ex.o
HAL_RCC_GetOscConfig                              build/stm32h7xx_hal_rcc.o
HAL_RCC_GetPCLK1Freq                              build/stm32h7xx_hal_rcc.o
                                                  build/stm32h7xx_hal_uart.o
                                                  build/stm32h7xx_hal_rcc_ex.o
HAL_RCC_GetPCLK2Freq                              build/stm32h7xx_hal_rcc.o
                                                  build/stm32h7xx_hal_uart.o
HAL_RCC_GetSysClockFreq                           build/stm32h7xx_hal_rcc.o
                                                  build/stm32h7xx_hal.o
                                                  build/stm32h7xx_hal_rcc_ex.o
HAL_RCC_MCOConfig                                 build/stm32h7xx_hal_rcc.o
HAL_RCC_NMI_IRQHandler                            build/stm32h7xx_hal_rcc.o
HAL_RCC_OscConfig                                 build/stm32h7xx_hal_rcc.o
                                                  build/main.o
HAL_RS485Ex_Init                                  build/stm32h7xx_hal_uart_ex.o
HAL_ResumeTick                                    build/stm32h7xx_hal.o
HAL_SAI_Abort                                     build/stm32h7xx_hal_sai.o
HAL_SAI_DMAPause                                  build/stm32h7xx_hal_sai.o
HAL_SAI_DMAResume                                 build/stm32h7xx_hal_sai.o
HAL_SAI_DMAStop                                   build/stm32h7xx_hal_sai.o
HAL_SAI_DeInit                                    build/stm32h7xx_hal_sai.o
HAL_SAI_DisableRxMuteMode                         build/stm32h7xx_hal_sai.o
HAL_SAI_DisableTxMuteMode                         build/stm32h7xx_hal_sai.o
HAL_SAI_EnableRxMuteMode                          build/stm32h7xx_hal_sai.o
HAL_SAI_EnableTxMuteMode                          build/stm32h7xx_hal_sai.o
HAL_SAI_ErrorCallback                             build/stm32h7xx_hal_sai.o
HAL_SAI_GetError                                  build/stm32h7xx_hal_sai.o
HAL_SAI_GetState                                  build/stm32h7xx_hal_sai.o
HAL_SAI_IRQHandler                                build/stm32h7xx_hal_sai.o
HAL_SAI_Init                                      build/stm32h7xx_hal_sai.o
                                                  build/sai.o
HAL_SAI_InitProtocol                              build/stm32h7xx_hal_sai.o