Archive member included to satisfy reference by file (symbol)

C:/Program Files (x86)/Arm GNU Toolchain arm-none-eabi/14.3 rel1/bin/../lib/gcc/arm-none-eabi/14.3.1/../../../../arm-none-eabi/lib/thumb/v7e-m+dp/hard\libc_nano.a(libc_a-exit.o)
                              C:/Program Files (x86)/Arm GNU Toolchain arm-none-eabi/14.3 rel1/bin/../lib/gcc/arm-none-eabi/14.3.1/../../../../arm-none-eabi/lib/thumb/v7e-m+dp/hard/crt0.o (exit)
C:/Program Files (x86)/Arm GNU Toolchain arm-none-eabi/14.3 rel1/bin/../lib/gcc/arm-none-eabi/14.3.1/../../../../arm-none-eabi/lib/thumb/v7e-m+dp/hard\libc_nano.a(libc_a-findfp.o)
                              C:/Program Files (x86)/Arm GNU Toolchain arm-none-eabi/14.3 rel1/bin/../lib/gcc/arm-none-eabi/14.3.1/../../../../arm-none-eabi/lib/thumb/v7e-m+dp/hard\libc_nano.a(libc_a-exit.o) (__stdio_exit_handler)
C:/Program Files (x86)/Arm GNU Toolchain arm-none-eabi/14.3 rel1/bin/../lib/gcc/arm-none-eabi/14.3.1/../../../../arm-none-eabi/lib/thumb/v7e-m+dp/hard\libc_nano.a(libc_a-fwalk.o)
                              C:/Program Files (x86)/Arm GNU Toolchain arm-none-eabi/14.3 rel1/bin/../lib/gcc/arm-none-eabi/14.3.1/../../../../arm-none-eabi/lib/thumb/v7e-m+dp/hard\libc_nano.a(libc_a-findfp.o) (_fwalk_sglue)
C:/Program Files (x86)/Arm GNU Toolchain arm-none-eabi/14.3 rel1/bin/../lib/gcc/arm-none-eabi/14.3.1/../../../../arm-none-eabi/lib/thumb/v7e-m+dp/hard\libc_nano.a(libc_a-printf.o)
                              build/main.o (printf)
C:/Program Files (x86)/Arm GNU Toolchain arm-none-eabi/14.3 rel1/bin/../lib/gcc/arm-none-eabi/14.3.1/../../../../arm-none-eabi/lib/thumb/v7e-m+dp/hard\libc_nano.a(libc_a-stdio.o)
                              C:/Program Files (x86)/Arm GNU Toolchain arm-none-eabi/14.3 rel1/bin/../lib/gcc/arm-none-eabi/14.3.1/../../../../arm-none-eabi/lib/thumb/v7e-m+dp/hard\libc_nano.a(libc_a-findfp.o) (__sread)
C:/Program Files (x86)/Arm GNU Toolchain arm-none-eabi/14.3 rel1/bin/../lib/gcc/arm-none-eabi/14.3.1/../../../../arm-none-eabi/lib/thumb/v7e-m+dp/hard\libc_nano.a(libc_a-memset.o)
                              C:/Program Files (x86)/Arm GNU Toolchain arm-none-eabi/14.3 rel1/bin/../lib/gcc/arm-none-eabi/14.3.1/../../../../arm-none-eabi/lib/thumb/v7e-m+dp/hard/crt0.o (memset)
C:/Program Files (x86)/Arm GNU Toolchain arm-none-eabi/14.3 rel1/bin/../lib/gcc/arm-none-eabi/14.3.1/../../../../arm-none-eabi/lib/thumb/v7e-m+dp/hard\libc_nano.a(libc_a-closer.o)
                              C:/Program Files (x86)/Arm GNU Toolchain arm-none-eabi/14.3 rel1/bin/../lib/gcc/arm-none-eabi/14.3.1/../../../../arm-none-eabi/lib/thumb/v7e-m+dp/hard\libc_nano.a(libc_a-stdio.o) (_close_r)
C:/Program Files (x86)/Arm GNU Toolchain arm-none-eabi/14.3 rel1/bin/../lib/gcc/arm-none-eabi/14.3.1/../../../../arm-none-eabi/lib/thumb/v7e-m+dp/hard\libc_nano.a(libc_a-reent.o)
                              C:/Program Files (x86)/Arm GNU Toolchain arm-none-eabi/14.3 rel1/bin/../lib/gcc/arm-none-eabi/14.3.1/../../../../arm-none-eabi/lib/thumb/v7e-m+dp/hard\libc_nano.a(libc_a-closer.o) (errno)
C:/Program Files (x86)/Arm GNU Toolchain arm-none-eabi/14.3 rel1/bin/../lib/gcc/arm-none-eabi/14.3.1/../../../../arm-none-eabi/lib/thumb/v7e-m+dp/hard\libc_nano.a(libc_a-impure.o)
                              C:/Program Files (x86)/Arm GNU Toolchain arm-none-eabi/14.3 rel1/bin/../lib/gcc/arm-none-eabi/14.3.1/../../../../arm-none-eabi/lib/thumb/v7e-m+dp/hard\libc_nano.a(libc_a-printf.o) (_impure_ptr)
C:/Program Files (x86)/Arm GNU Toolchain arm-none-eabi/14.3 rel1/bin/../lib/gcc/arm-none-eabi/14.3.1/../../../../arm-none-eabi/lib/thumb/v7e-m+dp/hard\libc_nano.a(libc_a-lseekr.o)
                              C:/Program Files (x86)/Arm GNU Toolchain arm-none-eabi/14.3 rel1/bin/../lib/gcc/arm-none-eabi/14.3.1/../../../../arm-none-eabi/lib/thumb/v7e-m+dp/hard\libc_nano.a(libc_a-stdio.o) (_lseek_r)
C:/Program Files (x86)/Arm GNU Toolchain arm-none-eabi/14.3 rel1/bin/../lib/gcc/arm-none-eabi/14.3.1/../../../../arm-none-eabi/lib/thumb/v7e-m+dp/hard\libc_nano.a(libc_a-readr.o)
                              C:/Program Files (x86)/Arm GNU Toolchain arm-none-eabi/14.3 rel1/bin/../lib/gcc/arm-none-eabi/14.3.1/../../../../arm-none-eabi/lib/thumb/v7e-m+dp/hard\libc_nano.a(libc_a-stdio.o) (_read_r)
C:/Program Files (x86)/Arm GNU Toolchain arm-none-eabi/14.3 rel1/bin/../lib/gcc/arm-none-eabi/14.3.1/../../../../arm-none-eabi/lib/thumb/v7e-m+dp/hard\libc_nano.a(libc_a-writer.o)
                              C:/Program Files (x86)/Arm GNU Toolchain arm-none-eabi/14.3 rel1/bin/../lib/gcc/arm-none-eabi/14.3.1/../../../../arm-none-eabi/lib/thumb/v7e-m+dp/hard\libc_nano.a(libc_a-stdio.o) (_write_r)
C:/Program Files (x86)/Arm GNU Toolchain arm-none-eabi/14.3 rel1/bin/../lib/gcc/arm-none-eabi/14.3.1/../../../../arm-none-eabi/lib/thumb/v7e-m+dp/hard\libc_nano.a(libc_a-errno.o)
                              build/sysmem.o (__errno)
[...]
Memory Configuration

Name             Origin             Length             Attributes
DTCMRAM          0x20000000         0x00020000         xrw
RAM_D1           0x24000000         0x00050000         xrw
RAM_D2           0x30000000         0x00008000         xrw
RAM_D3           0x38000000         0x00004000         xrw
ITCMRAM          0x00000000         0x00010000         xrw
FLASH            0x08000000         0x00100000         xr
*default*        0x00000000         0xffffffff

Linker script and memory map

LOAD C:/Program Files (x86)/Arm GNU Toolchain arm-none-eabi/14.3 rel1/bin/../lib/gcc/arm-none-eabi/14.3.1/thumb/v7e-m+dp/hard/crti.o
LOAD C:/Program Files (x86)/Arm GNU Toolchain arm-none-eabi/14.3 rel1/bin/../lib/gcc/arm-none-eabi/14.3.1/thumb/v7e-m+dp/hard/crtbegin.o
LOAD C:/Program Files (x86)/Arm GNU Toolchain arm-none-eabi/14.3 rel1/bin/../lib/gcc/arm-none-eabi/14.3.1/../../../../arm-none-eabi/lib/thumb/v7e-m+dp/hard/crt0.o
LOAD build/main.o
LOAD build/gpio.o
LOAD build/spi.o
LOAD build/stm32h7xx_it.o
LOAD build/stm32h7xx_hal_msp.o
LOAD build/system_stm32h7xx.o
LOAD build/sysmem.o
LOAD build/syscalls.o
LOAD build/i2s_audio.o
LOAD build/i2c.o
LOAD build/usart.o
LOAD build/sai.o
LOAD build/stm32h7xx_nucleo.o
LOAD build/stm32h7xx_hal_cortex.o
LOAD build/stm32h7xx_hal_i2c.o
LOAD build/stm32h7xx_hal_i2c_ex.o
LOAD build/stm32h7xx_hal_rcc.o
LOAD build/stm32h7xx_hal_rcc_ex.o
LOAD build/stm32h7xx_hal_flash.o
LOAD build/stm32h7xx_hal_flash_ex.o
LOAD build/stm32h7xx_hal_gpio.o
LOAD build/stm32h7xx_hal_hsem.o
LOAD build/stm32h7xx_hal_dma.o
LOAD build/stm32h7xx_hal_dma_ex.o
LOAD build/stm32h7xx_hal_mdma.o
LOAD build/stm32h7xx_hal_pwr.o
LOAD build/stm32h7xx_hal_pwr_ex.o
LOAD build/stm32h7xx_hal.o
LOAD build/stm32h7xx_hal_exti.o
LOAD build/stm32h7xx_hal_sai.o
LOAD build/stm32h7xx_hal_spi.o
LOAD build/stm32h7xx_hal_spi_ex.o
LOAD build/stm32h7xx_hal_tim.o
LOAD build/stm32h7xx_hal_tim_ex.o
LOAD build/stm32h7xx_hal_uart.o
LOAD build/stm32h7xx_hal_uart_ex.o
LOAD build/stm32h7xx_hal_usart.o
LOAD build/stm32h7xx_hal_usart_ex.o
LOAD build/stm32h7xx_hal_sai_ex.o
LOAD build/dma.o
LOAD build/dma2d.o
LOAD build/stm32h7xx_hal_dma2d.o
LOAD build/startup_stm32h723xx.o
LOAD C:/Program Files (x86)/Arm GNU Toolchain arm-none-eabi/14.3 rel1/bin/../lib/gcc/arm-none-eabi/14.3.1/../../../../arm-none-eabi/lib/thumb/v7e-m+dp/hard\libc_nano.a
LOAD C:/Program Files (x86)/Arm GNU Toolchain arm-none-eabi/14.3 rel1/bin/../lib/gcc/arm-none-eabi/14.3.1/../../../../arm-none-eabi/lib/thumb/v7e-m+dp/hard\libm.a
LOAD C:/Program Files (x86)/Arm GNU Toolchain arm-none-eabi/14.3 rel1/bin/../lib/gcc/arm-none-eabi/14.3.1/../../../../arm-none-eabi/lib/thumb/v7e-m+dp/hard\libnosys.a
START GROUP
LOAD C:/Program Files (x86)/Arm GNU Toolchain arm-none-eabi/14.3 rel1/bin/../lib/gcc/arm-none-eabi/14.3.1/thumb/v7e-m+dp/hard\libgcc.a
LOAD C:/Program Files (x86)/Arm GNU Toolchain arm-none-eabi/14.3 rel1/bin/../lib/gcc/arm-none-eabi/14.3.1/../../../../arm-none-eabi/lib/thumb/v7e-m+dp/hard\libc_nano.a
END GROUP
START GROUP
LOAD C:/Program Files (x86)/Arm GNU Toolchain arm-none-eabi/14.3 rel1/bin/../lib/gcc/arm-none-eabi/14.3.1/thumb/v7e-m+dp/hard\libgcc.a
LOAD C:/Program Files (x86)/Arm GNU Toolchain arm-none-eabi/14.3 rel1/bin/../lib/gcc/arm-none-eabi/14.3.1/../../../../arm-none-eabi/lib/thumb/v7e-m+dp/hard\libc_nano.a
END GROUP
LOAD C:/Program Files (x86)/Arm GNU Toolchain arm-none-eabi/14.3 rel1/bin/../lib/gcc/arm-none-eabi/14.3.1/thumb/v7e-m+dp/hard/crtend.o
LOAD C:/Program Files (x86)/Arm GNU Toolchain arm-none-eabi/14.3 rel1/bin/../lib/gcc/arm-none-eabi/14.3.1/thumb/v7e-m+dp/hard/crtn.o
                0x20020000                        _estack = (ORIGIN (DTCMRAM) + LENGTH (DTCMRAM))
                0x00000200                        _Min_Heap_Size = 0x200
                0x00000400                        _Min_Stack_Size = 0x400

.isr_vector     0x08000000      0x2cc
                0x08000000                        . = ALIGN (0x4)
 *(.isr_vector)
 .isr_vector    0x08000000      0x2cc build/startup_stm32h723xx.o
                0x08000000                g_pfnVectors
                0x080002cc                        . = ALIGN (0x4)

.text           0x080002d0     0x6ec0
                0x080002d0                        . = ALIGN (0x4)
 *(.text)
 .text          0x080002d0       0xa0 C:/Program Files (x86)/Arm GNU Toolchain arm-none-eabi/14.3 rel1/bin/../lib/gcc/arm-none-eabi/14.3.1/../../../../arm-none-eabi/lib/thumb/v7e-m+dp/hard\libc_nano.a(libc_a-memchr.o)
                0x080002d0                memchr
 .text          0x08000370       0x30 C:/Program Files (x86)/Arm GNU Toolchain arm-none-eabi/14.3 rel1/bin/../lib/gcc/arm-none-eabi/14.3.1/thumb/v7e-m+dp/hard\libgcc.a(_aeabi_uldivmod.o)
                0x08000370                __aeabi_uldivmod
 .text          0x080003a0        0x4 C:/Program Files (x86)/Arm GNU Toolchain arm-none-eabi/14.3 rel1/bin/../lib/gcc/arm-none-eabi/14.3.1/thumb/v7e-m+dp/hard\libgcc.a(_dvmd_tls.o)
                0x080003a0                __aeabi_idiv0
                0x080003a0                __aeabi_ldiv0
 *(.text*)
 .text.deregister_tm_clones
                0x080003a4       0x1c C:/Program Files (x86)/Arm GNU Toolchain arm-none-eabi/14.3 rel1/bin/../lib/gcc/arm-none-eabi/14.3.1/thumb/v7e-m+dp/hard/crtbegin.o
 .text.register_tm_clones
                0x080003c0       0x24 C:/Program Files (x86)/Arm GNU Toolchain arm-none-eabi/14.3 rel1/bin/../lib/gcc/arm-none-eabi/14.3.1/thumb/v7e-m+dp/hard/crtbegin.o
 .text.__do_global_dtors_aux
                0x080003e4       0x28 C:/Program Files (x86)/Arm GNU Toolchain arm-none-eabi/14.3 rel1/bin/../lib/gcc/arm-none-eabi/14.3.1/thumb/v7e-m+dp/hard/crtbegin.o
 .text.frame_dummy
                0x0800040c       0x24 C:/Program Files (x86)/Arm GNU Toolchain arm-none-eabi/14.3 rel1/bin/../lib/gcc/arm-none-eabi/14.3.1/thumb/v7e-m+dp/hard/crtbegin.o
 .text.MPU_Config
                0x08000430       0x52 build/main.o
 *fill*         0x08000482        0x2 
 .text._write   0x08000484       0x18 build/main.o
                0x08000484                _write
 .text.BSP_PB_Callback
                0x0800049c       0x10 build/main.o
                0x0800049c                BSP_PB_Callback
 .text.Error_Handler
                0x080004ac        0x4 build/main.o
                0x080004ac                Error_Handler
 .text.SystemClock_Config
                0x080004b0       0xac build/main.o
                0x080004b0                SystemClock_Config
 .text.main     0x0800055c       0xbc build/main.o
                0x0800055c                main
 .text.MX_GPIO_Init
                0x08000618       0x9c build/gpio.o
                0x08000618                MX_GPIO_Init
 .text.MX_SPI1_Init
                0x080006b4       0x58 build/spi.o
                0x080006b4                MX_SPI1_Init
 .text.MX_SPI2_Init
                0x0800070c       0x58 build/spi.o
                0x0800070c                MX_SPI2_Init
 .text.MX_SPI3_Init
                0x08000764       0x58 build/spi.o
                0x08000764                MX_SPI3_Init
 .text.HAL_SPI_MspInit
                0x080007bc      0x1e8 build/spi.o
                0x080007bc                HAL_SPI_MspInit
 .text.NMI_Handler
                0x080009a4        0x2 build/stm32h7xx_it.o
                0x080009a4                NMI_Handler
 .text.HardFault_Handler
                0x080009a6        0x2 build/stm32h7xx_it.o
                0x080009a6                HardFault_Handler
 .text.MemManage_Handler
                0x080009a8        0x2 build/stm32h7xx_it.o
                0x080009a8                MemManage_Handler
 .text.BusFault_Handler
                0x080009aa        0x2 build/stm32h7xx_it.o
                0x080009aa                BusFault_Handler
 .text.UsageFault_Handler
                0x080009ac        0x2 build/stm32h7xx_it.o
                0x080009ac                UsageFault_Handler
 .text.SVC_Handler
                0x080009ae        0x2 build/stm32h7xx_it.o
                0x080009ae                SVC_Handler
 .text.DebugMon_Handler
                0x080009b0        0x2 build/stm32h7xx_it.o
                0x080009b0                DebugMon_Handler
 .text.PendSV_Handler
                0x080009b2        0x2 build/stm32h7xx_it.o
                0x080009b2                PendSV_Handler
 .text.SysTick_Handler
                0x080009b4        0x8 build/stm32h7xx_it.o
                0x080009b4                SysTick_Handler
 .text.DMA1_Stream0_IRQHandler
                0x080009bc       0x10 build/stm32h7xx_it.o
                0x080009bc                DMA1_Stream0_IRQHandler
 .text.EXTI15_10_IRQHandler
                0x080009cc        0xa build/stm32h7xx_it.o
                0x080009cc                EXTI15_10_IRQHandler
 *fill*         0x080009d6        0x2 
 .text.HAL_MspInit
                0x080009d8       0x24 build/stm32h7xx_hal_msp.o
                0x080009d8                HAL_MspInit
 .text.SystemInit
                0x080009fc       0xd0 build/system_stm32h7xx.o
                0x080009fc                SystemInit
 .text.ExitRun0Mode
                0x08000acc       0x1c build/system_stm32h7xx.o
                0x08000acc                ExitRun0Mode
 .text._sbrk    0x08000ae8       0x48 build/sysmem.o
                0x08000ae8                _sbrk
 .text._read    0x08000b30       0x20 build/syscalls.o
                0x08000b30                _read
 .text._close   0x08000b50        0x6 build/syscalls.o
                0x08000b50                _close
 .text._fstat   0x08000b56        0xa build/syscalls.o
                0x08000b56                _fstat
 .text._isatty  0x08000b60        0x4 build/syscalls.o
                0x08000b60                _isatty
 .text._lseek   0x08000b64        0x4 build/syscalls.o
                0x08000b64                _lseek
 .text.MX_I2C1_Init
                0x08000b68       0x58 build/i2c.o
                0x08000b68                MX_I2C1_Init
 .text.MX_I2C2_Init
                0x08000bc0       0x58 build/i2c.o
                0x08000bc0                MX_I2C2_Init
 .text.HAL_I2C_MspInit
                0x08000c18      0x108 build/i2c.o
                0x08000c18                HAL_I2C_MspInit
 .text.MX_UART4_Init
                0x08000d20       0x68 build/usart.o
                0x08000d20                MX_UART4_Init
 .text.MX_USART1_UART_Init
                0x08000d88       0x68 build/usart.o
                0x08000d88                MX_USART1_UART_Init
 .text.MX_USART3_UART_Init
                0x08000df0       0x34 build/usart.o
                0x08000df0                MX_USART3_UART_Init
 .text.HAL_UART_MspInit
                0x08000e24      0x140 build/usart.o
                0x08000e24                HAL_UART_MspInit
 .text.MX_SAI1_Init
                0x08000f64       0x40 build/sai.o
                0x08000f64                MX_SAI1_Init
 .text.MX_SAI4_Init
                0x08000fa4       0x68 build/sai.o
                0x08000fa4                MX_SAI4_Init
 .text.HAL_SAI_MspInit
                0x0800100c      0x148 build/sai.o
                0x0800100c                HAL_SAI_MspInit
 .text.COM1_MspInit
                0x08001154       0x8c build/stm32h7xx_nucleo.o
 .text.BSP_LED_Init
                0x080011e0       0xa4 build/stm32h7xx_nucleo.o
                0x080011e0                BSP_LED_Init
 .text.BSP_LED_On
                0x08001284       0x2c build/stm32h7xx_nucleo.o
                0x08001284                BSP_LED_On
 .text.BSP_LED_Toggle
                0x080012b0       0x28 build/stm32h7xx_nucleo.o
                0x080012b0                BSP_LED_Toggle
 .text.BSP_PB_Init
                0x080012d8       0x8c build/stm32h7xx_nucleo.o
                0x080012d8                BSP_PB_Init
 .text.BSP_PB_IRQHandler
                0x08001364       0x14 build/stm32h7xx_nucleo.o
                0x08001364                BSP_PB_IRQHandler
 .text.BUTTON_USER_EXTI_Callback
                0x08001378        0xa build/stm32h7xx_nucleo.o
 *fill*         0x08001382        0x2 
 .text.MX_USART3_Init
                0x08001384       0x30 build/stm32h7xx_nucleo.o
                0x08001384                MX_USART3_Init
 .text.BSP_COM_Init
                0x080013b4       0x30 build/stm32h7xx_nucleo.o
                0x080013b4                BSP_COM_Init
 .text.__NVIC_EnableIRQ
                0x080013e4       0x1c build/stm32h7xx_hal_cortex.o
 .text.__NVIC_SetPriority
                0x08001400       0x24 build/stm32h7xx_hal_cortex.o
 .text.NVIC_EncodePriority
                0x08001424       0x3e build/stm32h7xx_hal_cortex.o
 *fill*         0x08001462        0x2 
 .text.HAL_NVIC_SetPriorityGrouping
                0x08001464       0x24 build/stm32h7xx_hal_cortex.o
                0x08001464                HAL_NVIC_SetPriorityGrouping
 .text.HAL_NVIC_SetPriority
                0x08001488       0x20 build/stm32h7xx_hal_cortex.o
                0x08001488                HAL_NVIC_SetPriority
 .text.HAL_NVIC_EnableIRQ
                0x080014a8        0x8 build/stm32h7xx_hal_cortex.o
                0x080014a8                HAL_NVIC_EnableIRQ
 .text.HAL_SYSTICK_Config
                0x080014b0       0x28 build/stm32h7xx_hal_cortex.o
                0x080014b0                HAL_SYSTICK_Config
 .text.HAL_MPU_Disable
                0x080014d8       0x1c build/stm32h7xx_hal_cortex.o
                0x080014d8                HAL_MPU_Disable
 .text.HAL_MPU_Enable
                0x080014f4       0x20 build/stm32h7xx_hal_cortex.o
                0x080014f4                HAL_MPU_Enable
 .text.HAL_MPU_ConfigRegion
                0x08001514       0x58 build/stm32h7xx_hal_cortex.o
                0x08001514                HAL_MPU_ConfigRegion
 .text.HAL_I2C_Init
                0x0800156c       0xc8 build/stm32h7xx_hal_i2c.o
                0x0800156c                HAL_I2C_Init
 .text.HAL_I2CEx_ConfigAnalogFilter
                0x08001634       0x5a build/stm32h7xx_hal_i2c_ex.o
                0x08001634                HAL_I2CEx_ConfigAnalogFilter
 .text.HAL_I2CEx_ConfigDigitalFilter
                0x0800168e       0x56 build/stm32h7xx_hal_i2c_ex.o
                0x0800168e                HAL_I2CEx_ConfigDigitalFilter
 .text.HAL_RCC_OscConfig
                0x080016e4      0x5e4 build/stm32h7xx_hal_rcc.o
                0x080016e4                HAL_RCC_OscConfig
 .text.HAL_RCC_GetSysClockFreq
                0x08001cc8      0x1f8 build/stm32h7xx_hal_rcc.o
                0x08001cc8                HAL_RCC_GetSysClockFreq
 .text.HAL_RCC_ClockConfig
                0x08001ec0      0x294 build/stm32h7xx_hal_rcc.o
                0x08001ec0                HAL_RCC_ClockConfig
 .text.HAL_RCC_GetHCLKFreq
                0x08002154       0x44 build/stm32h7xx_hal_rcc.o
                0x08002154                HAL_RCC_GetHCLKFreq
 .text.HAL_RCC_GetPCLK1Freq
                0x08002198       0x24 build/stm32h7xx_hal_rcc.o
                0x08002198                HAL_RCC_GetPCLK1Freq
 .text.HAL_RCC_GetPCLK2Freq
                0x080021bc       0x24 build/stm32h7xx_hal_rcc.o
                0x080021bc                HAL_RCC_GetPCLK2Freq
 .text.RCCEx_PLL2_Config
                0x080021e0      0x108 build/stm32h7xx_hal_rcc_ex.o
 .text.RCCEx_PLL3_Config
                0x080022e8      0x108 build/stm32h7xx_hal_rcc_ex.o
 .text.HAL_RCCEx_PeriphCLKConfig
                0x080023f0      0xa38 build/stm32h7xx_hal_rcc_ex.o
                0x080023f0                HAL_RCCEx_PeriphCLKConfig
 .text.HAL_RCCEx_GetD3PCLK1Freq
                0x08002e28       0x24 build/stm32h7xx_hal_rcc_ex.o
                0x08002e28                HAL_RCCEx_GetD3PCLK1Freq
 .text.HAL_RCCEx_GetPLL2ClockFreq
                0x08002e4c      0x200 build/stm32h7xx_hal_rcc_ex.o
                0x08002e4c                HAL_RCCEx_GetPLL2ClockFreq
 .text.HAL_RCCEx_GetPLL3ClockFreq
                0x0800304c      0x200 build/stm32h7xx_hal_rcc_ex.o
                0x0800304c                HAL_RCCEx_GetPLL3ClockFreq
 .text.HAL_RCCEx_GetPLL1ClockFreq
                0x0800324c      0x200 build/stm32h7xx_hal_rcc_ex.o
                0x0800324c                HAL_RCCEx_GetPLL1ClockFreq
 .text.HAL_RCCEx_GetPeriphCLKFreq
                0x0800344c      0x608 build/stm32h7xx_hal_rcc_ex.o
                0x0800344c                HAL_RCCEx_GetPeriphCLKFreq
 .text.HAL_GPIO_Init
                0x08003a54      0x214 build/stm32h7xx_hal_gpio.o
                0x08003a54                HAL_GPIO_Init
 .text.HAL_GPIO_WritePin
                0x08003c68        0xc build/stm32h7xx_hal_gpio.o
                0x08003c68                HAL_GPIO_WritePin
 .text.HAL_GPIO_TogglePin
                0x08003c74       0x12 build/stm32h7xx_hal_gpio.o
                0x08003c74                HAL_GPIO_TogglePin
 *fill*         0x08003c86        0x2 
 .text.DMA_CalcBaseAndBitshift
                0x08003c88       0xb0 build/stm32h7xx_hal_dma.o
 .text.DMA_CheckFifoParam
                0x08003d38       0x92 build/stm32h7xx_hal_dma.o
 *fill*         0x08003dca        0x2 
 .text.DMA_CalcDMAMUXChannelBaseAndMask
                0x08003dcc       0xac build/stm32h7xx_hal_dma.o
 .text.DMA_CalcDMAMUXRequestGenBaseAndMask
                0x08003e78       0x7c build/stm32h7xx_hal_dma.o
 .text.HAL_DMA_Init
                0x08003ef4      0x39c build/stm32h7xx_hal_dma.o
                0x08003ef4                HAL_DMA_Init
 .text.HAL_DMA_IRQHandler
                0x08004290      0x734 build/stm32h7xx_hal_dma.o
                0x08004290                HAL_DMA_IRQHandler
 .text.HAL_PWREx_ConfigSupply
                0x080049c4       0x54 build/stm32h7xx_hal_pwr_ex.o
                0x080049c4                HAL_PWREx_ConfigSupply
 .text.HAL_InitTick
                0x08004a18       0x50 build/stm32h7xx_hal.o
                0x08004a18                HAL_InitTick
 .text.HAL_Init
                0x08004a68       0x5c build/stm32h7xx_hal.o
                0x08004a68                HAL_Init
 .text.HAL_IncTick
                0x08004ac4       0x18 build/stm32h7xx_hal.o
                0x08004ac4                HAL_IncTick
 .text.HAL_GetTick
                0x08004adc        0xc build/stm32h7xx_hal.o
                0x08004adc                HAL_GetTick
 .text.HAL_EXTI_RegisterCallback
                0x08004ae8       0x12 build/stm32h7xx_hal_exti.o
                0x08004ae8                HAL_EXTI_RegisterCallback
 .text.HAL_EXTI_GetHandle
                0x08004afa        0xc build/stm32h7xx_hal_exti.o
                0x08004afa                HAL_EXTI_GetHandle
 *fill*         0x08004b06        0x2 
 .text.HAL_EXTI_IRQHandler
                0x08004b08       0x28 build/stm32h7xx_hal_exti.o
                0x08004b08                HAL_EXTI_IRQHandler
 .text.SAI_InitI2S
                0x08004b30      0x12c build/stm32h7xx_hal_sai.o
 .text.SAI_InitPCM
                0x08004c5c       0x94 build/stm32h7xx_hal_sai.o
 .text.SAI_Disable
                0x08004cf0       0x44 build/stm32h7xx_hal_sai.o
 .text.HAL_SAI_Init
                0x08004d34      0x2f8 build/stm32h7xx_hal_sai.o
                0x08004d34                HAL_SAI_Init
 .text.HAL_SAI_InitProtocol
                0x0800502c       0x2a build/stm32h7xx_hal_sai.o
                0x0800502c                HAL_SAI_InitProtocol
 .text.SPI_GetPacketSize
                0x08005056       0x10 build/stm32h7xx_hal_spi.o
 *fill*         0x08005066        0x2 
 .text.HAL_SPI_Init
                0x08005068      0x190 build/stm32h7xx_hal_spi.o
                0x08005068                HAL_SPI_Init
 .text.UART_EndRxTransfer
                0x080051f8       0x58 build/stm32h7xx_hal_uart.o
 .text.UART_SetConfig
                0x08005250      0x6bc build/stm32h7xx_hal_uart.o
                0x08005250                UART_SetConfig
 .text.UART_AdvFeatureConfig
                0x0800590c       0xca build/stm32h7xx_hal_uart.o
                0x0800590c                UART_AdvFeatureConfig
 .text.UART_WaitOnFlagUntilTimeout
                0x080059d6       0xa6 build/stm32h7xx_hal_uart.o
                0x080059d6                UART_WaitOnFlagUntilTimeout
 .text.HAL_UART_Transmit
                0x08005a7c       0xd0 build/stm32h7xx_hal_uart.o
                0x08005a7c                HAL_UART_Transmit
 .text.UART_CheckIdleState
                0x08005b4c       0xca build/stm32h7xx_hal_uart.o
                0x08005b4c                UART_CheckIdleState
 .text.HAL_UART_Init
                0x08005c16       0x66 build/stm32h7xx_hal_uart.o
                0x08005c16                HAL_UART_Init
 .text.UARTEx_SetNbDataToProcess
                0x08005c7c       0x4c build/stm32h7xx_hal_uart_ex.o
 .text.HAL_UARTEx_DisableFifoMode
                0x08005cc8       0x3e build/stm32h7xx_hal_uart_ex.o
                0x08005cc8                HAL_UARTEx_DisableFifoMode
 .text.HAL_UARTEx_SetTxFifoThreshold
                0x08005d06       0x4a build/stm32h7xx_hal_uart_ex.o
                0x08005d06                HAL_UARTEx_SetTxFifoThreshold
 .text.HAL_UARTEx_SetRxFifoThreshold
                0x08005d50       0x4a build/stm32h7xx_hal_uart_ex.o
                0x08005d50                HAL_UARTEx_SetRxFifoThreshold
 *fill*         0x08005d9a        0x2 
 .text.MX_DMA_Init
                0x08005d9c       0x38 build/dma.o
                0x08005d9c                MX_DMA_Init
 .text.MX_DMA2D_Init
                0x08005dd4       0x44 build/dma2d.o
                0x08005dd4                MX_DMA2D_Init
 .text.HAL_DMA2D_MspInit
                0x08005e18       0x34 build/dma2d.o
                0x08005e18                HAL_DMA2D_MspInit
 .text.HAL_DMA2D_Init
                0x08005e4c       0x80 build/stm32h7xx_hal_dma2d.o
                0x08005e4c                HAL_DMA2D_Init
 .text.HAL_DMA2D_ConfigLayer
                0x08005ecc      0x104 build/stm32h7xx_hal_dma2d.o
                0x08005ecc                HAL_DMA2D_ConfigLayer
 .text.Reset_Handler
                0x08005fd0       0x54 build/startup_stm32h723xx.o
                0x08005fd0                Reset_Handler
 .text.Default_Handler
                0x08006024        0x2 build/startup_stm32h723xx.o
                0x08006024                RTC_Alarm_IRQHandler
                0x08006024                EXTI2_IRQHandler
                0x08006024                TIM8_CC_IRQHandler
                0x08006024                UART8_IRQHandler
                0x08006024                SPI4_IRQHandler
                0x08006024                FDCAN3_IT0_IRQHandler
                0x08006024                TIM1_CC_IRQHandler
                0x08006024                BDMA_Channel6_IRQHandler
                0x08006024                DMA2_Stream5_IRQHandler
                0x08006024                DMA1_Stream5_IRQHandler
                0x08006024                CORDIC_IRQHandler
                0x08006024                BDMA_Channel1_IRQHandler
                0x08006024                TAMP_STAMP_IRQHandler
                0x08006024                EXTI3_IRQHandler
                0x08006024                LPTIM4_IRQHandler
                0x08006024                TIM8_TRG_COM_TIM14_IRQHandler
                0x08006024                LPTIM2_IRQHandler
                0x08006024                DFSDM1_FLT1_IRQHandler
                0x08006024                DMAMUX2_OVR_IRQHandler
                0x08006024                TIM8_UP_TIM13_IRQHandler
                0x08006024                I2C3_ER_IRQHandler
                0x08006024                DFSDM1_FLT2_IRQHandler
                0x08006024                I2C5_EV_IRQHandler
                0x08006024                USART10_IRQHandler
                0x08006024                MDMA_IRQHandler
                0x08006024                LPTIM3_IRQHandler
                0x08006024                HSEM1_IRQHandler
                0x08006024                EXTI0_IRQHandler
                0x08006024                I2C2_EV_IRQHandler
                0x08006024                DMA1_Stream2_IRQHandler
                0x08006024                FPU_IRQHandler
                0x08006024                OTG_HS_WKUP_IRQHandler
                0x08006024                FDCAN1_IT1_IRQHandler
                0x08006024                LTDC_ER_IRQHandler
                0x08006024                DMA2_Stream2_IRQHandler
                0x08006024                SPI1_IRQHandler
                0x08006024                OCTOSPI1_IRQHandler
                0x08006024                TIM6_DAC_IRQHandler
                0x08006024                DMA2_Stream3_IRQHandler
                0x08006024                OCTOSPI2_IRQHandler
                0x08006024                DFSDM1_FLT3_IRQHandler
                0x08006024                TIM23_IRQHandler
                0x08006024                USART6_IRQHandler
                0x08006024                TIM17_IRQHandler
                0x08006024                USART3_IRQHandler
                0x08006024                BDMA_Channel7_IRQHandler
                0x08006024                LPTIM5_IRQHandler
                0x08006024                UART5_IRQHandler
                0x08006024                ADC3_IRQHandler
                0x08006024                DMA2_Stream0_IRQHandler
                0x08006024                TIM4_IRQHandler
                0x08006024                BDMA_Channel2_IRQHandler
                0x08006024                I2C1_EV_IRQHandler
                0x08006024                DMA1_Stream6_IRQHandler
                0x08006024                DMAMUX1_OVR_IRQHandler
                0x08006024                DMA1_Stream1_IRQHandler
                0x08006024                TIM16_IRQHandler
                0x08006024                UART4_IRQHandler
                0x08006024                BDMA_Channel5_IRQHandler
                0x08006024                TIM3_IRQHandler
                0x08006024                RCC_IRQHandler
                0x08006024                UART9_IRQHandler
                0x08006024                TIM8_BRK_TIM12_IRQHandler
                0x08006024                TIM1_TRG_COM_IRQHandler
                0x08006024                Default_Handler
                0x08006024                ECC_IRQHandler
                0x08006024                FMAC_IRQHandler
                0x08006024                CEC_IRQHandler
                0x08006024                BDMA_Channel0_IRQHandler
                0x08006024                ADC_IRQHandler
                0x08006024                I2C5_ER_IRQHandler
                0x08006024                DMA1_Stream7_IRQHandler
                0x08006024                SPI5_IRQHandler
                0x08006024                TIM7_IRQHandler
                0x08006024                FDCAN3_IT1_IRQHandler
                0x08006024                SDMMC1_IRQHandler
                0x08006024                TIM5_IRQHandler
                0x08006024                DMA2_Stream7_IRQHandler
                0x08006024                TIM15_IRQHandler
                0x08006024                PVD_AVD_IRQHandler
                0x08006024                I2C3_EV_IRQHandler
                0x08006024                EXTI9_5_IRQHandler
                0x08006024                RTC_WKUP_IRQHandler
                0x08006024                LTDC_IRQHandler
                0x08006024                ETH_WKUP_IRQHandler
                0x08006024                SPDIF_RX_IRQHandler
                0x08006024                SPI2_IRQHandler
                0x08006024                OTG_HS_EP1_IN_IRQHandler
                0x08006024                TIM24_IRQHandler
                0x08006024                CRS_IRQHandler
                0x08006024                EXTI4_IRQHandler
                0x08006024                RNG_IRQHandler
                0x08006024                FDCAN2_IT1_IRQHandler
                0x08006024                ETH_IRQHandler
                0x08006024                TIM1_UP_IRQHandler
                0x08006024                BDMA_Channel4_IRQHandler
                0x08006024                OTG_HS_EP1_OUT_IRQHandler
                0x08006024                WWDG_IRQHandler
                0x08006024                SPI6_IRQHandler
                0x08006024                MDIOS_IRQHandler
                0x08006024                I2C4_EV_IRQHandler
                0x08006024                FDCAN2_IT0_IRQHandler
                0x08006024                LPUART1_IRQHandler
                0x08006024                FDCAN1_IT0_IRQHandler
                0x08006024                TIM2_IRQHandler
                0x08006024                OTG_HS_IRQHandler
                0x08006024                DMA2D_IRQHandler
                0x08006024                TIM1_BRK_IRQHandler
                0x08006024                EXTI1_IRQHandler
                0x08006024                SDMMC2_IRQHandler
                0x08006024                BDMA_Channel3_IRQHandler
                0x08006024                DTS_IRQHandler
                0x08006024                UART7_IRQHandler
                0x08006024                MDIOS_WKUP_IRQHandler
                0x08006024                USART2_IRQHandler
                0x08006024                DFSDM1_FLT0_IRQHandler
                0x08006024                SAI4_IRQHandler
                0x08006024                I2C2_ER_IRQHandler
                0x08006024                DMA2_Stream1_IRQHandler
                0x08006024                FLASH_IRQHandler
                0x08006024                DMA2_Stream4_IRQHandler
                0x08006024                USART1_IRQHandler
                0x08006024                SPI3_IRQHandler
                0x08006024                WAKEUP_PIN_IRQHandler
                0x08006024                DMA1_Stream4_IRQHandler
                0x08006024                I2C1_ER_IRQHandler
                0x08006024                FMC_IRQHandler
                0x08006024                FDCAN_CAL_IRQHandler
                0x08006024                SWPMI1_IRQHandler
                0x08006024                COMP1_IRQHandler
                0x08006024                LPTIM1_IRQHandler
                0x08006024                DCMI_PSSI_IRQHandler
                0x08006024                I2C4_ER_IRQHandler
                0x08006024                DMA2_Stream6_IRQHandler
                0x08006024                SAI1_IRQHandler
                0x08006024                DMA1_Stream3_IRQHandler
 *fill*         0x08006026        0x2 
 .text.std      0x08006028       0x6c C:/Program Files (x86)/Arm GNU Toolchain arm-none-eabi/14.3 rel1/bin/../lib/gcc/arm-none-eabi/14.3.1/../../../../arm-none-eabi/lib/thumb/v7e-m+dp/hard\libc_nano.a(libc_a-findfp.o)
 .text.stdio_exit_handler
                0x08006094       0x18 C:/Program Files (x86)/Arm GNU Toolchain arm-none-eabi/14.3 rel1/bin/../lib/gcc/arm-none-eabi/14.3.1/../../../../arm-none-eabi/lib/thumb/v7e-m+dp/hard\libc_nano.a(libc_a-findfp.o)
 .text.cleanup_stdio
                0x080060ac       0x40 C:/Program Files (x86)/Arm GNU Toolchain arm-none-eabi/14.3 rel1/bin/../lib/gcc/arm-none-eabi/14.3.1/../../../../arm-none-eabi/lib/thumb/v7e-m+dp/hard\libc_nano.a(libc_a-findfp.o)
 .text.global_stdio_init.part.0
                0x080060ec       0x40 C:/Program Files (x86)/Arm GNU Toolchain arm-none-eabi/14.3 rel1/bin/../lib/gcc/arm-none-eabi/14.3.1/../../../../arm-none-eabi/lib/thumb/v7e-m+dp/hard\libc_nano.a(libc_a-findfp.o)
 .text.__sfp_lock_acquire
                0x0800612c        0xc C:/Program Files (x86)/Arm GNU Toolchain arm-none-eabi/14.3 rel1/bin/../lib/gcc/arm-none-eabi/14.3.1/../../../../arm-none-eabi/lib/thumb/v7e-m+dp/hard\libc_nano.a(libc_a-findfp.o)
                0x0800612c                __sfp_lock_acquire
 .text.__sfp_lock_release
                0x08006138        0xc C:/Program Files (x86)/Arm GNU Toolchain arm-none-eabi/14.3 rel1/bin/../lib/gcc/arm-none-eabi/14.3.1/../../../../arm-none-eabi/lib/thumb/v7e-m+dp/hard\libc_nano.a(libc_a-findfp.o)
                0x08006138                __sfp_lock_release
 .text.__sinit  0x08006144       0x30 C:/Program Files (x86)/Arm GNU Toolchain arm-none-eabi/14.3 rel1/bin/../lib/gcc/arm-none-eabi/14.3.1/../../../../arm-none-eabi/lib/thumb/v7e-m+dp/hard\libc_nano.a(libc_a-findfp.o)
                0x08006144                __sinit
 .text._fwalk_sglue
                0x08006174       0x3c C:/Program Files (x86)/Arm GNU Toolchain arm-none-eabi/14.3 rel1/bin/../lib/gcc/arm-none-eabi/14.3.1/../../../../arm-none-eabi/lib/thumb/v7e-m+dp/hard\libc_nano.a(libc_a-fwalk.o)
                0x08006174                _fwalk_sglue
 .text.printf   0x080061b0       0x24 C:/Program Files (x86)/Arm GNU Toolchain arm-none-eabi/14.3 rel1/bin/../lib/gcc/arm-none-eabi/14.3.1/../../../../arm-none-eabi/lib/thumb/v7e-m+dp/hard\libc_nano.a(libc_a-printf.o)
                0x080061b0                iprintf
                0x080061b0                printf
 .text.__sread  0x080061d4       0x22 C:/Program Files (x86)/Arm GNU Toolchain arm-none-eabi/14.3 rel1/bin/../lib/gcc/arm-none-eabi/14.3.1/../../../../arm-none-eabi/lib/thumb/v7e-m+dp/hard\libc_nano.a(libc_a-stdio.o)
                0x080061d4                __sread
 .text.__swrite
                0x080061f6       0x38 C:/Program Files (x86)/Arm GNU Toolchain arm-none-eabi/14.3 rel1/bin/../lib/gcc/arm-none-eabi/14.3.1/../../../../arm-none-eabi/lib/thumb/v7e-m+dp/hard\libc_nano.a(libc_a-stdio.o)
                0x080061f6                __swrite
 .text.__sseek  0x0800622e       0x26 C:/Program Files (x86)/Arm GNU Toolchain arm-none-eabi/14.3 rel1/bin/../lib/gcc/arm-none-eabi/14.3.1/../../../../arm-none-eabi/lib/thumb/v7e-m+dp/hard\libc_nano.a(libc_a-stdio.o)
                0x0800622e                __sseek
 .text.__sclose
                0x08006254        0x8 C:/Program Files (x86)/Arm GNU Toolchain arm-none-eabi/14.3 rel1/bin/../lib/gcc/arm-none-eabi/14.3.1/../../../../arm-none-eabi/lib/thumb/v7e-m+dp/hard\libc_nano.a(libc_a-stdio.o)
                0x08006254                __sclose
 .text.memset   0x0800625c       0x10 C:/Program Files (x86)/Arm GNU Toolchain arm-none-eabi/14.3 rel1/bin/../lib/gcc/arm-none-eabi/14.3.1/../../../../arm-none-eabi/lib/thumb/v7e-m+dp/hard\libc_nano.a(libc_a-memset.o)
                0x0800625c                memset
 .text._close_r
                0x0800626c       0x20 C:/Program Files (x86)/Arm GNU Toolchain arm-none-eabi/14.3 rel1/bin/../lib/gcc/arm-none-eabi/14.3.1/../../../../arm-none-eabi/lib/thumb/v7e-m+dp/hard\libc_nano.a(libc_a-closer.o)
                0x0800626c                _close_r
 .text._lseek_r
                0x0800628c       0x24 C:/Program Files (x86)/Arm GNU Toolchain arm-none-eabi/14.3 rel1/bin/../lib/gcc/arm-none-eabi/14.3.1/../../../../arm-none-eabi/lib/thumb/v7e-m+dp/hard\libc_nano.a(libc_a-lseekr.o)
                0x0800628c                _lseek_r
 .text._read_r  0x080062b0       0x24 C:/Program Files (x86)/Arm GNU Toolchain arm-none-eabi/14.3 rel1/bin/../lib/gcc/arm-none-eabi/14.3.1/../../../../arm-none-eabi/lib/thumb/v7e-m+dp/hard\libc_nano.a(libc_a-readr.o)
                0x080062b0                _read_r
 .text._write_r
                0x080062d4       0x24 C:/Program Files (x86)/Arm GNU Toolchain arm-none-eabi/14.3 rel1/bin/../lib/gcc/arm-none-eabi/14.3.1/../../../../arm-none-eabi/lib/thumb/v7e-m+dp/hard\libc_nano.a(libc_a-writer.o)
                0x080062d4                _write_r
 .text.__errno  0x080062f8        0xc C:/Program Files (x86)/Arm GNU Toolchain arm-none-eabi/14.3 rel1/bin/../lib/gcc/arm-none-eabi/14.3.1/../../../../arm-none-eabi/lib/thumb/v7e-m+dp/hard\libc_nano.a(libc_a-errno.o)
                0x080062f8                __errno
 .text.__libc_init_array
                0x08006304       0x48 C:/Program Files (x86)/Arm GNU Toolchain arm-none-eabi/14.3 rel1/bin/../lib/gcc/arm-none-eabi/14.3.1/../../../../arm-none-eabi/lib/thumb/v7e-m+dp/hard\libc_nano.a(libc_a-init.o)
                0x08006304                __libc_init_array
 .text.__retarget_lock_init_recursive
                0x0800634c        0x2 C:/Program Files (x86)/Arm GNU Toolchain arm-none-eabi/14.3 rel1/bin/../lib/gcc/arm-none-eabi/14.3.1/../../../../arm-none-eabi/lib/thumb/v7e-m+dp/hard\libc_nano.a(libc_a-lock.o)
                0x0800634c                __retarget_lock_init_recursive
 .text.__retarget_lock_acquire_recursive
                0x0800634e        0x2 C:/Program Files (x86)/Arm GNU Toolchain arm-none-eabi/14.3 rel1/bin/../lib/gcc/arm-none-eabi/14.3.1/../../../../arm-none-eabi/lib/thumb/v7e-m+dp/hard\libc_nano.a(libc_a-lock.o)
                0x0800634e                __retarget_lock_acquire_recursive
 .text.__retarget_lock_release_recursive
                0x08006350        0x2 C:/Program Files (x86)/Arm GNU Toolchain arm-none-eabi/14.3 rel1/bin/../lib/gcc/arm-none-eabi/14.3.1/../../../../arm-none-eabi/lib/thumb/v7e-m+dp/hard\libc_nano.a(libc_a-lock.o)
                0x08006350                __retarget_lock_release_recursive
 *fill*         0x08006352        0x2 
 .text._free_r  0x08006354       0x94 C:/Program Files (x86)/Arm GNU Toolchain arm-none-eabi/14.3 rel1/bin/../lib/gcc/arm-none-eabi/14.3.1/../../../../arm-none-eabi/lib/thumb/v7e-m+dp/hard\libc_nano.a(libc_a-freer.o)
                0x08006354                _free_r
 .text.sbrk_aligned
                0x080063e8       0x44 C:/Program Files (x86)/Arm GNU Toolchain arm-none-eabi/14.3 rel1/bin/../lib/gcc/arm-none-eabi/14.3.1/../../../../arm-none-eabi/lib/thumb/v7e-m+dp/hard\libc_nano.a(libc_a-mallocr.o)
 .text._malloc_r
                0x0800642c      0x100 C:/Program Files (x86)/Arm GNU Toolchain arm-none-eabi/14.3 rel1/bin/../lib/gcc/arm-none-eabi/14.3.1/../../../../arm-none-eabi/lib/thumb/v7e-m+dp/hard\libc_nano.a(libc_a-mallocr.o)
                0x0800642c                _malloc_r
 .text.__malloc_lock
                0x0800652c        0xc C:/Program Files (x86)/Arm GNU Toolchain arm-none-eabi/14.3 rel1/bin/../lib/gcc/arm-none-eabi/14.3.1/../../../../arm-none-eabi/lib/thumb/v7e-m+dp/hard\libc_nano.a(libc_a-mlock.o)
                0x0800652c                __malloc_lock
 .text.__malloc_unlock
                0x08006538        0xc C:/Program Files (x86)/Arm GNU Toolchain arm-none-eabi/14.3 rel1/bin/../lib/gcc/arm-none-eabi/14.3.1/../../../../arm-none-eabi/lib/thumb/v7e-m+dp/hard\libc_nano.a(libc_a-mlock.o)
                0x08006538                __malloc_unlock
 .text.__sfputc_r
                0x08006544       0x2e C:/Program Files (x86)/Arm GNU Toolchain arm-none-eabi/14.3 rel1/bin/../lib/gcc/arm-none-eabi/14.3.1/../../../../arm-none-eabi/lib/thumb/v7e-m+dp/hard\libc_nano.a(libc_a-nano-vfprintf.o)
 .text.__sfputs_r
                0x08006572       0x24 C:/Program Files (x86)/Arm GNU Toolchain arm-none-eabi/14.3 rel1/bin/../lib/gcc/arm-none-eabi/14.3.1/../../../../arm-none-eabi/lib/thumb/v7e-m+dp/hard\libc_nano.a(libc_a-nano-vfprintf.o)
                0x08006572                __sfputs_r
 *fill*         0x08006596        0x2 
 .text._vfprintf_r
                0x08006598      0x228 C:/Program Files (x86)/Arm GNU Toolchain arm-none-eabi/14.3 rel1/bin/../lib/gcc/arm-none-eabi/14.3.1/../../../../arm-none-eabi/lib/thumb/v7e-m+dp/hard\libc_nano.a(libc_a-nano-vfprintf.o)
                0x08006598                _vfprintf_r
                0x08006598                _vfiprintf_r
 .text._printf_common
                0x080067c0       0xda C:/Program Files (x86)/Arm GNU Toolchain arm-none-eabi/14.3 rel1/bin/../lib/gcc/arm-none-eabi/14.3.1/../../../../arm-none-eabi/lib/thumb/v7e-m+dp/hard\libc_nano.a(libc_a-nano-vfprintf_i.o)
                0x080067c0                _printf_common
 *fill*         0x0800689a        0x2 
 .text._printf_i
                0x0800689c      0x24c C:/Program Files (x86)/Arm GNU Toolchain arm-none-eabi/14.3 rel1/bin/../lib/gcc/arm-none-eabi/14.3.1/../../../../arm-none-eabi/lib/thumb/v7e-m+dp/hard\libc_nano.a(libc_a-nano-vfprintf_i.o)
                0x0800689c                _printf_i
 .text.__sflush_r
                0x08006ae8      0x104 C:/Program Files (x86)/Arm GNU Toolchain arm-none-eabi/14.3 rel1/bin/../lib/gcc/arm-none-eabi/14.3.1/../../../../arm-none-eabi/lib/thumb/v7e-m+dp/hard\libc_nano.a(libc_a-fflush.o)
                0x08006ae8                __sflush_r
 .text._fflush_r
                0x08006bec       0x50 C:/Program Files (x86)/Arm GNU Toolchain arm-none-eabi/14.3 rel1/bin/../lib/gcc/arm-none-eabi/14.3.1/../../../../arm-none-eabi/lib/thumb/v7e-m+dp/hard\libc_nano.a(libc_a-fflush.o)
                0x08006bec                _fflush_r
 .text.__swbuf_r
                0x08006c3c       0x7c C:/Program Files (x86)/Arm GNU Toolchain arm-none-eabi/14.3 rel1/bin/../lib/gcc/arm-none-eabi/14.3.1/../../../../arm-none-eabi/lib/thumb/v7e-m+dp/hard\libc_nano.a(libc_a-wbuf.o)
                0x08006c3c                __swbuf_r
 .text.__swsetup_r
                0x08006cb8       0xa8 C:/Program Files (x86)/Arm GNU Toolchain arm-none-eabi/14.3 rel1/bin/../lib/gcc/arm-none-eabi/14.3.1/../../../../arm-none-eabi/lib/thumb/v7e-m+dp/hard\libc_nano.a(libc_a-wsetup.o)
                0x08006cb8                __swsetup_r
 .text._sbrk_r  0x08006d60       0x20 C:/Program Files (x86)/Arm GNU Toolchain arm-none-eabi/14.3 rel1/bin/../lib/gcc/arm-none-eabi/14.3.1/../../../../arm-none-eabi/lib/thumb/v7e-m+dp/hard\libc_nano.a(libc_a-sbrkr.o)
                0x08006d60                _sbrk_r
 .text.__swhatbuf_r
                0x08006d80       0x48 C:/Program Files (x86)/Arm GNU Toolchain arm-none-eabi/14.3 rel1/bin/../lib/gcc/arm-none-eabi/14.3.1/../../../../arm-none-eabi/lib/thumb/v7e-m+dp/hard\libc_nano.a(libc_a-makebuf.o)
                0x08006d80                __swhatbuf_r
 .text.__smakebuf_r
                0x08006dc8       0x72 C:/Program Files (x86)/Arm GNU Toolchain arm-none-eabi/14.3 rel1/bin/../lib/gcc/arm-none-eabi/14.3.1/../../../../arm-none-eabi/lib/thumb/v7e-m+dp/hard\libc_nano.a(libc_a-makebuf.o)
                0x08006dc8                __smakebuf_r
 *fill*         0x08006e3a        0x2 
 .text._fstat_r
                0x08006e3c       0x24 C:/Program Files (x86)/Arm GNU Toolchain arm-none-eabi/14.3 rel1/bin/../lib/gcc/arm-none-eabi/14.3.1/../../../../arm-none-eabi/lib/thumb/v7e-m+dp/hard\libc_nano.a(libc_a-fstatr.o)
                0x08006e3c                _fstat_r
 .text._isatty_r
                0x08006e60       0x20 C:/Program Files (x86)/Arm GNU Toolchain arm-none-eabi/14.3 rel1/bin/../lib/gcc/arm-none-eabi/14.3.1/../../../../arm-none-eabi/lib/thumb/v7e-m+dp/hard\libc_nano.a(libc_a-isattyr.o)
                0x08006e60                _isatty_r
 .text.__udivmoddi4
                0x08006e80      0x2f8 C:/Program Files (x86)/Arm GNU Toolchain arm-none-eabi/14.3 rel1/bin/../lib/gcc/arm-none-eabi/14.3.1/thumb/v7e-m+dp/hard\libgcc.a(_udivmoddi4.o)
                0x08006e80                __udivmoddi4
 *(.glue_7)
 .glue_7        0x08007178        0x0 linker stubs
 *(.glue_7t)
 .glue_7t       0x08007178        0x0 linker stubs
 *(.eh_frame)
 .eh_frame      0x08007178        0x0 C:/Program Files (x86)/Arm GNU Toolchain arm-none-eabi/14.3 rel1/bin/../lib/gcc/arm-none-eabi/14.3.1/thumb/v7e-m+dp/hard/crtbegin.o
 *(.init)
 .init          0x08007178        0x4 C:/Program Files (x86)/Arm GNU Toolchain arm-none-eabi/14.3 rel1/bin/../lib/gcc/arm-none-eabi/14.3.1/thumb/v7e-m+dp/hard/crti.o
                0x08007178                _init
 .init          0x0800717c        0x8 C:/Program Files (x86)/Arm GNU Toolchain arm-none-eabi/14.3 rel1/bin/../lib/gcc/arm-none-eabi/14.3.1/thumb/v7e-m+dp/hard/crtn.o
 *(.fini)
 .fini          0x08007184        0x4 C:/Program Files (x86)/Arm GNU Toolchain arm-none-eabi/14.3 rel1/bin/../lib/gcc/arm-none-eabi/14.3.1/thumb/v7e-m+dp/hard/crti.o
                0x08007184                _fini
 .fini          0x08007188        0x8 C:/Program Files (x86)/Arm GNU Toolchain arm-none-eabi/14.3 rel1/bin/../lib/gcc/arm-none-eabi/14.3.1/thumb/v7e-m+dp/hard/crtn.o
                0x08007190                        . = ALIGN (0x4)
                0x08007190                        _etext = .

.vfp11_veneer   0x08007190        0x0
 .vfp11_veneer  0x08007190        0x0 linker stubs

.v4_bx          0x08007190        0x0
 .v4_bx         0x08007190        0x0 linker stubs

.iplt           0x08007190        0x0
 .iplt          0x08007190        0x0 C:/Program Files (x86)/Arm GNU Toolchain arm-none-eabi/14.3 rel1/bin/../lib/gcc/arm-none-eabi/14.3.1/thumb/v7e-m+dp/hard/crtbegin.o

.rodata         0x08007190       0xa4
                0x08007190                        . = ALIGN (0x4)
 *(.rodata)
 *(.rodata*)
 .rodata.main.str1.4
                0x08007190       0x1b build/main.o
 *fill*         0x080071ab        0x1 
 .rodata.D1CorePrescTable
                0x080071ac       0x10 build/system_stm32h7xx.o
                0x080071ac                D1CorePrescTable
 .rodata.LED_PIN
                0x080071bc        0x6 build/stm32h7xx_nucleo.o
 *fill*         0x080071c2        0x2 
 .rodata.LED_PORT
                0x080071c4        0xc build/stm32h7xx_nucleo.o
 .rodata.flagBitshiftOffset.0
                0x080071d0        0x8 build/stm32h7xx_hal_dma.o
 .rodata.UARTPrescTable
                0x080071d8       0x18 build/stm32h7xx_hal_uart.o
                0x080071d8                UARTPrescTable
 .rodata.denominator.0
                0x080071f0        0x8 build/stm32h7xx_hal_uart_ex.o
 .rodata.numerator.1
                0x080071f8        0x8 build/stm32h7xx_hal_uart_ex.o
 .rodata._vfprintf_r.str1.1
                0x08007200       0x33 C:/Program Files (x86)/Arm GNU Toolchain arm-none-eabi/14.3 rel1/bin/../lib/gcc/arm-none-eabi/14.3.1/../../../../arm-none-eabi/lib/thumb/v7e-m+dp/hard\libc_nano.a(libc_a-nano-vfprintf.o)
                                 0x11 (size before relaxing)
 .rodata._printf_i.str1.1
                0x08007233       0x22 C:/Program Files (x86)/Arm GNU Toolchain arm-none-eabi/14.3 rel1/bin/../lib/gcc/arm-none-eabi/14.3.1/../../../../arm-none-eabi/lib/thumb/v7e-m+dp/hard\libc_nano.a(libc_a-nano-vfprintf_i.o)
                0x08007258                        . = ALIGN (0x4)
 *fill*         0x08007233        0x1 

.ARM.extab      0x08007234        0x0
                0x08007234                        . = ALIGN (0x4)
 *(.ARM.extab* .gnu.linkonce.armextab.*)
                0x08007234                        . = ALIGN (0x4)

.ARM            0x08007234        0x8
                0x08007234                        . = ALIGN (0x4)
                0x08007234                        __exidx_start = .
 *(.ARM.exidx*)
 .ARM.exidx     0x08007234        0x8 C:/Program Files (x86)/Arm GNU Toolchain arm-none-eabi/14.3 rel1/bin/../lib/gcc/arm-none-eabi/14.3.1/../../../../arm-none-eabi/lib/thumb/v7e-m+dp/hard\libc_nano.a(libc_a-memchr.o)
 .ARM.exidx.text.__udivmoddi4
                0x0800723c        0x0 C:/Program Files (x86)/Arm GNU Toolchain arm-none-eabi/14.3 rel1/bin/../lib/gcc/arm-none-eabi/14.3.1/thumb/v7e-m+dp/hard\libgcc.a(_udivmoddi4.o)
                                  0x8 (size before relaxing)
                0x0800723c                        __exidx_end = .
                0x0800723c                        . = ALIGN (0x4)

.preinit_array  0x0800723c        0x0
                0x0800723c                        . = ALIGN (0x4)
                0x0800723c                        PROVIDE (__preinit_array_start = .)
 *(.preinit_array*)
                0x0800723c                        PROVIDE (__preinit_array_end = .)
                0x0800723c                        . = ALIGN (0x4)

.init_array     0x0800723c        0x4
                0x0800723c                        . = ALIGN (0x4)
                0x0800723c                        PROVIDE (__init_array_start = .)
 *(SORT_BY_NAME(.init_array.*))
 *(.init_array*)
 .init_array    0x0800723c        0x4 C:/Program Files (x86)/Arm GNU Toolchain arm-none-eabi/14.3 rel1/bin/../lib/gcc/arm-none-eabi/14.3.1/thumb/v7e-m+dp/hard/crtbegin.o
                0x08007240                        PROVIDE (__init_array_end = .)
                0x08007240                        . = ALIGN (0x4)

.fini_array     0x08007240        0x4
                0x08007240                        . = ALIGN (0x4)
                [!provide]                        PROVIDE (__fini_array_start = .)
 *(SORT_BY_NAME(.fini_array.*))
 *(.fini_array*)
 .fini_array    0x08007240        0x4 C:/Program Files (x86)/Arm GNU Toolchain arm-none-eabi/14.3 rel1/bin/../lib/gcc/arm-none-eabi/14.3.1/thumb/v7e-m+dp/hard/crtbegin.o
                [!provide]                        PROVIDE (__fini_array_end = .)
                0x08007244                        . = ALIGN (0x4)
                0x08007244                        _sidata = LOADADDR (.data)

.rel.dyn        0x08007244        0x0
 .rel.iplt      0x08007244        0x0 C:/Program Files (x86)/Arm GNU Toolchain arm-none-eabi/14.3 rel1/bin/../lib/gcc/arm-none-eabi/14.3.1/thumb/v7e-m+dp/hard/crtbegin.o

.data           0x20000000       0x70 load address 0x08007244
                0x20000000                        . = ALIGN (0x4)
                0x20000000                        _sdata = .
 *(.data)
 *(.data*)
 .data.SystemD2Clock
                0x20000000        0x4 build/system_stm32h7xx.o
                0x20000000                SystemD2Clock
 .data.SystemCoreClock
                0x20000004        0x4 build/system_stm32h7xx.o
                0x20000004                SystemCoreClock
 .data.COM_USART
                0x20000008        0x4 build/stm32h7xx_nucleo.o
                0x20000008                COM_USART
 .data.uwTickFreq
                0x2000000c        0x1 build/stm32h7xx_hal.o
                0x2000000c                uwTickFreq
 *fill*         0x2000000d        0x3 
 .data.uwTickPrio
                0x20000010        0x4 build/stm32h7xx_hal.o
                0x20000010                uwTickPrio
 .data.__sglue  0x20000014        0xc C:/Program Files (x86)/Arm GNU Toolchain arm-none-eabi/14.3 rel1/bin/../lib/gcc/arm-none-eabi/14.3.1/../../../../arm-none-eabi/lib/thumb/v7e-m+dp/hard\libc_nano.a(libc_a-findfp.o)
                0x20000014                __sglue
 .data._impure_ptr
                0x20000020        0x4 C:/Program Files (x86)/Arm GNU Toolchain arm-none-eabi/14.3 rel1/bin/../lib/gcc/arm-none-eabi/14.3.1/../../../../arm-none-eabi/lib/thumb/v7e-m+dp/hard\libc_nano.a(libc_a-impure.o)
                0x20000020                _impure_ptr
 .data._impure_data
                0x20000024       0x4c C:/Program Files (x86)/Arm GNU Toolchain arm-none-eabi/14.3 rel1/bin/../lib/gcc/arm-none-eabi/14.3.1/../../../../arm-none-eabi/lib/thumb/v7e-m+dp/hard\libc_nano.a(libc_a-impure.o)
                0x20000024                _impure_data
 *(.RamFunc)
 *(.RamFunc*)
                0x20000070                        . = ALIGN (0x4)
                0x20000070                        _edata = .

.tm_clone_table
                0x20000070        0x0 load address 0x080072b4
 .tm_clone_table
                0x20000070        0x0 C:/Program Files (x86)/Arm GNU Toolchain arm-none-eabi/14.3 rel1/bin/../lib/gcc/arm-none-eabi/14.3.1/thumb/v7e-m+dp/hard/crtbegin.o
 .tm_clone_table
                0x20000070        0x0 C:/Program Files (x86)/Arm GNU Toolchain arm-none-eabi/14.3 rel1/bin/../lib/gcc/arm-none-eabi/14.3.1/thumb/v7e-m+dp/hard/crtend.o

.igot.plt       0x20000070        0x0 load address 0x080072b4
 .igot.plt      0x20000070        0x0 C:/Program Files (x86)/Arm GNU Toolchain arm-none-eabi/14.3 rel1/bin/../lib/gcc/arm-none-eabi/14.3.1/thumb/v7e-m+dp/hard/crtbegin.o
                0x20000070                        . = ALIGN (0x4)

.bss            0x20000070      0x834 load address 0x080072b4
                0x20000070                        _sbss = .
                0x20000070                        __bss_start__ = _sbss
 *(.bss)
 *(.bss*)
 .bss.completed.1
                0x20000070        0x1 C:/Program Files (x86)/Arm GNU Toolchain arm-none-eabi/14.3 rel1/bin/../lib/gcc/arm-none-eabi/14.3.1/thumb/v7e-m+dp/hard/crtbegin.o
 *fill*         0x20000071        0x3 
 .bss.object.0  0x20000074       0x18 C:/Program Files (x86)/Arm GNU Toolchain arm-none-eabi/14.3 rel1/bin/../lib/gcc/arm-none-eabi/14.3.1/thumb/v7e-m+dp/hard/crtbegin.o
 .bss.BspButtonState
                0x2000008c        0x4 build/main.o
                0x2000008c                BspButtonState
 .bss.BspCOMInit
                0x20000090       0x10 build/main.o
                0x20000090                BspCOMInit
 .bss.hspi3     0x200000a0       0x88 build/spi.o
                0x200000a0                hspi3
 .bss.hspi2     0x20000128       0x88 build/spi.o
                0x20000128                hspi2
 .bss.hspi1     0x200001b0       0x88 build/spi.o
                0x200001b0                hspi1
 .bss.__sbrk_heap_end
                0x20000238        0x4 build/sysmem.o
 .bss.hi2c2     0x2000023c       0x54 build/i2c.o
                0x2000023c                hi2c2
 .bss.hi2c1     0x20000290       0x54 build/i2c.o
                0x20000290                hi2c1
 .bss.huart3    0x200002e4       0x94 build/usart.o
                0x200002e4                huart3
 .bss.huart1    0x20000378       0x94 build/usart.o
                0x20000378                huart1
 .bss.huart4    0x2000040c       0x94 build/usart.o
                0x2000040c                huart4
 .bss.SAI4_client
                0x200004a0        0x4 build/sai.o
 .bss.SAI1_client
                0x200004a4        0x4 build/sai.o
 .bss.hdma_sai1_a
                0x200004a8       0x78 build/sai.o
                0x200004a8                hdma_sai1_a
 .bss.hsai_BlockA4
                0x20000520       0x98 build/sai.o
                0x20000520                hsai_BlockA4
 .bss.hsai_BlockA1
                0x200005b8       0x98 build/sai.o
                0x200005b8                hsai_BlockA1
 .bss.hcom_uart
                0x20000650       0x94 build/stm32h7xx_nucleo.o
                0x20000650                hcom_uart
 .bss.hpb_exti  0x200006e4        0x8 build/stm32h7xx_nucleo.o
                0x200006e4                hpb_exti
 .bss.uwTick    0x200006ec        0x4 build/stm32h7xx_hal.o
                0x200006ec                uwTick
 .bss.hdma2d    0x200006f0       0x68 build/dma2d.o
                0x200006f0                hdma2d
 .bss.__sf      0x20000758      0x138 C:/Program Files (x86)/Arm GNU Toolchain arm-none-eabi/14.3 rel1/bin/../lib/gcc/arm-none-eabi/14.3.1/../../../../arm-none-eabi/lib/thumb/v7e-m+dp/hard\libc_nano.a(libc_a-findfp.o)
                0x20000758                __sf
 .bss.__stdio_exit_handler
                0x20000890        0x4 C:/Program Files (x86)/Arm GNU Toolchain arm-none-eabi/14.3 rel1/bin/../lib/gcc/arm-none-eabi/14.3.1/../../../../arm-none-eabi/lib/thumb/v7e-m+dp/hard\libc_nano.a(libc_a-findfp.o)
                0x20000890                __stdio_exit_handler
 .bss.errno     0x20000894        0x4 C:/Program Files (x86)/Arm GNU Toolchain arm-none-eabi/14.3 rel1/bin/../lib/gcc/arm-none-eabi/14.3.1/../../../../arm-none-eabi/lib/thumb/v7e-m+dp/hard\libc_nano.a(libc_a-reent.o)
                0x20000894                errno
 .bss.__lock___malloc_recursive_mutex
                0x20000898        0x1 C:/Program Files (x86)/Arm GNU Toolchain arm-none-eabi/14.3 rel1/bin/../lib/gcc/arm-none-eabi/14.3.1/../../../../arm-none-eabi/lib/thumb/v7e-m+dp/hard\libc_nano.a(libc_a-lock.o)
                0x20000898                __lock___malloc_recursive_mutex
 .bss.__lock___sfp_recursive_mutex
                0x20000899        0x1 C:/Program Files (x86)/Arm GNU Toolchain arm-none-eabi/14.3 rel1/bin/../lib/gcc/arm-none-eabi/14.3.1/../../../../arm-none-eabi/lib/thumb/v7e-m+dp/hard\libc_nano.a(libc_a-lock.o)
                0x20000899                __lock___sfp_recursive_mutex
 *fill*         0x2000089a        0x2 
 .bss.__malloc_sbrk_start
                0x2000089c        0x4 C:/Program Files (x86)/Arm GNU Toolchain arm-none-eabi/14.3 rel1/bin/../lib/gcc/arm-none-eabi/14.3.1/../../../../arm-none-eabi/lib/thumb/v7e-m+dp/hard\libc_nano.a(libc_a-mallocr.o)
                0x2000089c                __malloc_sbrk_start
 .bss.__malloc_free_list
                0x200008a0        0x4 C:/Program Files (x86)/Arm GNU Toolchain arm-none-eabi/14.3 rel1/bin/../lib/gcc/arm-none-eabi/14.3.1/../../../../arm-none-eabi/lib/thumb/v7e-m+dp/hard\libc_nano.a(libc_a-mallocr.o)
                0x200008a0                __malloc_free_list
 *(COMMON)
                0x200008a4                        . = ALIGN (0x4)
                0x200008a4                        _ebss = .
                0x200008a4                        __bss_end__ = _ebss

._user_heap_stack
                0x200008a4      0x604 load address 0x080072b4
                0x200008a8                        . = ALIGN (0x8)
 *fill*         0x200008a4        0x4 
                [!provide]                        PROVIDE (end = .)
                0x200008a8                        PROVIDE (_end = .)
                0x20000aa8                        . = (. + _Min_Heap_Size)
 *fill*         0x200008a8      0x200 
                0x20000ea8                        . = (. + _Min_Stack_Size)
 *fill*         0x20000aa8      0x400 
                0x20000ea8                        . = ALIGN (0x8)

/DISCARD/
 libc.a(*)
 libm.a(*)
 libgcc.a(*)
OUTPUT(build/STuner.elf elf32-littlearm)
LOAD linker stubs
LOAD C:/Program Files (x86)/Arm GNU Toolchain arm-none-eabi/14.3 rel1/bin/../lib/gcc/arm-none-eabi/14.3.1/../../../../arm-none-eabi/lib/thumb/v7e-m+dp/hard\libc.a
LOAD C:/Program Files (x86)/Arm GNU Toolchain arm-none-eabi/14.3 rel1/bin/../lib/gcc/arm-none-eabi/14.3.1/../../../../arm-none-eabi/lib/thumb/v7e-m+dp/hard\libm.a
LOAD C:/Program Files (x86)/Arm GNU Toolchain arm-none-eabi/14.3 rel1/bin/../lib/gcc/arm-none-eabi/14.3.1/thumb/v7e-m+dp/hard\libgcc.a

.ARM.attributes
                0x00000000       0x2e
 .ARM.attributes
                0x00000000       0x20 C:/Program Files (x86)/Arm GNU Toolchain arm-none-eabi/14.3 rel1/bin/../lib/gcc/arm-none-eabi/14.3.1/thumb/v7e-m+dp/hard/crti.o
 .ARM.attributes
                0x00000020       0x32 C:/Program Files (x86)/Arm GNU Toolchain arm-none-eabi/14.3 rel1/bin/../lib/gcc/arm-none-eabi/14.3.1/thumb/v7e-m+dp/hard/crtbegin.o
 .ARM.attributes
                0x00000052       0x32 build/main.o
 .ARM.attributes
                0x00000084       0x32 build/gpio.o
 .ARM.attributes
                0x000000b6       0x32 build/spi.o
 .ARM.attributes
                0x000000e8       0x32 build/stm32h7xx_it.o
 .ARM.attributes
                0x0000011a       0x32 build/stm32h7xx_hal_msp.o
 .ARM.attributes
                0x0000014c       0x32 build/system_stm32h7xx.o
 .ARM.attributes
                0x0000017e       0x32 build/sysmem.o
 .ARM.attributes
                0x000001b0       0x32 build/syscalls.o
 .ARM.attributes
                0x000001e2       0x32 build/i2c.o
 .ARM.attributes
                0x00000214       0x32 build/usart.o
 .ARM.attributes
                0x00000246       0x32 build/sai.o
 .ARM.attributes
                0x00000278       0x32 build/stm32h7xx_nucleo.o
 .ARM.attributes
                0x000002aa       0x32 build/stm32h7xx_hal_cortex.o
 .ARM.attributes
                0x000002dc       0x32 build/stm32h7xx_hal_i2c.o
 .ARM.attributes
                0x0000030e       0x32 build/stm32h7xx_hal_i2c_ex.o
 .ARM.attributes
                0x00000340       0x32 build/stm32h7xx_hal_rcc.o
 .ARM.attributes
                0x00000372       0x32 build/stm32h7xx_hal_rcc_ex.o
 .ARM.attributes
                0x000003a4       0x32 build/stm32h7xx_hal_gpio.o
 .ARM.attributes
                0x000003d6       0x32 build/stm32h7xx_hal_dma.o
 .ARM.attributes
                0x00000408       0x32 build/stm32h7xx_hal_pwr_ex.o
 .ARM.attributes
                0x0000043a       0x32 build/stm32h7xx_hal.o
 .ARM.attributes
                0x0000046c       0x32 build/stm32h7xx_hal_exti.o
 .ARM.attributes
                0x0000049e       0x32 build/stm32h7xx_hal_sai.o
 .ARM.attributes
                0x000004d0       0x32 build/stm32h7xx_hal_spi.o
 .ARM.attributes
                0x00000502       0x32 build/stm32h7xx_hal_uart.o
 .ARM.attributes
                0x00000534       0x32 build/stm32h7xx_hal_uart_ex.o
 .ARM.attributes
                0x00000566       0x32 build/dma.o
 .ARM.attributes
                0x00000598       0x32 build/dma2d.o
 .ARM.attributes
                0x000005ca       0x32 build/stm32h7xx_hal_dma2d.o
 .ARM.attributes
                0x000005fc       0x21 build/startup_stm32h723xx.o
 .ARM.attributes
                0x0000061d       0x32 C:/Program Files (x86)/Arm GNU Toolchain arm-none-eabi/14.3 rel1/bin/../lib/gcc/arm-none-eabi/14.3.1/../../../../arm-none-eabi/lib/thumb/v7e-m+dp/hard\libc_nano.a(libc_a-findfp.o)
 .ARM.attributes
                0x0000064f       0x32 C:/Program Files (x86)/Arm GNU Toolchain arm-none-eabi/14.3 rel1/bin/../lib/gcc/arm-none-eabi/14.3.1/../../../../arm-none-eabi/lib/thumb/v7e-m+dp/hard\libc_nano.a(libc_a-fwalk.o)
 .ARM.attributes
                0x00000681       0x32 C:/Program Files (x86)/Arm GNU Toolchain arm-none-eabi/14.3 rel1/bin/../lib/gcc/arm-none-eabi/14.3.1/../../../../arm-none-eabi/lib/thumb/v7e-m+dp/hard\libc_nano.a(libc_a-printf.o)
 .ARM.attributes
                0x000006b3       0x32 C:/Program Files (x86)/Arm GNU Toolchain arm-none-eabi/14.3 rel1/bin/../lib/gcc/arm-none-eabi/14.3.1/../../../../arm-none-eabi/lib/thumb/v7e-m+dp/hard\libc_nano.a(libc_a-stdio.o)
 .ARM.attributes
                0x000006e5       0x32 C:/Program Files (x86)/Arm GNU Toolchain arm-none-eabi/14.3 rel1/bin/../lib/gcc/arm-none-eabi/14.3.1/../../../../arm-none-eabi/lib/thumb/v7e-m+dp/hard\libc_nano.a(libc_a-memset.o)
 .ARM.attributes
                0x00000717       0x32 C:/Program Files (x86)/Arm GNU Toolchain arm-none-eabi/14.3 rel1/bin/../lib/gcc/arm-none-eabi/14.3.1/../../../../arm-none-eabi/lib/thumb/v7e-m+dp/hard\libc_nano.a(libc_a-closer.o)
 .ARM.attributes
                0x00000749       0x32 C:/Program Files (x86)/Arm GNU Toolchain arm-none-eabi/14.3 rel1/bin/../lib/gcc/arm-none-eabi/14.3.1/../../../../arm-none-eabi/lib/thumb/v7e-m+dp/hard\libc_nano.a(libc_a-reent.o)
 .ARM.attributes
                0x0000077b       0x32 C:/Program Files (x86)/Arm GNU Toolchain arm-none-eabi/14.3 rel1/bin/../lib/gcc/arm-none-eabi/14.3.1/../../../../arm-none-eabi/lib/thumb/v7e-m+dp/hard\libc_nano.a(libc_a-impure.o)
 .ARM.attributes
                0x000007ad       0x32 C:/Program Files (x86)/Arm GNU Toolchain arm-none-eabi/14.3 rel1/bin/../lib/gcc/arm-none-eabi/14.3.1/../../../../arm-none-eabi/lib/thumb/v7e-m+dp/hard\libc_nano.a(libc_a-lseekr.o)
 .ARM.attributes
                0x000007df       0x32 C:/Program Files (x86)/Arm GNU Toolchain arm-none-eabi/14.3 rel1/bin/../lib/gcc/arm-none-eabi/14.3.1/../../../../arm-none-eabi/lib/thumb/v7e-m+dp/hard\libc_nano.a(libc_a-readr.o)
 .ARM.attributes
                0x00000811       0x32 C:/Program Files (x86)/Arm GNU Toolchain arm-none-eabi/14.3 rel1/bin/../lib/gcc/arm-none-eabi/14.3.1/../../../../arm-none-eabi/lib/thumb/v7e-m+dp/hard\libc_nano.a(libc_a-writer.o)
 .ARM.attributes
                0x00000843       0x32 C:/Program Files (x86)/Arm GNU Toolchain arm-none-eabi/14.3 rel1/bin/../lib/gcc/arm-none-eabi/14.3.1/../../../../arm-none-eabi/lib/thumb/v7e-m+dp/hard\libc_nano.a(libc_a-errno.o)
 .ARM.attributes
                0x00000875       0x32 C:/Program Files (x86)/Arm GNU Toolchain arm-none-eabi/14.3 rel1/bin/../lib/gcc/arm-none-eabi/14.3.1/../../../../arm-none-eabi/lib/thumb/v7e-m+dp/hard\libc_nano.a(libc_a-init.o)
 .ARM.attributes
                0x000008a7       0x32 C:/Program Files (x86)/Arm GNU Toolchain arm-none-eabi/14.3 rel1/bin/../lib/gcc/arm-none-eabi/14.3.1/../../../../arm-none-eabi/lib/thumb/v7e-m+dp/hard\libc_nano.a(libc_a-lock.o)
 .ARM.attributes
                0x000008d9       0x32 C:/Program Files (x86)/Arm GNU Toolchain arm-none-eabi/14.3 rel1/bin/../lib/gcc/arm-none-eabi/14.3.1/../../../../arm-none-eabi/lib/thumb/v7e-m+dp/hard\libc_nano.a(libc_a-freer.o)
 .ARM.attributes
                0x0000090b       0x32 C:/Program Files (x86)/Arm GNU Toolchain arm-none-eabi/14.3 rel1/bin/../lib/gcc/arm-none-eabi/14.3.1/../../../../arm-none-eabi/lib/thumb/v7e-m+dp/hard\libc_nano.a(libc_a-mallocr.o)
 .ARM.attributes
                0x0000093d       0x32 C:/Program Files (x86)/Arm GNU Toolchain arm-none-eabi/14.3 rel1/bin/../lib/gcc/arm-none-eabi/14.3.1/../../../../arm-none-eabi/lib/thumb/v7e-m+dp/hard\libc_nano.a(libc_a-mlock.o)
 .ARM.attributes
                0x0000096f       0x32 C:/Program Files (x86)/Arm GNU Toolchain arm-none-eabi/14.3 rel1/bin/../lib/gcc/arm-none-eabi/14.3.1/../../../../arm-none-eabi/lib/thumb/v7e-m+dp/hard\libc_nano.a(libc_a-nano-vfprintf.o)
 .ARM.attributes
                0x000009a1       0x32 C:/Program Files (x86)/Arm GNU Toolchain arm-none-eabi/14.3 rel1/bin/../lib/gcc/arm-none-eabi/14.3.1/../../../../arm-none-eabi/lib/thumb/v7e-m+dp/hard\libc_nano.a(libc_a-nano-vfprintf_i.o)
 .ARM.attributes
                0x000009d3       0x32 C:/Program Files (x86)/Arm GNU Toolchain arm-none-eabi/14.3 rel1/bin/../lib/gcc/arm-none-eabi/14.3.1/../../../../arm-none-eabi/lib/thumb/v7e-m+dp/hard\libc_nano.a(libc_a-fflush.o)
 .ARM.attributes
                0x00000a05       0x32 C:/Program Files (x86)/Arm GNU Toolchain arm-none-eabi/14.3 rel1/bin/../lib/gcc/arm-none-eabi/14.3.1/../../../../arm-none-eabi/lib/thumb/v7e-m+dp/hard\libc_nano.a(libc_a-wbuf.o)
 .ARM.attributes
                0x00000a37       0x32 C:/Program Files (x86)/Arm GNU Toolchain arm-none-eabi/14.3 rel1/bin/../lib/gcc/arm-none-eabi/14.3.1/../../../../arm-none-eabi/lib/thumb/v7e-m+dp/hard\libc_nano.a(libc_a-wsetup.o)
 .ARM.attributes
                0x00000a69       0x32 C:/Program Files (x86)/Arm GNU Toolchain arm-none-eabi/14.3 rel1/bin/../lib/gcc/arm-none-eabi/14.3.1/../../../../arm-none-eabi/lib/thumb/v7e-m+dp/hard\libc_nano.a(libc_a-sbrkr.o)
 .ARM.attributes
                0x00000a9b       0x1c C:/Program Files (x86)/Arm GNU Toolchain arm-none-eabi/14.3 rel1/bin/../lib/gcc/arm-none-eabi/14.3.1/../../../../arm-none-eabi/lib/thumb/v7e-m+dp/hard\libc_nano.a(libc_a-memchr.o)
 .ARM.attributes
                0x00000ab7       0x32 C:/Program Files (x86)/Arm GNU Toolchain arm-none-eabi/14.3 rel1/bin/../lib/gcc/arm-none-eabi/14.3.1/../../../../arm-none-eabi/lib/thumb/v7e-m+dp/hard\libc_nano.a(libc_a-makebuf.o)
 .ARM.attributes
                0x00000ae9       0x32 C:/Program Files (x86)/Arm GNU Toolchain arm-none-eabi/14.3 rel1/bin/../lib/gcc/arm-none-eabi/14.3.1/../../../../arm-none-eabi/lib/thumb/v7e-m+dp/hard\libc_nano.a(libc_a-fstatr.o)
 .ARM.attributes
                0x00000b1b       0x32 C:/Program Files (x86)/Arm GNU Toolchain arm-none-eabi/14.3 rel1/bin/../lib/gcc/arm-none-eabi/14.3.1/../../../../arm-none-eabi/lib/thumb/v7e-m+dp/hard\libc_nano.a(libc_a-isattyr.o)
 .ARM.attributes
                0x00000b4d       0x20 C:/Program Files (x86)/Arm GNU Toolchain arm-none-eabi/14.3 rel1/bin/../lib/gcc/arm-none-eabi/14.3.1/thumb/v7e-m+dp/hard\libgcc.a(_aeabi_uldivmod.o)
 .ARM.attributes
                0x00000b6d       0x32 C:/Program Files (x86)/Arm GNU Toolchain arm-none-eabi/14.3 rel1/bin/../lib/gcc/arm-none-eabi/14.3.1/thumb/v7e-m+dp/hard\libgcc.a(_udivmoddi4.o)
 .ARM.attributes
                0x00000b9f       0x20 C:/Program Files (x86)/Arm GNU Toolchain arm-none-eabi/14.3 rel1/bin/../lib/gcc/arm-none-eabi/14.3.1/thumb/v7e-m+dp/hard\libgcc.a(_dvmd_tls.o)
 .ARM.attributes
                0x00000bbf       0x32 C:/Program Files (x86)/Arm GNU Toolchain arm-none-eabi/14.3 rel1/bin/../lib/gcc/arm-none-eabi/14.3.1/thumb/v7e-m+dp/hard/crtend.o
 .ARM.attributes
                0x00000bf1       0x20 C:/Program Files (x86)/Arm GNU Toolchain arm-none-eabi/14.3 rel1/bin/../lib/gcc/arm-none-eabi/14.3.1/thumb/v7e-m+dp/hard/crtn.o

.comment        0x00000000       0x46
 .comment       0x00000000       0x46 build/main.o
                                 0x47 (size before relaxing)
 .comment       0x00000046       0x47 build/gpio.o
 .comment       0x00000046       0x47 build/spi.o
 .comment       0x00000046       0x47 build/stm32h7xx_it.o
 .comment       0x00000046       0x47 build/stm32h7xx_hal_msp.o
 .comment       0x00000046       0x47 build/system_stm32h7xx.o
 .comment       0x00000046       0x47 build/sysmem.o
 .comment       0x00000046       0x47 build/syscalls.o
 .comment       0x00000046       0x47 build/i2c.o
 .comment       0x00000046       0x47 build/usart.o
 .comment       0x00000046       0x47 build/sai.o
 .comment       0x00000046       0x47 build/stm32h7xx_nucleo.o
 .comment       0x00000046       0x47 build/stm32h7xx_hal_cortex.o
 .comment       0x00000046       0x47 build/stm32h7xx_hal_i2c.o
 .comment       0x00000046       0x47 build/stm32h7xx_hal_i2c_ex.o
 .comment       0x00000046       0x47 build/stm32h7xx_hal_rcc.o
 .comment       0x00000046       0x47 build/stm32h7xx_hal_rcc_ex.o
 .comment       0x00000046       0x47 build/stm32h7xx_hal_gpio.o
 .comment       0x00000046       0x47 build/stm32h7xx_hal_dma.o
 .comment       0x00000046       0x47 build/stm32h7xx_hal_pwr_ex.o
 .comment       0x00000046       0x47 build/stm32h7xx_hal.o
 .comment       0x00000046       0x47 build/stm32h7xx_hal_exti.o
 .comment       0x00000046       0x47 build/stm32h7xx_hal_sai.o
 .comment       0x00000046       0x47 build/stm32h7xx_hal_spi.o
 .comment       0x00000046       0x47 build/stm32h7xx_hal_uart.o
 .comment       0x00000046       0x47 build/stm32h7xx_hal_uart_ex.o
 .comment       0x00000046       0x47 build/dma.o
 .comment       0x00000046       0x47 build/dma2d.o
 .comment       0x00000046       0x47 build/stm32h7xx_hal_dma2d.o

.debug_info     0x00000000    0x28c28
 .debug_info    0x00000000     0x142b build/main.o
 .debug_info    0x0000142b      0x5db build/gpio.o
 .debug_info    0x00001a06     0x1611 build/spi.o
 .debug_info    0x00003017      0x5af build/stm32h7xx_it.o
 .debug_info    0x000035c6      0x54a build/stm32h7xx_hal_msp.o
 .debug_info    0x00003b10      0xd9a build/system_stm32h7xx.o
 .debug_info    0x000048aa      0x18c build/sysmem.o
 .debug_info    0x00004a36      0x853 build/syscalls.o
 .debug_info    0x00005289     0x1478 build/i2c.o
 .debug_info    0x00006701     0x162a build/usart.o
 .debug_info    0x00007d2b     0x1599 build/sai.o
 .debug_info    0x000092c4     0x2101 build/stm32h7xx_nucleo.o
 .debug_info    0x0000b3c5     0x1570 build/stm32h7xx_hal_cortex.o
 .debug_info    0x0000c935     0x4923 build/stm32h7xx_hal_i2c.o
 .debug_info    0x00011258      0xffd build/stm32h7xx_hal_i2c_ex.o
 .debug_info    0x00012255     0x12b1 build/stm32h7xx_hal_rcc.o
 .debug_info    0x00013506     0x1c76 build/stm32h7xx_hal_rcc_ex.o
 .debug_info    0x0001517c      0xf00 build/stm32h7xx_hal_gpio.o
 .debug_info    0x0001607c      0xfea build/stm32h7xx_hal_dma.o
 .debug_info    0x00017066     0x1155 build/stm32h7xx_hal_pwr_ex.o
 .debug_info    0x000181bb     0x1aa5 build/stm32h7xx_hal.o
 .debug_info    0x00019c60      0xb57 build/stm32h7xx_hal_exti.o
 .debug_info    0x0001a7b7     0x1d14 build/stm32h7xx_hal_sai.o
 .debug_info    0x0001c4cb     0x1d19 build/stm32h7xx_hal_spi.o
 .debug_info    0x0001e1e4     0x6ae0 build/stm32h7xx_hal_uart.o
 .debug_info    0x00024cc4     0x13fe build/stm32h7xx_hal_uart_ex.o
 .debug_info    0x000260c2      0x937 build/dma.o
 .debug_info    0x000269f9      0xa53 build/dma2d.o
 .debug_info    0x0002744c     0x17ac build/stm32h7xx_hal_dma2d.o
 .debug_info    0x00028bf8       0x30 build/startup_stm32h723xx.o

.debug_abbrev   0x00000000     0x43a4
 .debug_abbrev  0x00000000      0x2ef build/main.o
 .debug_abbrev  0x000002ef       0xd3 build/gpio.o
 .debug_abbrev  0x000003c2      0x26c build/spi.o
 .debug_abbrev  0x0000062e      0x182 build/stm32h7xx_it.o
 .debug_abbrev  0x000007b0       0xc8 build/stm32h7xx_hal_msp.o
 .debug_abbrev  0x00000878      0x144 build/system_stm32h7xx.o
 .debug_abbrev  0x000009bc       0xeb build/sysmem.o
 .debug_abbrev  0x00000aa7      0x1ea build/syscalls.o
 .debug_abbrev  0x00000c91      0x24d build/i2c.o
 .debug_abbrev  0x00000ede      0x242 build/usart.o
 .debug_abbrev  0x00001120      0x245 build/sai.o
 .debug_abbrev  0x00001365      0x382 build/stm32h7xx_nucleo.o
 .debug_abbrev  0x000016e7      0x3e6 build/stm32h7xx_hal_cortex.o
 .debug_abbrev  0x00001acd      0x2e4 build/stm32h7xx_hal_i2c.o
 .debug_abbrev  0x00001db1      0x1c4 build/stm32h7xx_hal_i2c_ex.o
 .debug_abbrev  0x00001f75      0x29b build/stm32h7xx_hal_rcc.o
 .debug_abbrev  0x00002210      0x285 build/stm32h7xx_hal_rcc_ex.o
 .debug_abbrev  0x00002495      0x25a build/stm32h7xx_hal_gpio.o
 .debug_abbrev  0x000026ef      0x2ee build/stm32h7xx_hal_dma.o
 .debug_abbrev  0x000029dd      0x2ca build/stm32h7xx_hal_pwr_ex.o
 .debug_abbrev  0x00002ca7      0x2ba build/stm32h7xx_hal.o
 .debug_abbrev  0x00002f61      0x1e7 build/stm32h7xx_hal_exti.o
 .debug_abbrev  0x00003148      0x2d2 build/stm32h7xx_hal_sai.o
 .debug_abbrev  0x0000341a      0x309 build/stm32h7xx_hal_spi.o
 .debug_abbrev  0x00003723      0x391 build/stm32h7xx_hal_uart.o
 .debug_abbrev  0x00003ab4      0x351 build/stm32h7xx_hal_uart_ex.o
 .debug_abbrev  0x00003e05      0x12f build/dma.o
 .debug_abbrev  0x00003f34      0x1e7 build/dma2d.o
 .debug_abbrev  0x0000411b      0x26c build/stm32h7xx_hal_dma2d.o
 .debug_abbrev  0x00004387       0x1d build/startup_stm32h723xx.o

.debug_loc      0x00000000    0x1af9a
 .debug_loc     0x00000000      0x143 build/main.o
 .debug_loc     0x00000143       0x2c build/gpio.o
 .debug_loc     0x0000016f      0x1e5 build/spi.o
 .debug_loc     0x00000354       0x60 build/stm32h7xx_it.o
 .debug_loc     0x000003b4       0x2c build/stm32h7xx_hal_msp.o
 .debug_loc     0x000003e0      0x1d8 build/system_stm32h7xx.o
 .debug_loc     0x000005b8       0x90 build/sysmem.o
 .debug_loc     0x00000648      0x583 build/syscalls.o
 .debug_loc     0x00000bcb      0x1a2 build/i2c.o
 .debug_loc     0x00000d6d      0x19f build/usart.o
 .debug_loc     0x00000f0c      0x104 build/sai.o
 .debug_loc     0x00001010      0x979 build/stm32h7xx_nucleo.o
 .debug_loc     0x00001989      0x898 build/stm32h7xx_hal_cortex.o
 .debug_loc     0x00002221     0x65ba build/stm32h7xx_hal_i2c.o
 .debug_loc     0x000087db      0x243 build/stm32h7xx_hal_i2c_ex.o
 .debug_loc     0x00008a1e      0xabc build/stm32h7xx_hal_rcc.o
 .debug_loc     0x000094da     0x1e76 build/stm32h7xx_hal_rcc_ex.o
 .debug_loc     0x0000b350      0x4b2 build/stm32h7xx_hal_gpio.o
 .debug_loc     0x0000b802     0x11c7 build/stm32h7xx_hal_dma.o
 .debug_loc     0x0000c9c9      0x5f3 build/stm32h7xx_hal_pwr_ex.o
 .debug_loc     0x0000cfbc      0x58e build/stm32h7xx_hal.o
 .debug_loc     0x0000d54a      0xea8 build/stm32h7xx_hal_exti.o
 .debug_loc     0x0000e3f2     0x1c30 build/stm32h7xx_hal_sai.o
 .debug_loc     0x00010022     0x1edd build/stm32h7xx_hal_spi.o
 .debug_loc     0x00011eff     0x6690 build/stm32h7xx_hal_uart.o
 .debug_loc     0x0001858f      0xe75 build/stm32h7xx_hal_uart_ex.o
 .debug_loc     0x00019404       0x38 build/dma.o
 .debug_loc     0x0001943c       0x4c build/dma2d.o
 .debug_loc     0x00019488     0x1b12 build/stm32h7xx_hal_dma2d.o

.debug_aranges  0x00000000     0x1500
 .debug_aranges
                0x00000000       0x48 build/main.o
 .debug_aranges
                0x00000048       0x20 build/gpio.o
 .debug_aranges
                0x00000068       0x40 build/spi.o
 .debug_aranges
                0x000000a8       0x70 build/stm32h7xx_it.o
 .debug_aranges
                0x00000118       0x20 build/stm32h7xx_hal_msp.o
 .debug_aranges
                0x00000138       0x30 build/system_stm32h7xx.o
 .debug_aranges
                0x00000168       0x20 build/sysmem.o
 .debug_aranges
                0x00000188       0xa8 build/syscalls.o
 .debug_aranges
                0x00000230       0x38 build/i2c.o
 .debug_aranges
                0x00000268       0x40 build/usart.o
 .debug_aranges
                0x000002a8       0x38 build/sai.o
 .debug_aranges
                0x000002e0       0xb8 build/stm32h7xx_nucleo.o
 .debug_aranges
                0x00000398       0xf8 build/stm32h7xx_hal_cortex.o
 .debug_aranges
                0x00000490      0x2a0 build/stm32h7xx_hal_i2c.o
 .debug_aranges
                0x00000730       0x48 build/stm32h7xx_hal_i2c_ex.o
 .debug_aranges
                0x00000778       0x88 build/stm32h7xx_hal_rcc.o
 .debug_aranges
                0x00000800       0xf8 build/stm32h7xx_hal_rcc_ex.o
 .debug_aranges
                0x000008f8       0x58 build/stm32h7xx_hal_gpio.o
 .debug_aranges
                0x00000950       0xa0 build/stm32h7xx_hal_dma.o
 .debug_aranges
                0x000009f0      0x148 build/stm32h7xx_hal_pwr_ex.o
 .debug_aranges
                0x00000b38      0x1c8 build/stm32h7xx_hal.o
 .debug_aranges
                0x00000d00       0x60 build/stm32h7xx_hal_exti.o
 .debug_aranges
                0x00000d60      0x178 build/stm32h7xx_hal_sai.o
 .debug_aranges
                0x00000ed8      0x1a8 build/stm32h7xx_hal_spi.o
 .debug_aranges
                0x00001080      0x248 build/stm32h7xx_hal_uart.o
 .debug_aranges
                0x000012c8       0xa8 build/stm32h7xx_hal_uart_ex.o
 .debug_aranges
                0x00001370       0x20 build/dma.o
 .debug_aranges
                0x00001390       0x30 build/dma2d.o
 .debug_aranges
                0x000013c0      0x118 build/stm32h7xx_hal_dma2d.o
 .debug_aranges
                0x000014d8       0x28 build/startup_stm32h723xx.o

.debug_ranges   0x00000000     0x1488
 .debug_ranges  0x00000000       0x38 build/main.o
 .debug_ranges  0x00000038       0x10 build/gpio.o
 .debug_ranges  0x00000048       0x30 build/spi.o
 .debug_ranges  0x00000078       0x60 build/stm32h7xx_it.o
 .debug_ranges  0x000000d8       0x10 build/stm32h7xx_hal_msp.o
 .debug_ranges  0x000000e8       0x20 build/system_stm32h7xx.o
 .debug_ranges  0x00000108       0x10 build/sysmem.o
 .debug_ranges  0x00000118       0x98 build/syscalls.o
 .debug_ranges  0x000001b0       0x28 build/i2c.o
 .debug_ranges  0x000001d8       0x30 build/usart.o
 .debug_ranges  0x00000208       0x28 build/sai.o
 .debug_ranges  0x00000230       0xa8 build/stm32h7xx_nucleo.o
 .debug_ranges  0x000002d8       0xe8 build/stm32h7xx_hal_cortex.o
 .debug_ranges  0x000003c0      0x290 build/stm32h7xx_hal_i2c.o
 .debug_ranges  0x00000650       0x38 build/stm32h7xx_hal_i2c_ex.o
 .debug_ranges  0x00000688       0xe8 build/stm32h7xx_hal_rcc.o
 .debug_ranges  0x00000770       0xe8 build/stm32h7xx_hal_rcc_ex.o
 .debug_ranges  0x00000858       0x48 build/stm32h7xx_hal_gpio.o
 .debug_ranges  0x000008a0       0xa8 build/stm32h7xx_hal_dma.o
 .debug_ranges  0x00000948      0x198 build/stm32h7xx_hal_pwr_ex.o
 .debug_ranges  0x00000ae0      0x1b8 build/stm32h7xx_hal.o
 .debug_ranges  0x00000c98       0x50 build/stm32h7xx_hal_exti.o
 .debug_ranges  0x00000ce8      0x1c8 build/stm32h7xx_hal_sai.o
 .debug_ranges  0x00000eb0      0x198 build/stm32h7xx_hal_spi.o
 .debug_ranges  0x00001048      0x238 build/stm32h7xx_hal_uart.o
 .debug_ranges  0x00001280       0xb0 build/stm32h7xx_hal_uart_ex.o
 .debug_ranges  0x00001330       0x10 build/dma.o
 .debug_ranges  0x00001340       0x20 build/dma2d.o
 .debug_ranges  0x00001360      0x108 build/stm32h7xx_hal_dma2d.o
 .debug_ranges  0x00001468       0x20 build/startup_stm32h723xx.o

.debug_line     0x00000000    0x1bfb8
 .debug_line    0x00000000      0x5a5 build/main.o
 .debug_line    0x000005a5      0x181 build/gpio.o
 .debug_line    0x00000726      0x6aa build/spi.o
 .debug_line    0x00000dd0      0x2e6 build/stm32h7xx_it.o
 .debug_line    0x000010b6      0x170 build/stm32h7xx_hal_msp.o
 .debug_line    0x00001226      0x4a2 build/system_stm32h7xx.o
 .debug_line    0x000016c8      0x1f0 build/sysmem.o
 .debug_line    0x000018b8      0x3f8 build/syscalls.o
 .debug_line    0x00001cb0      0x48a build/i2c.o
 .debug_line    0x0000213a      0x565 build/usart.o
 .debug_line    0x0000269f      0x577 build/sai.o
 .debug_line    0x00002c16      0x72b build/stm32h7xx_nucleo.o
 .debug_line    0x00003341      0x84b build/stm32h7xx_hal_cortex.o
 .debug_line    0x00003b8c     0x5049 build/stm32h7xx_hal_i2c.o
 .debug_line    0x00008bd5      0x3df build/stm32h7xx_hal_i2c_ex.o
 .debug_line    0x00008fb4     0x134a build/stm32h7xx_hal_rcc.o
 .debug_line    0x0000a2fe     0x1e9f build/stm32h7xx_hal_rcc_ex.o
 .debug_line    0x0000c19d      0x713 build/stm32h7xx_hal_gpio.o
 .debug_line    0x0000c8b0     0x23f3 build/stm32h7xx_hal_dma.o
 .debug_line    0x0000eca3      0xa54 build/stm32h7xx_hal_pwr_ex.o
 .debug_line    0x0000f6f7      0x994 build/stm32h7xx_hal.o
 .debug_line    0x0001008b      0x8cf build/stm32h7xx_hal_exti.o
 .debug_line    0x0001095a     0x1f56 build/stm32h7xx_hal_sai.o
 .debug_line    0x000128b0     0x2702 build/stm32h7xx_hal_spi.o
 .debug_line    0x00014fb2     0x4fd4 build/stm32h7xx_hal_uart.o
 .debug_line    0x00019f86      0xa74 build/stm32h7xx_hal_uart_ex.o
 .debug_line    0x0001a9fa      0x19f build/dma.o
 .debug_line    0x0001ab99      0x2a1 build/dma2d.o
 .debug_line    0x0001ae3a     0x110a build/stm32h7xx_hal_dma2d.o
 .debug_line    0x0001bf44       0x74 build/startup_stm32h723xx.o

.debug_str      0x00000000     0x6ea0
 .debug_str     0x00000000     0x6ea0 build/main.o
                                0xdd9 (size before relaxing)
 .debug_str     0x00006ea0      0x3b1 build/gpio.o
 .debug_str     0x00006ea0      0xe3c build/spi.o
 .debug_str     0x00006ea0      0x5ae build/stm32h7xx_it.o
 .debug_str     0x00006ea0      0x3bd build/stm32h7xx_hal_msp.o
 .debug_str     0x00006ea0      0x6a1 build/system_stm32h7xx.o
 .debug_str     0x00006ea0      0x1e8 build/sysmem.o
 .debug_str     0x00006ea0      0x3bc build/syscalls.o
 .debug_str     0x00006ea0      0xe28 build/i2c.o
 .debug_str     0x00006ea0      0xe53 build/usart.o
 .debug_str     0x00006ea0      0xed4 build/sai.o
 .debug_str     0x00006ea0     0x1754 build/stm32h7xx_nucleo.o
 .debug_str     0x00006ea0     0x1006 build/stm32h7xx_hal_cortex.o
 .debug_str     0x00006ea0     0x114b build/stm32h7xx_hal_i2c.o
 .debug_str     0x00006ea0      0xaf2 build/stm32h7xx_hal_i2c_ex.o
 .debug_str     0x00006ea0      0x980 build/stm32h7xx_hal_rcc.o
 .debug_str     0x00006ea0      0xec2 build/stm32h7xx_hal_rcc_ex.o
 .debug_str     0x00006ea0      0x69b build/stm32h7xx_hal_gpio.o
 .debug_str     0x00006ea0      0x91e build/stm32h7xx_hal_dma.o
 .debug_str     0x00006ea0      0x979 build/stm32h7xx_hal_pwr_ex.o
 .debug_str     0x00006ea0     0x1561 build/stm32h7xx_hal.o
 .debug_str     0x00006ea0      0x4e1 build/stm32h7xx_hal_exti.o
 .debug_str     0x00006ea0      0xce1 build/stm32h7xx_hal_sai.o
 .debug_str     0x00006ea0      0xd99 build/stm32h7xx_hal_spi.o
 .debug_str     0x00006ea0     0x1478 build/stm32h7xx_hal_uart.o
 .debug_str     0x00006ea0      0xb6c build/stm32h7xx_hal_uart_ex.o
 .debug_str     0x00006ea0      0xbbf build/dma.o
 .debug_str     0x00006ea0      0x6d3 build/dma2d.o
 .debug_str     0x00006ea0      0xa52 build/stm32h7xx_hal_dma2d.o
 .debug_str     0x00006ea0       0x45 build/startup_stm32h723xx.o

.debug_frame    0x00000000     0x4028
 .debug_frame   0x00000000       0xa4 build/main.o
 .debug_frame   0x000000a4       0x28 build/gpio.o
 .debug_frame   0x000000cc       0x98 build/spi.o
 .debug_frame   0x00000164       0xd8 build/stm32h7xx_it.o
 .debug_frame   0x0000023c       0x28 build/stm32h7xx_hal_msp.o
 .debug_frame   0x00000264       0x50 build/system_stm32h7xx.o
 .debug_frame   0x000002b4       0x28 build/sysmem.o
 .debug_frame   0x000002dc      0x190 build/syscalls.o
 .debug_frame   0x0000046c       0x7c build/i2c.o
 .debug_frame   0x000004e8       0x98 build/usart.o
 .debug_frame   0x00000580       0x7c build/sai.o
 .debug_frame   0x000005fc      0x25c build/stm32h7xx_nucleo.o
 .debug_frame   0x00000858      0x214 build/stm32h7xx_hal_cortex.o
 .debug_frame   0x00000a6c      0x98c build/stm32h7xx_hal_i2c.o
 .debug_frame   0x000013f8       0x80 build/stm32h7xx_hal_i2c_ex.o
 .debug_frame   0x00001478      0x184 build/stm32h7xx_hal_rcc.o
 .debug_frame   0x000015fc      0x284 build/stm32h7xx_hal_rcc_ex.o
 .debug_frame   0x00001880       0xd4 build/stm32h7xx_hal_gpio.o
 .debug_frame   0x00001954      0x1fc build/stm32h7xx_hal_dma.o
 .debug_frame   0x00001b50      0x2d4 build/stm32h7xx_hal_pwr_ex.o
 .debug_frame   0x00001e24      0x3c0 build/stm32h7xx_hal.o
 .debug_frame   0x000021e4      0x100 build/stm32h7xx_hal_exti.o
 .debug_frame   0x000022e4      0x424 build/stm32h7xx_hal_sai.o
 .debug_frame   0x00002708      0x490 build/stm32h7xx_hal_spi.o
 .debug_frame   0x00002b98      0x680 build/stm32h7xx_hal_uart.o
 .debug_frame   0x00003218      0x1c8 build/stm32h7xx_hal_uart_ex.o
 .debug_frame   0x000033e0       0x2c build/dma.o
 .debug_frame   0x0000340c       0x50 build/dma2d.o
 .debug_frame   0x0000345c      0x34c build/stm32h7xx_hal_dma2d.o
 .debug_frame   0x000037a8      0x144 C:/Program Files (x86)/Arm GNU Toolchain arm-none-eabi/14.3 rel1/bin/../lib/gcc/arm-none-eabi/14.3.1/../../../../arm-none-eabi/lib/thumb/v7e-m+dp/hard\libc_nano.a(libc_a-findfp.o)
 .debug_frame   0x000038ec       0x34 C:/Program Files (x86)/Arm GNU Toolchain arm-none-eabi/14.3 rel1/bin/../lib/gcc/arm-none-eabi/14.3.1/../../../../arm-none-eabi/lib/thumb/v7e-m+dp/hard\libc_nano.a(libc_a-fwalk.o)
 .debug_frame   0x00003920       0x6c C:/Program Files (x86)/Arm GNU Toolchain arm-none-eabi/14.3 rel1/bin/../lib/gcc/arm-none-eabi/14.3.1/../../../../arm-none-eabi/lib/thumb/v7e-m+dp/hard\libc_nano.a(libc_a-printf.o)
 .debug_frame   0x0000398c       0x88 C:/Program Files (x86)/Arm GNU Toolchain arm-none-eabi/14.3 rel1/bin/../lib/gcc/arm-none-eabi/14.3.1/../../../../arm-none-eabi/lib/thumb/v7e-m+dp/hard\libc_nano.a(libc_a-stdio.o)
 .debug_frame   0x00003a14       0x20 C:/Program Files (x86)/Arm GNU Toolchain arm-none-eabi/14.3 rel1/bin/../lib/gcc/arm-none-eabi/14.3.1/../../../../arm-none-eabi/lib/thumb/v7e-m+dp/hard\libc_nano.a(libc_a-memset.o)
 .debug_frame   0x00003a34       0x2c C:/Program Files (x86)/Arm GNU Toolchain arm-none-eabi/14.3 rel1/bin/../lib/gcc/arm-none-eabi/14.3.1/../../../../arm-none-eabi/lib/thumb/v7e-m+dp/hard\libc_nano.a(libc_a-closer.o)
 .debug_frame   0x00003a60       0x38 C:/Program Files (x86)/Arm GNU Toolchain arm-none-eabi/14.3 rel1/bin/../lib/gcc/arm-none-eabi/14.3.1/../../../../arm-none-eabi/lib/thumb/v7e-m+dp/hard\libc_nano.a(libc_a-reent.o)
 .debug_frame   0x00003a98       0x2c C:/Program Files (x86)/Arm GNU Toolchain arm-none-eabi/14.3 rel1/bin/../lib/gcc/arm-none-eabi/14.3.1/../../../../arm-none-eabi/lib/thumb/v7e-m+dp/hard\libc_nano.a(libc_a-lseekr.o)
 .debug_frame   0x00003ac4       0x2c C:/Program Files (x86)/Arm GNU Toolchain arm-none-eabi/14.3 rel1/bin/../lib/gcc/arm-none-eabi/14.3.1/../../../../arm-none-eabi/lib/thumb/v7e-m+dp/hard\libc_nano.a(libc_a-readr.o)
 .debug_frame   0x00003af0       0x2c C:/Program Files (x86)/Arm GNU Toolchain arm-none-eabi/14.3 rel1/bin/../lib/gcc/arm-none-eabi/14.3.1/../../../../arm-none-eabi/lib/thumb/v7e-m+dp/hard\libc_nano.a(libc_a-writer.o)
 .debug_frame   0x00003b1c       0x20 C:/Program Files (x86)/Arm GNU Toolchain arm-none-eabi/14.3 rel1/bin/../lib/gcc/arm-none-eabi/14.3.1/../../../../arm-none-eabi/lib/thumb/v7e-m+dp/hard\libc_nano.a(libc_a-errno.o)
 .debug_frame   0x00003b3c       0x2c C:/Program Files (x86)/Arm GNU Toolchain arm-none-eabi/14.3 rel1/bin/../lib/gcc/arm-none-eabi/14.3.1/../../../../arm-none-eabi/lib/thumb/v7e-m+dp/hard\libc_nano.a(libc_a-init.o)
 .debug_frame   0x00003b68       0xb0 C:/Program Files (x86)/Arm GNU Toolchain arm-none-eabi/14.3 rel1/bin/../lib/gcc/arm-none-eabi/14.3.1/../../../../arm-none-eabi/lib/thumb/v7e-m+dp/hard\libc_nano.a(libc_a-lock.o)
 .debug_frame   0x00003c18       0x38 C:/Program Files (x86)/Arm GNU Toolchain arm-none-eabi/14.3 rel1/bin/../lib/gcc/arm-none-eabi/14.3.1/../../../../arm-none-eabi/lib/thumb/v7e-m+dp/hard\libc_nano.a(libc_a-freer.o)
 .debug_frame   0x00003c50       0x50 C:/Program Files (x86)/Arm GNU Toolchain arm-none-eabi/14.3 rel1/bin/../lib/gcc/arm-none-eabi/14.3.1/../../../../arm-none-eabi/lib/thumb/v7e-m+dp/hard\libc_nano.a(libc_a-mallocr.o)
 .debug_frame   0x00003ca0       0x30 C:/Program Files (x86)/Arm GNU Toolchain arm-none-eabi/14.3 rel1/bin/../lib/gcc/arm-none-eabi/14.3.1/../../../../arm-none-eabi/lib/thumb/v7e-m+dp/hard\libc_nano.a(libc_a-mlock.o)
 .debug_frame   0x00003cd0       0xa8 C:/Program Files (x86)/Arm GNU Toolchain arm-none-eabi/14.3 rel1/bin/../lib/gcc/arm-none-eabi/14.3.1/../../../../arm-none-eabi/lib/thumb/v7e-m+dp/hard\libc_nano.a(libc_a-nano-vfprintf.o)
 .debug_frame   0x00003d78       0x60 C:/Program Files (x86)/Arm GNU Toolchain arm-none-eabi/14.3 rel1/bin/../lib/gcc/arm-none-eabi/14.3.1/../../../../arm-none-eabi/lib/thumb/v7e-m+dp/hard\libc_nano.a(libc_a-nano-vfprintf_i.o)
 .debug_frame   0x00003dd8       0x5c C:/Program Files (x86)/Arm GNU Toolchain arm-none-eabi/14.3 rel1/bin/../lib/gcc/arm-none-eabi/14.3.1/../../../../arm-none-eabi/lib/thumb/v7e-m+dp/hard\libc_nano.a(libc_a-fflush.o)
 .debug_frame   0x00003e34       0x40 C:/Program Files (x86)/Arm GNU Toolchain arm-none-eabi/14.3 rel1/bin/../lib/gcc/arm-none-eabi/14.3.1/../../../../arm-none-eabi/lib/thumb/v7e-m+dp/hard\libc_nano.a(libc_a-wbuf.o)
 .debug_frame   0x00003e74       0x2c C:/Program Files (x86)/Arm GNU Toolchain arm-none-eabi/14.3 rel1/bin/../lib/gcc/arm-none-eabi/14.3.1/../../../../arm-none-eabi/lib/thumb/v7e-m+dp/hard\libc_nano.a(libc_a-wsetup.o)
 .debug_frame   0x00003ea0       0x2c C:/Program Files (x86)/Arm GNU Toolchain arm-none-eabi/14.3 rel1/bin/../lib/gcc/arm-none-eabi/14.3.1/../../../../arm-none-eabi/lib/thumb/v7e-m+dp/hard\libc_nano.a(libc_a-sbrkr.o)
 .debug_frame   0x00003ecc       0x4c C:/Program Files (x86)/Arm GNU Toolchain arm-none-eabi/14.3 rel1/bin/../lib/gcc/arm-none-eabi/14.3.1/../../../../arm-none-eabi/lib/thumb/v7e-m+dp/hard\libc_nano.a(libc_a-memchr.o)
 .debug_frame   0x00003f18       0x58 C:/Program Files (x86)/Arm GNU Toolchain arm-none-eabi/14.3 rel1/bin/../lib/gcc/arm-none-eabi/14.3.1/../../../../arm-none-eabi/lib/thumb/v7e-m+dp/hard\libc_nano.a(libc_a-makebuf.o)
 .debug_frame   0x00003f70       0x2c C:/Program Files (x86)/Arm GNU Toolchain arm-none-eabi/14.3 rel1/bin/../lib/gcc/arm-none-eabi/14.3.1/../../../../arm-none-eabi/lib/thumb/v7e-m+dp/hard\libc_nano.a(libc_a-fstatr.o)
 .debug_frame   0x00003f9c       0x2c C:/Program Files (x86)/Arm GNU Toolchain arm-none-eabi/14.3 rel1/bin/../lib/gcc/arm-none-eabi/14.3.1/../../../../arm-none-eabi/lib/thumb/v7e-m+dp/hard\libc_nano.a(libc_a-isattyr.o)
 .debug_frame   0x00003fc8       0x2c C:/Program Files (x86)/Arm GNU Toolchain arm-none-eabi/14.3 rel1/bin/../lib/gcc/arm-none-eabi/14.3.1/thumb/v7e-m+dp/hard\libgcc.a(_aeabi_uldivmod.o)
 .debug_frame   0x00003ff4       0x34 C:/Program Files (x86)/Arm GNU Toolchain arm-none-eabi/14.3 rel1/bin/../lib/gcc/arm-none-eabi/14.3.1/thumb/v7e-m+dp/hard\libgcc.a(_udivmoddi4.o)

.debug_line_str
                0x00000000      0x1be
 .debug_line_str
                0x00000000      0x1be C:/Program Files (x86)/Arm GNU Toolchain arm-none-eabi/14.3 rel1/bin/../lib/gcc/arm-none-eabi/14.3.1/../../../../arm-none-eabi/lib/thumb/v7e-m+dp/hard\libc_nano.a(libc_a-memchr.o)
                                 0xe5 (size before relaxing)
 .debug_line_str
                0x000001be       0xcd C:/Program Files (x86)/Arm GNU Toolchain arm-none-eabi/14.3 rel1/bin/../lib/gcc/arm-none-eabi/14.3.1/thumb/v7e-m+dp/hard\libgcc.a(_aeabi_uldivmod.o)
 .debug_line_str
                0x000001be       0xd1 C:/Program Files (x86)/Arm GNU Toolchain arm-none-eabi/14.3 rel1/bin/../lib/gcc/arm-none-eabi/14.3.1/thumb/v7e-m+dp/hard\libgcc.a(_dvmd_tls.o)

Cross Reference Table

Symbol                                            File
ADC3_IRQHandler                                   build/startup_stm32h723xx.o
ADC_IRQHandler                                    build/startup_stm32h723xx.o
BDMA_Channel0_IRQHandler                          build/startup_stm32h723xx.o
BDMA_Channel1_IRQHandler                          build/startup_stm32h723xx.o
BDMA_Channel2_IRQHandler                          build/startup_stm32h723xx.o
BDMA_Channel3_IRQHandler                          build/startup_stm32h723xx.o
BDMA_Channel4_IRQHandler                          build/startup_stm32h723xx.o
BDMA_Channel5_IRQHandler                          build/startup_stm32h723xx.o
BDMA_Channel6_IRQHandler                          build/startup_stm32h723xx.o
BDMA_Channel7_IRQHandler                          build/startup_stm32h723xx.o
BSP_COM_DeInit                                    build/stm32h7xx_nucleo.o
BSP_COM_Init                                      build/stm32h7xx_nucleo.o
                                                  build/main.o
BSP_COM_SelectLogPort                             build/stm32h7xx_nucleo.o
BSP_GetVersion                                    build/stm32h7xx_nucleo.o
BSP_LED_DeInit                                    build/stm32h7xx_nucleo.o
BSP_LED_GetState                                  build/stm32h7xx_nucleo.o
BSP_LED_Init                                      build/stm32h7xx_nucleo.o
                                                  build/main.o
BSP_LED_Off                                       build/stm32h7xx_nucleo.o
BSP_LED_On                                        build/stm32h7xx_nucleo.o
                                                  build/main.o
BSP_LED_Toggle                                    build/stm32h7xx_nucleo.o
                                                  build/i2s_audio.o
                                                  build/main.o
BSP_PB_Callback                                   build/main.o
BSP_PB_DeInit                                     build/stm32h7xx_nucleo.o
BSP_PB_GetState                                   build/stm32h7xx_nucleo.o
BSP_PB_IRQHandler                                 build/stm32h7xx_nucleo.o
                                                  build/stm32h7xx_it.o
BSP_PB_Init                                       build/stm32h7xx_nucleo.o
                                                  build/main.o
BspButtonState                                    build/main.o
BspCOMInit                                        build/main.o
BusFault_Handler                                  build/stm32h7xx_it.o
CEC_IRQHandler                                    build/startup_stm32h723xx.o
COMP1_IRQHandler                                  build/startup_stm32h723xx.o
COM_USART                                         build/stm32h7xx_nucleo.o
CORDIC_IRQHandler                                 build/startup_stm32h723xx.o
CRS_IRQHandler                                    build/startup_stm32h723xx.o
D1CorePrescTable                                  build/system_stm32h7xx.o
                                                  build/stm32h7xx_hal.o