ARM GAS  C:\msys64\tmp\ccTxZmrb.s 			page 1


   1              		.cpu cortex-m7
   2              		.arch armv7e-m
   3              		.fpu fpv5-d16
   4              		.eabi_attribute 28, 1
   5              		.eabi_attribute 20, 1
   6              		.eabi_attribute 21, 1
   7              		.eabi_attribute 23, 3
   8              		.eabi_attribute 24, 1
   9              		.eabi_attribute 25, 1
  10              		.eabi_attribute 26, 1
  11              		.eabi_attribute 30, 1
  12              		.eabi_attribute 34, 1
  13              		.eabi_attribute 18, 4
  14              		.file	"usart.c"
  15              		.text
  16              	.Ltext0:
  17              		.cfi_sections	.debug_frame
  18              		.file 1 "Core/Src/usart.c"
  19              		.section	.text.MX_UART4_Init,"ax",%progbits
  20              		.align	1
  21              		.global	MX_UART4_Init
  22              		.syntax unified
  23              		.thumb
  24              		.thumb_func
  26              	MX_UART4_Init:
  27              	.LFB147:
   1:Core/Src/usart.c **** /* USER CODE BEGIN Header */
   2:Core/Src/usart.c **** /**
   3:Core/Src/usart.c ****   ******************************************************************************
   4:Core/Src/usart.c ****   * @file    usart.c
   5:Core/Src/usart.c ****   * @brief   This file provides code for the configuration
   6:Core/Src/usart.c ****   *          of the USART instances.
   7:Core/Src/usart.c ****   ******************************************************************************
   8:Core/Src/usart.c ****   * @attention
   9:Core/Src/usart.c ****   *
  10:Core/Src/usart.c ****   * Copyright (c) 2025 STMicroelectronics.
  11:Core/Src/usart.c ****   * All rights reserved.
  12:Core/Src/usart.c ****   *
  13:Core/Src/usart.c ****   * This software is licensed under terms that can be found in the LICENSE file
  14:Core/Src/usart.c ****   * in the root directory of this software component.
  15:Core/Src/usart.c ****   * If no LICENSE file comes with this software, it is provided AS-IS.
  16:Core/Src/usart.c ****   *
  17:Core/Src/usart.c ****   ******************************************************************************
  18:Core/Src/usart.c ****   */
  19:Core/Src/usart.c **** /* USER CODE END Header */
  20:Core/Src/usart.c **** /* Includes ------------------------------------------------------------------*/
  21:Core/Src/usart.c **** #include "usart.h"
  22:Core/Src/usart.c **** 
  23:Core/Src/usart.c **** /* USER CODE BEGIN 0 */
  24:Core/Src/usart.c **** 
  25:Core/Src/usart.c **** /* USER CODE END 0 */
  26:Core/Src/usart.c **** 
  27:Core/Src/usart.c **** UART_HandleTypeDef huart4;
  28:Core/Src/usart.c **** UART_HandleTypeDef huart1;
  29:Core/Src/usart.c **** 
  30:Core/Src/usart.c **** /* UART4 init function */
  31:Core/Src/usart.c **** void MX_UART4_Init(void)
ARM GAS  C:\msys64\tmp\ccTxZmrb.s 			page 2


  32:Core/Src/usart.c **** {
  28              		.loc 1 32 1 view -0
  29              		.cfi_startproc
  30              		@ args = 0, pretend = 0, frame = 0
  31              		@ frame_needed = 0, uses_anonymous_args = 0
  32 0000 08B5     		push	{r3, lr}
  33              	.LCFI0:
  34              		.cfi_def_cfa_offset 8
  35              		.cfi_offset 3, -8
  36              		.cfi_offset 14, -4
  33:Core/Src/usart.c **** 
  34:Core/Src/usart.c ****   /* USER CODE BEGIN UART4_Init 0 */
  35:Core/Src/usart.c **** 
  36:Core/Src/usart.c ****   /* USER CODE END UART4_Init 0 */
  37:Core/Src/usart.c **** 
  38:Core/Src/usart.c ****   /* USER CODE BEGIN UART4_Init 1 */
  39:Core/Src/usart.c **** 
  40:Core/Src/usart.c ****   /* USER CODE END UART4_Init 1 */
  41:Core/Src/usart.c ****   huart4.Instance = UART4;
  37              		.loc 1 41 3 view .LVU1
  38              		.loc 1 41 19 is_stmt 0 view .LVU2
  39 0002 1748     		ldr	r0, .L11
  40 0004 174B     		ldr	r3, .L11+4
  41 0006 0360     		str	r3, [r0]
  42:Core/Src/usart.c ****   huart4.Init.BaudRate = 115200;
  42              		.loc 1 42 3 is_stmt 1 view .LVU3
  43              		.loc 1 42 24 is_stmt 0 view .LVU4
  44 0008 4FF4E133 		mov	r3, #115200
  45 000c 4360     		str	r3, [r0, #4]
  43:Core/Src/usart.c ****   huart4.Init.WordLength = UART_WORDLENGTH_8B;
  46              		.loc 1 43 3 is_stmt 1 view .LVU5
  47              		.loc 1 43 26 is_stmt 0 view .LVU6
  48 000e 0023     		movs	r3, #0
  49 0010 8360     		str	r3, [r0, #8]
  44:Core/Src/usart.c ****   huart4.Init.StopBits = UART_STOPBITS_1;
  50              		.loc 1 44 3 is_stmt 1 view .LVU7
  51              		.loc 1 44 24 is_stmt 0 view .LVU8
  52 0012 C360     		str	r3, [r0, #12]
  45:Core/Src/usart.c ****   huart4.Init.Parity = UART_PARITY_NONE;
  53              		.loc 1 45 3 is_stmt 1 view .LVU9
  54              		.loc 1 45 22 is_stmt 0 view .LVU10
  55 0014 0361     		str	r3, [r0, #16]
  46:Core/Src/usart.c ****   huart4.Init.Mode = UART_MODE_TX_RX;
  56              		.loc 1 46 3 is_stmt 1 view .LVU11
  57              		.loc 1 46 20 is_stmt 0 view .LVU12
  58 0016 0C22     		movs	r2, #12
  59 0018 4261     		str	r2, [r0, #20]
  47:Core/Src/usart.c ****   huart4.Init.HwFlowCtl = UART_HWCONTROL_NONE;
  60              		.loc 1 47 3 is_stmt 1 view .LVU13
  61              		.loc 1 47 25 is_stmt 0 view .LVU14
  62 001a 8361     		str	r3, [r0, #24]
  48:Core/Src/usart.c ****   huart4.Init.OverSampling = UART_OVERSAMPLING_16;
  63              		.loc 1 48 3 is_stmt 1 view .LVU15
  64              		.loc 1 48 28 is_stmt 0 view .LVU16
  65 001c C361     		str	r3, [r0, #28]
  49:Core/Src/usart.c ****   huart4.Init.OneBitSampling = UART_ONE_BIT_SAMPLE_DISABLE;
  66              		.loc 1 49 3 is_stmt 1 view .LVU17
ARM GAS  C:\msys64\tmp\ccTxZmrb.s 			page 3


  67              		.loc 1 49 30 is_stmt 0 view .LVU18
  68 001e 0362     		str	r3, [r0, #32]
  50:Core/Src/usart.c ****   huart4.Init.ClockPrescaler = UART_PRESCALER_DIV1;
  69              		.loc 1 50 3 is_stmt 1 view .LVU19
  70              		.loc 1 50 30 is_stmt 0 view .LVU20
  71 0020 4362     		str	r3, [r0, #36]
  51:Core/Src/usart.c ****   huart4.AdvancedInit.AdvFeatureInit = UART_ADVFEATURE_NO_INIT;
  72              		.loc 1 51 3 is_stmt 1 view .LVU21
  73              		.loc 1 51 38 is_stmt 0 view .LVU22
  74 0022 8362     		str	r3, [r0, #40]
  52:Core/Src/usart.c ****   if (HAL_UART_Init(&huart4) != HAL_OK)
  75              		.loc 1 52 3 is_stmt 1 view .LVU23
  76              		.loc 1 52 7 is_stmt 0 view .LVU24
  77 0024 FFF7FEFF 		bl	HAL_UART_Init
  78              	.LVL0:
  79              		.loc 1 52 6 discriminator 1 view .LVU25
  80 0028 70B9     		cbnz	r0, .L7
  81              	.L2:
  53:Core/Src/usart.c ****   {
  54:Core/Src/usart.c ****     Error_Handler();
  55:Core/Src/usart.c ****   }
  56:Core/Src/usart.c ****   if (HAL_UARTEx_SetTxFifoThreshold(&huart4, UART_TXFIFO_THRESHOLD_1_8) != HAL_OK)
  82              		.loc 1 56 3 is_stmt 1 view .LVU26
  83              		.loc 1 56 7 is_stmt 0 view .LVU27
  84 002a 0021     		movs	r1, #0
  85 002c 0C48     		ldr	r0, .L11
  86 002e FFF7FEFF 		bl	HAL_UARTEx_SetTxFifoThreshold
  87              	.LVL1:
  88              		.loc 1 56 6 discriminator 1 view .LVU28
  89 0032 60B9     		cbnz	r0, .L8
  90              	.L3:
  57:Core/Src/usart.c ****   {
  58:Core/Src/usart.c ****     Error_Handler();
  59:Core/Src/usart.c ****   }
  60:Core/Src/usart.c ****   if (HAL_UARTEx_SetRxFifoThreshold(&huart4, UART_RXFIFO_THRESHOLD_1_8) != HAL_OK)
  91              		.loc 1 60 3 is_stmt 1 view .LVU29
  92              		.loc 1 60 7 is_stmt 0 view .LVU30
  93 0034 0021     		movs	r1, #0
  94 0036 0A48     		ldr	r0, .L11
  95 0038 FFF7FEFF 		bl	HAL_UARTEx_SetRxFifoThreshold
  96              	.LVL2:
  97              		.loc 1 60 6 discriminator 1 view .LVU31
  98 003c 50B9     		cbnz	r0, .L9
  99              	.L4:
  61:Core/Src/usart.c ****   {
  62:Core/Src/usart.c ****     Error_Handler();
  63:Core/Src/usart.c ****   }
  64:Core/Src/usart.c ****   if (HAL_UARTEx_DisableFifoMode(&huart4) != HAL_OK)
 100              		.loc 1 64 3 is_stmt 1 view .LVU32
 101              		.loc 1 64 7 is_stmt 0 view .LVU33
 102 003e 0848     		ldr	r0, .L11
 103 0040 FFF7FEFF 		bl	HAL_UARTEx_DisableFifoMode
 104              	.LVL3:
 105              		.loc 1 64 6 discriminator 1 view .LVU34
 106 0044 48B9     		cbnz	r0, .L10
 107              	.L1:
  65:Core/Src/usart.c ****   {
ARM GAS  C:\msys64\tmp\ccTxZmrb.s 			page 4


  66:Core/Src/usart.c ****     Error_Handler();
  67:Core/Src/usart.c ****   }
  68:Core/Src/usart.c ****   /* USER CODE BEGIN UART4_Init 2 */
  69:Core/Src/usart.c **** 
  70:Core/Src/usart.c ****   /* USER CODE END UART4_Init 2 */
  71:Core/Src/usart.c **** 
  72:Core/Src/usart.c **** }
 108              		.loc 1 72 1 view .LVU35
 109 0046 08BD     		pop	{r3, pc}
 110              	.L7:
  54:Core/Src/usart.c ****   }
 111              		.loc 1 54 5 is_stmt 1 view .LVU36
 112 0048 FFF7FEFF 		bl	Error_Handler
 113              	.LVL4:
 114 004c EDE7     		b	.L2
 115              	.L8:
  58:Core/Src/usart.c ****   }
 116              		.loc 1 58 5 view .LVU37
 117 004e FFF7FEFF 		bl	Error_Handler
 118              	.LVL5:
 119 0052 EFE7     		b	.L3
 120              	.L9:
  62:Core/Src/usart.c ****   }
 121              		.loc 1 62 5 view .LVU38
 122 0054 FFF7FEFF 		bl	Error_Handler
 123              	.LVL6:
 124 0058 F1E7     		b	.L4
 125              	.L10:
  66:Core/Src/usart.c ****   }
 126              		.loc 1 66 5 view .LVU39
 127 005a FFF7FEFF 		bl	Error_Handler
 128              	.LVL7:
 129              		.loc 1 72 1 is_stmt 0 view .LVU40
 130 005e F2E7     		b	.L1
 131              	.L12:
 132              		.align	2
 133              	.L11:
 134 0060 00000000 		.word	huart4
 135 0064 004C0040 		.word	1073761280
 136              		.cfi_endproc
 137              	.LFE147:
 139              		.section	.text.MX_USART1_UART_Init,"ax",%progbits
 140              		.align	1
 141              		.global	MX_USART1_UART_Init
 142              		.syntax unified
 143              		.thumb
 144              		.thumb_func
 146              	MX_USART1_UART_Init:
 147              	.LFB148:
  73:Core/Src/usart.c **** /* USART1 init function */
  74:Core/Src/usart.c **** 
  75:Core/Src/usart.c **** void MX_USART1_UART_Init(void)
  76:Core/Src/usart.c **** {
 148              		.loc 1 76 1 is_stmt 1 view -0
 149              		.cfi_startproc
 150              		@ args = 0, pretend = 0, frame = 0
 151              		@ frame_needed = 0, uses_anonymous_args = 0
ARM GAS  C:\msys64\tmp\ccTxZmrb.s 			page 5


 152 0000 08B5     		push	{r3, lr}
 153              	.LCFI1:
 154              		.cfi_def_cfa_offset 8
 155              		.cfi_offset 3, -8
 156              		.cfi_offset 14, -4
  77:Core/Src/usart.c **** 
  78:Core/Src/usart.c ****   /* USER CODE BEGIN USART1_Init 0 */
  79:Core/Src/usart.c **** 
  80:Core/Src/usart.c ****   /* USER CODE END USART1_Init 0 */
  81:Core/Src/usart.c **** 
  82:Core/Src/usart.c ****   /* USER CODE BEGIN USART1_Init 1 */
  83:Core/Src/usart.c **** 
  84:Core/Src/usart.c ****   /* USER CODE END USART1_Init 1 */
  85:Core/Src/usart.c ****   huart1.Instance = USART1;
 157              		.loc 1 85 3 view .LVU42
 158              		.loc 1 85 19 is_stmt 0 view .LVU43
 159 0002 1748     		ldr	r0, .L23
 160 0004 174B     		ldr	r3, .L23+4
 161 0006 0360     		str	r3, [r0]
  86:Core/Src/usart.c ****   huart1.Init.BaudRate = 115200;
 162              		.loc 1 86 3 is_stmt 1 view .LVU44
 163              		.loc 1 86 24 is_stmt 0 view .LVU45
 164 0008 4FF4E133 		mov	r3, #115200
 165 000c 4360     		str	r3, [r0, #4]
  87:Core/Src/usart.c ****   huart1.Init.WordLength = UART_WORDLENGTH_8B;
 166              		.loc 1 87 3 is_stmt 1 view .LVU46
 167              		.loc 1 87 26 is_stmt 0 view .LVU47
 168 000e 0023     		movs	r3, #0
 169 0010 8360     		str	r3, [r0, #8]
  88:Core/Src/usart.c ****   huart1.Init.StopBits = UART_STOPBITS_1;
 170              		.loc 1 88 3 is_stmt 1 view .LVU48
 171              		.loc 1 88 24 is_stmt 0 view .LVU49
 172 0012 C360     		str	r3, [r0, #12]
  89:Core/Src/usart.c ****   huart1.Init.Parity = UART_PARITY_NONE;
 173              		.loc 1 89 3 is_stmt 1 view .LVU50
 174              		.loc 1 89 22 is_stmt 0 view .LVU51
 175 0014 0361     		str	r3, [r0, #16]
  90:Core/Src/usart.c ****   huart1.Init.Mode = UART_MODE_TX_RX;
 176              		.loc 1 90 3 is_stmt 1 view .LVU52
 177              		.loc 1 90 20 is_stmt 0 view .LVU53
 178 0016 0C22     		movs	r2, #12
 179 0018 4261     		str	r2, [r0, #20]
  91:Core/Src/usart.c ****   huart1.Init.HwFlowCtl = UART_HWCONTROL_NONE;
 180              		.loc 1 91 3 is_stmt 1 view .LVU54
 181              		.loc 1 91 25 is_stmt 0 view .LVU55
 182 001a 8361     		str	r3, [r0, #24]
  92:Core/Src/usart.c ****   huart1.Init.OverSampling = UART_OVERSAMPLING_16;
 183              		.loc 1 92 3 is_stmt 1 view .LVU56
 184              		.loc 1 92 28 is_stmt 0 view .LVU57
 185 001c C361     		str	r3, [r0, #28]
  93:Core/Src/usart.c ****   huart1.Init.OneBitSampling = UART_ONE_BIT_SAMPLE_DISABLE;
 186              		.loc 1 93 3 is_stmt 1 view .LVU58
 187              		.loc 1 93 30 is_stmt 0 view .LVU59
 188 001e 0362     		str	r3, [r0, #32]
  94:Core/Src/usart.c ****   huart1.Init.ClockPrescaler = UART_PRESCALER_DIV1;
 189              		.loc 1 94 3 is_stmt 1 view .LVU60
 190              		.loc 1 94 30 is_stmt 0 view .LVU61
ARM GAS  C:\msys64\tmp\ccTxZmrb.s 			page 6


 191 0020 4362     		str	r3, [r0, #36]
  95:Core/Src/usart.c ****   huart1.AdvancedInit.AdvFeatureInit = UART_ADVFEATURE_NO_INIT;
 192              		.loc 1 95 3 is_stmt 1 view .LVU62
 193              		.loc 1 95 38 is_stmt 0 view .LVU63
 194 0022 8362     		str	r3, [r0, #40]
  96:Core/Src/usart.c ****   if (HAL_UART_Init(&huart1) != HAL_OK)
 195              		.loc 1 96 3 is_stmt 1 view .LVU64
 196              		.loc 1 96 7 is_stmt 0 view .LVU65
 197 0024 FFF7FEFF 		bl	HAL_UART_Init
 198              	.LVL8:
 199              		.loc 1 96 6 discriminator 1 view .LVU66
 200 0028 70B9     		cbnz	r0, .L19
 201              	.L14:
  97:Core/Src/usart.c ****   {
  98:Core/Src/usart.c ****     Error_Handler();
  99:Core/Src/usart.c ****   }
 100:Core/Src/usart.c ****   if (HAL_UARTEx_SetTxFifoThreshold(&huart1, UART_TXFIFO_THRESHOLD_1_8) != HAL_OK)
 202              		.loc 1 100 3 is_stmt 1 view .LVU67
 203              		.loc 1 100 7 is_stmt 0 view .LVU68
 204 002a 0021     		movs	r1, #0
 205 002c 0C48     		ldr	r0, .L23
 206 002e FFF7FEFF 		bl	HAL_UARTEx_SetTxFifoThreshold
 207              	.LVL9:
 208              		.loc 1 100 6 discriminator 1 view .LVU69
 209 0032 60B9     		cbnz	r0, .L20
 210              	.L15:
 101:Core/Src/usart.c ****   {
 102:Core/Src/usart.c ****     Error_Handler();
 103:Core/Src/usart.c ****   }
 104:Core/Src/usart.c ****   if (HAL_UARTEx_SetRxFifoThreshold(&huart1, UART_RXFIFO_THRESHOLD_1_8) != HAL_OK)
 211              		.loc 1 104 3 is_stmt 1 view .LVU70
 212              		.loc 1 104 7 is_stmt 0 view .LVU71
 213 0034 0021     		movs	r1, #0
 214 0036 0A48     		ldr	r0, .L23
 215 0038 FFF7FEFF 		bl	HAL_UARTEx_SetRxFifoThreshold
 216              	.LVL10:
 217              		.loc 1 104 6 discriminator 1 view .LVU72
 218 003c 50B9     		cbnz	r0, .L21
 219              	.L16:
 105:Core/Src/usart.c ****   {
 106:Core/Src/usart.c ****     Error_Handler();
 107:Core/Src/usart.c ****   }
 108:Core/Src/usart.c ****   if (HAL_UARTEx_DisableFifoMode(&huart1) != HAL_OK)
 220              		.loc 1 108 3 is_stmt 1 view .LVU73
 221              		.loc 1 108 7 is_stmt 0 view .LVU74
 222 003e 0848     		ldr	r0, .L23
 223 0040 FFF7FEFF 		bl	HAL_UARTEx_DisableFifoMode
 224              	.LVL11:
 225              		.loc 1 108 6 discriminator 1 view .LVU75
 226 0044 48B9     		cbnz	r0, .L22
 227              	.L13:
 109:Core/Src/usart.c ****   {
 110:Core/Src/usart.c ****     Error_Handler();
 111:Core/Src/usart.c ****   }
 112:Core/Src/usart.c ****   /* USER CODE BEGIN USART1_Init 2 */
 113:Core/Src/usart.c **** 
 114:Core/Src/usart.c ****   /* USER CODE END USART1_Init 2 */
ARM GAS  C:\msys64\tmp\ccTxZmrb.s 			page 7


 115:Core/Src/usart.c **** 
 116:Core/Src/usart.c **** }
 228              		.loc 1 116 1 view .LVU76
 229 0046 08BD     		pop	{r3, pc}
 230              	.L19:
  98:Core/Src/usart.c ****   }
 231              		.loc 1 98 5 is_stmt 1 view .LVU77
 232 0048 FFF7FEFF 		bl	Error_Handler
 233              	.LVL12:
 234 004c EDE7     		b	.L14
 235              	.L20:
 102:Core/Src/usart.c ****   }
 236              		.loc 1 102 5 view .LVU78
 237 004e FFF7FEFF 		bl	Error_Handler
 238              	.LVL13:
 239 0052 EFE7     		b	.L15
 240              	.L21:
 106:Core/Src/usart.c ****   }
 241              		.loc 1 106 5 view .LVU79
 242 0054 FFF7FEFF 		bl	Error_Handler
 243              	.LVL14:
 244 0058 F1E7     		b	.L16
 245              	.L22:
 110:Core/Src/usart.c ****   }
 246              		.loc 1 110 5 view .LVU80
 247 005a FFF7FEFF 		bl	Error_Handler
 248              	.LVL15:
 249              		.loc 1 116 1 is_stmt 0 view .LVU81
 250 005e F2E7     		b	.L13
 251              	.L24:
 252              		.align	2
 253              	.L23:
 254 0060 00000000 		.word	huart1
 255 0064 00100140 		.word	1073811456
 256              		.cfi_endproc
 257              	.LFE148:
 259              		.section	.text.MX_USART3_UART_Init,"ax",%progbits
 260              		.align	1
 261              		.global	MX_USART3_UART_Init
 262              		.syntax unified
 263              		.thumb
 264              		.thumb_func
 266              	MX_USART3_UART_Init:
 267              	.LFB149:
 117:Core/Src/usart.c **** 
 118:Core/Src/usart.c **** UART_HandleTypeDef huart3;
 119:Core/Src/usart.c **** 
 120:Core/Src/usart.c **** void MX_USART3_UART_Init(void)
 121:Core/Src/usart.c **** {
 268              		.loc 1 121 1 is_stmt 1 view -0
 269              		.cfi_startproc
 270              		@ args = 0, pretend = 0, frame = 0
 271              		@ frame_needed = 0, uses_anonymous_args = 0
 272 0000 08B5     		push	{r3, lr}
 273              	.LCFI2:
 274              		.cfi_def_cfa_offset 8
 275              		.cfi_offset 3, -8
ARM GAS  C:\msys64\tmp\ccTxZmrb.s 			page 8


 276              		.cfi_offset 14, -4
 122:Core/Src/usart.c ****     huart3.Instance = USART3;
 277              		.loc 1 122 5 view .LVU83
 278              		.loc 1 122 21 is_stmt 0 view .LVU84
 279 0002 0A48     		ldr	r0, .L29
 280 0004 0A4B     		ldr	r3, .L29+4
 281 0006 0360     		str	r3, [r0]
 123:Core/Src/usart.c ****     huart3.Init.BaudRate = 115200;
 282              		.loc 1 123 5 is_stmt 1 view .LVU85
 283              		.loc 1 123 26 is_stmt 0 view .LVU86
 284 0008 4FF4E133 		mov	r3, #115200
 285 000c 4360     		str	r3, [r0, #4]
 124:Core/Src/usart.c ****     huart3.Init.WordLength = UART_WORDLENGTH_8B;
 286              		.loc 1 124 5 is_stmt 1 view .LVU87
 287              		.loc 1 124 28 is_stmt 0 view .LVU88
 288 000e 0023     		movs	r3, #0
 289 0010 8360     		str	r3, [r0, #8]
 125:Core/Src/usart.c ****     huart3.Init.StopBits = UART_STOPBITS_1;
 290              		.loc 1 125 5 is_stmt 1 view .LVU89
 291              		.loc 1 125 26 is_stmt 0 view .LVU90
 292 0012 C360     		str	r3, [r0, #12]
 126:Core/Src/usart.c ****     huart3.Init.Parity = UART_PARITY_NONE;
 293              		.loc 1 126 5 is_stmt 1 view .LVU91
 294              		.loc 1 126 24 is_stmt 0 view .LVU92
 295 0014 0361     		str	r3, [r0, #16]
 127:Core/Src/usart.c ****     huart3.Init.Mode = UART_MODE_TX_RX;
 296              		.loc 1 127 5 is_stmt 1 view .LVU93
 297              		.loc 1 127 22 is_stmt 0 view .LVU94
 298 0016 0C22     		movs	r2, #12
 299 0018 4261     		str	r2, [r0, #20]
 128:Core/Src/usart.c ****     huart3.Init.HwFlowCtl = UART_HWCONTROL_NONE;
 300              		.loc 1 128 5 is_stmt 1 view .LVU95
 301              		.loc 1 128 27 is_stmt 0 view .LVU96
 302 001a 8361     		str	r3, [r0, #24]
 129:Core/Src/usart.c ****     huart3.Init.OverSampling = UART_OVERSAMPLING_16;
 303              		.loc 1 129 5 is_stmt 1 view .LVU97
 304              		.loc 1 129 30 is_stmt 0 view .LVU98
 305 001c C361     		str	r3, [r0, #28]
 130:Core/Src/usart.c ****     if (HAL_UART_Init(&huart3) != HAL_OK)
 306              		.loc 1 130 5 is_stmt 1 view .LVU99
 307              		.loc 1 130 9 is_stmt 0 view .LVU100
 308 001e FFF7FEFF 		bl	HAL_UART_Init
 309              	.LVL16:
 310              		.loc 1 130 8 discriminator 1 view .LVU101
 311 0022 00B9     		cbnz	r0, .L28
 312              	.L25:
 131:Core/Src/usart.c ****     {
 132:Core/Src/usart.c ****         Error_Handler();
 133:Core/Src/usart.c ****     }
 134:Core/Src/usart.c **** }
 313              		.loc 1 134 1 view .LVU102
 314 0024 08BD     		pop	{r3, pc}
 315              	.L28:
 132:Core/Src/usart.c ****     }
 316              		.loc 1 132 9 is_stmt 1 view .LVU103
 317 0026 FFF7FEFF 		bl	Error_Handler
 318              	.LVL17:
ARM GAS  C:\msys64\tmp\ccTxZmrb.s 			page 9


 319              		.loc 1 134 1 is_stmt 0 view .LVU104
 320 002a FBE7     		b	.L25
 321              	.L30:
 322              		.align	2
 323              	.L29:
 324 002c 00000000 		.word	huart3
 325 0030 00480040 		.word	1073760256
 326              		.cfi_endproc
 327              	.LFE149:
 329              		.section	.text.HAL_UART_MspInit,"ax",%progbits
 330              		.align	1
 331              		.global	HAL_UART_MspInit
 332              		.syntax unified
 333              		.thumb
 334              		.thumb_func
 336              	HAL_UART_MspInit:
 337              	.LVL18:
 338              	.LFB150:
 135:Core/Src/usart.c **** 
 136:Core/Src/usart.c **** 
 137:Core/Src/usart.c **** void HAL_UART_MspInit(UART_HandleTypeDef* uartHandle)
 138:Core/Src/usart.c **** {
 339              		.loc 1 138 1 is_stmt 1 view -0
 340              		.cfi_startproc
 341              		@ args = 0, pretend = 0, frame = 232
 342              		@ frame_needed = 0, uses_anonymous_args = 0
 343              		.loc 1 138 1 is_stmt 0 view .LVU106
 344 0000 70B5     		push	{r4, r5, r6, lr}
 345              	.LCFI3:
 346              		.cfi_def_cfa_offset 16
 347              		.cfi_offset 4, -16
 348              		.cfi_offset 5, -12
 349              		.cfi_offset 6, -8
 350              		.cfi_offset 14, -4
 351 0002 BAB0     		sub	sp, sp, #232
 352              	.LCFI4:
 353              		.cfi_def_cfa_offset 248
 354 0004 0446     		mov	r4, r0
 139:Core/Src/usart.c **** 
 140:Core/Src/usart.c ****   GPIO_InitTypeDef GPIO_InitStruct = {0};
 355              		.loc 1 140 3 is_stmt 1 view .LVU107
 356              		.loc 1 140 20 is_stmt 0 view .LVU108
 357 0006 0021     		movs	r1, #0
 358 0008 3591     		str	r1, [sp, #212]
 359 000a 3691     		str	r1, [sp, #216]
 360 000c 3791     		str	r1, [sp, #220]
 361 000e 3891     		str	r1, [sp, #224]
 362 0010 3991     		str	r1, [sp, #228]
 141:Core/Src/usart.c ****   RCC_PeriphCLKInitTypeDef PeriphClkInitStruct = {0};
 363              		.loc 1 141 3 is_stmt 1 view .LVU109
 364              		.loc 1 141 28 is_stmt 0 view .LVU110
 365 0012 B822     		movs	r2, #184
 366 0014 06A8     		add	r0, sp, #24
 367              	.LVL19:
 368              		.loc 1 141 28 view .LVU111
 369 0016 FFF7FEFF 		bl	memset
 370              	.LVL20:
ARM GAS  C:\msys64\tmp\ccTxZmrb.s 			page 10


 142:Core/Src/usart.c ****   if(uartHandle->Instance==UART4)
 371              		.loc 1 142 3 is_stmt 1 view .LVU112
 372              		.loc 1 142 16 is_stmt 0 view .LVU113
 373 001a 2368     		ldr	r3, [r4]
 374              		.loc 1 142 5 view .LVU114
 375 001c 434A     		ldr	r2, .L41
 376 001e 9342     		cmp	r3, r2
 377 0020 04D0     		beq	.L37
 143:Core/Src/usart.c ****   {
 144:Core/Src/usart.c ****   /* USER CODE BEGIN UART4_MspInit 0 */
 145:Core/Src/usart.c **** 
 146:Core/Src/usart.c ****   /* USER CODE END UART4_MspInit 0 */
 147:Core/Src/usart.c **** 
 148:Core/Src/usart.c ****   /** Initializes the peripherals clock
 149:Core/Src/usart.c ****   */
 150:Core/Src/usart.c ****     PeriphClkInitStruct.PeriphClockSelection = RCC_PERIPHCLK_UART4;
 151:Core/Src/usart.c ****     PeriphClkInitStruct.Usart234578ClockSelection = RCC_USART234578CLKSOURCE_D2PCLK1;
 152:Core/Src/usart.c ****     if (HAL_RCCEx_PeriphCLKConfig(&PeriphClkInitStruct) != HAL_OK)
 153:Core/Src/usart.c ****     {
 154:Core/Src/usart.c ****       Error_Handler();
 155:Core/Src/usart.c ****     }
 156:Core/Src/usart.c **** 
 157:Core/Src/usart.c ****     /* UART4 clock enable */
 158:Core/Src/usart.c ****     __HAL_RCC_UART4_CLK_ENABLE();
 159:Core/Src/usart.c **** 
 160:Core/Src/usart.c ****     __HAL_RCC_GPIOA_CLK_ENABLE();
 161:Core/Src/usart.c ****     /**UART4 GPIO Configuration
 162:Core/Src/usart.c ****     PA0     ------> UART4_TX
 163:Core/Src/usart.c ****     PA1     ------> UART4_RX
 164:Core/Src/usart.c ****     */
 165:Core/Src/usart.c ****     GPIO_InitStruct.Pin = GPIO_PIN_0|GPIO_PIN_1;
 166:Core/Src/usart.c ****     GPIO_InitStruct.Mode = GPIO_MODE_AF_PP;
 167:Core/Src/usart.c ****     GPIO_InitStruct.Pull = GPIO_NOPULL;
 168:Core/Src/usart.c ****     GPIO_InitStruct.Speed = GPIO_SPEED_FREQ_LOW;
 169:Core/Src/usart.c ****     GPIO_InitStruct.Alternate = GPIO_AF8_UART4;
 170:Core/Src/usart.c ****     HAL_GPIO_Init(GPIOA, &GPIO_InitStruct);
 171:Core/Src/usart.c **** 
 172:Core/Src/usart.c ****   /* USER CODE BEGIN UART4_MspInit 1 */
 173:Core/Src/usart.c **** 
 174:Core/Src/usart.c ****   /* USER CODE END UART4_MspInit 1 */
 175:Core/Src/usart.c ****   }
 176:Core/Src/usart.c ****   else if(uartHandle->Instance==USART1)
 378              		.loc 1 176 8 is_stmt 1 view .LVU115
 379              		.loc 1 176 10 is_stmt 0 view .LVU116
 380 0022 434A     		ldr	r2, .L41+4
 381 0024 9342     		cmp	r3, r2
 382 0026 33D0     		beq	.L38
 383              	.LVL21:
 384              	.L31:
 177:Core/Src/usart.c ****   {
 178:Core/Src/usart.c ****   /* USER CODE BEGIN USART1_MspInit 0 */
 179:Core/Src/usart.c **** 
 180:Core/Src/usart.c ****   /* USER CODE END USART1_MspInit 0 */
 181:Core/Src/usart.c **** 
 182:Core/Src/usart.c ****   /** Initializes the peripherals clock
 183:Core/Src/usart.c ****   */
 184:Core/Src/usart.c ****     PeriphClkInitStruct.PeriphClockSelection = RCC_PERIPHCLK_USART1;
ARM GAS  C:\msys64\tmp\ccTxZmrb.s 			page 11


 185:Core/Src/usart.c ****     PeriphClkInitStruct.Usart16ClockSelection = RCC_USART16910CLKSOURCE_D2PCLK2;
 186:Core/Src/usart.c ****     if (HAL_RCCEx_PeriphCLKConfig(&PeriphClkInitStruct) != HAL_OK)
 187:Core/Src/usart.c ****     {
 188:Core/Src/usart.c ****       Error_Handler();
 189:Core/Src/usart.c ****     }
 190:Core/Src/usart.c **** 
 191:Core/Src/usart.c ****     /* USART1 clock enable */
 192:Core/Src/usart.c ****     __HAL_RCC_USART1_CLK_ENABLE();
 193:Core/Src/usart.c **** 
 194:Core/Src/usart.c ****     __HAL_RCC_GPIOB_CLK_ENABLE();
 195:Core/Src/usart.c ****     __HAL_RCC_GPIOA_CLK_ENABLE();
 196:Core/Src/usart.c ****     /**USART1 GPIO Configuration
 197:Core/Src/usart.c ****     PB15     ------> USART1_RX
 198:Core/Src/usart.c ****     PA9     ------> USART1_TX
 199:Core/Src/usart.c ****     */
 200:Core/Src/usart.c ****     GPIO_InitStruct.Pin = GPIO_PIN_15;
 201:Core/Src/usart.c ****     GPIO_InitStruct.Mode = GPIO_MODE_AF_PP;
 202:Core/Src/usart.c ****     GPIO_InitStruct.Pull = GPIO_NOPULL;
 203:Core/Src/usart.c ****     GPIO_InitStruct.Speed = GPIO_SPEED_FREQ_LOW;
 204:Core/Src/usart.c ****     GPIO_InitStruct.Alternate = GPIO_AF4_USART1;
 205:Core/Src/usart.c ****     HAL_GPIO_Init(GPIOB, &GPIO_InitStruct);
 206:Core/Src/usart.c **** 
 207:Core/Src/usart.c ****     GPIO_InitStruct.Pin = GPIO_PIN_9;
 208:Core/Src/usart.c ****     GPIO_InitStruct.Mode = GPIO_MODE_AF_PP;
 209:Core/Src/usart.c ****     GPIO_InitStruct.Pull = GPIO_NOPULL;
 210:Core/Src/usart.c ****     GPIO_InitStruct.Speed = GPIO_SPEED_FREQ_LOW;
 211:Core/Src/usart.c ****     GPIO_InitStruct.Alternate = GPIO_AF7_USART1;
 212:Core/Src/usart.c ****     HAL_GPIO_Init(GPIOA, &GPIO_InitStruct);
 213:Core/Src/usart.c **** 
 214:Core/Src/usart.c ****   /* USER CODE BEGIN USART1_MspInit 1 */
 215:Core/Src/usart.c **** 
 216:Core/Src/usart.c ****   /* USER CODE END USART1_MspInit 1 */
 217:Core/Src/usart.c ****   }
 218:Core/Src/usart.c **** }
 385              		.loc 1 218 1 view .LVU117
 386 0028 3AB0     		add	sp, sp, #232
 387              	.LCFI5:
 388              		.cfi_remember_state
 389              		.cfi_def_cfa_offset 16
 390              		@ sp needed
 391 002a 70BD     		pop	{r4, r5, r6, pc}
 392              	.LVL22:
 393              	.L37:
 394              	.LCFI6:
 395              		.cfi_restore_state
 150:Core/Src/usart.c ****     PeriphClkInitStruct.Usart234578ClockSelection = RCC_USART234578CLKSOURCE_D2PCLK1;
 396              		.loc 1 150 5 is_stmt 1 view .LVU118
 150:Core/Src/usart.c ****     PeriphClkInitStruct.Usart234578ClockSelection = RCC_USART234578CLKSOURCE_D2PCLK1;
 397              		.loc 1 150 46 is_stmt 0 view .LVU119
 398 002c 0222     		movs	r2, #2
 399 002e 0023     		movs	r3, #0
 400 0030 CDE90623 		strd	r2, [sp, #24]
 151:Core/Src/usart.c ****     if (HAL_RCCEx_PeriphCLKConfig(&PeriphClkInitStruct) != HAL_OK)
 401              		.loc 1 151 5 is_stmt 1 view .LVU120
 152:Core/Src/usart.c ****     {
 402              		.loc 1 152 5 view .LVU121
 152:Core/Src/usart.c ****     {
ARM GAS  C:\msys64\tmp\ccTxZmrb.s 			page 12


 403              		.loc 1 152 9 is_stmt 0 view .LVU122
 404 0034 06A8     		add	r0, sp, #24
 405 0036 FFF7FEFF 		bl	HAL_RCCEx_PeriphCLKConfig
 406              	.LVL23:
 152:Core/Src/usart.c ****     {
 407              		.loc 1 152 8 discriminator 1 view .LVU123
 408 003a 30BB     		cbnz	r0, .L39
 409              	.L33:
 158:Core/Src/usart.c **** 
 410              		.loc 1 158 5 is_stmt 1 view .LVU124
 411              	.LBB2:
 158:Core/Src/usart.c **** 
 412              		.loc 1 158 5 view .LVU125
 158:Core/Src/usart.c **** 
 413              		.loc 1 158 5 view .LVU126
 414 003c 3D4B     		ldr	r3, .L41+8
 415 003e D3F8E820 		ldr	r2, [r3, #232]
 416 0042 42F40022 		orr	r2, r2, #524288
 417 0046 C3F8E820 		str	r2, [r3, #232]
 158:Core/Src/usart.c **** 
 418              		.loc 1 158 5 view .LVU127
 419 004a D3F8E820 		ldr	r2, [r3, #232]
 420 004e 02F40022 		and	r2, r2, #524288
 421 0052 0192     		str	r2, [sp, #4]
 158:Core/Src/usart.c **** 
 422              		.loc 1 158 5 view .LVU128
 423 0054 019A     		ldr	r2, [sp, #4]
 424              	.LBE2:
 158:Core/Src/usart.c **** 
 425              		.loc 1 158 5 view .LVU129
 160:Core/Src/usart.c ****     /**UART4 GPIO Configuration
 426              		.loc 1 160 5 view .LVU130
 427              	.LBB3:
 160:Core/Src/usart.c ****     /**UART4 GPIO Configuration
 428              		.loc 1 160 5 view .LVU131
 160:Core/Src/usart.c ****     /**UART4 GPIO Configuration
 429              		.loc 1 160 5 view .LVU132
 430 0056 D3F8E020 		ldr	r2, [r3, #224]
 431 005a 42F00102 		orr	r2, r2, #1
 432 005e C3F8E020 		str	r2, [r3, #224]
 160:Core/Src/usart.c ****     /**UART4 GPIO Configuration
 433              		.loc 1 160 5 view .LVU133
 434 0062 D3F8E030 		ldr	r3, [r3, #224]
 435 0066 03F00103 		and	r3, r3, #1
 436 006a 0293     		str	r3, [sp, #8]
 160:Core/Src/usart.c ****     /**UART4 GPIO Configuration
 437              		.loc 1 160 5 view .LVU134
 438 006c 029B     		ldr	r3, [sp, #8]
 439              	.LBE3:
 160:Core/Src/usart.c ****     /**UART4 GPIO Configuration
 440              		.loc 1 160 5 view .LVU135
 165:Core/Src/usart.c ****     GPIO_InitStruct.Mode = GPIO_MODE_AF_PP;
 441              		.loc 1 165 5 view .LVU136
 165:Core/Src/usart.c ****     GPIO_InitStruct.Mode = GPIO_MODE_AF_PP;
 442              		.loc 1 165 25 is_stmt 0 view .LVU137
 443 006e 0323     		movs	r3, #3
 444 0070 3593     		str	r3, [sp, #212]
ARM GAS  C:\msys64\tmp\ccTxZmrb.s 			page 13


 166:Core/Src/usart.c ****     GPIO_InitStruct.Pull = GPIO_NOPULL;
 445              		.loc 1 166 5 is_stmt 1 view .LVU138
 166:Core/Src/usart.c ****     GPIO_InitStruct.Pull = GPIO_NOPULL;
 446              		.loc 1 166 26 is_stmt 0 view .LVU139
 447 0072 0223     		movs	r3, #2
 448 0074 3693     		str	r3, [sp, #216]
 167:Core/Src/usart.c ****     GPIO_InitStruct.Speed = GPIO_SPEED_FREQ_LOW;
 449              		.loc 1 167 5 is_stmt 1 view .LVU140
 167:Core/Src/usart.c ****     GPIO_InitStruct.Speed = GPIO_SPEED_FREQ_LOW;
 450              		.loc 1 167 26 is_stmt 0 view .LVU141
 451 0076 0023     		movs	r3, #0
 452 0078 3793     		str	r3, [sp, #220]
 168:Core/Src/usart.c ****     GPIO_InitStruct.Alternate = GPIO_AF8_UART4;
 453              		.loc 1 168 5 is_stmt 1 view .LVU142
 168:Core/Src/usart.c ****     GPIO_InitStruct.Alternate = GPIO_AF8_UART4;
 454              		.loc 1 168 27 is_stmt 0 view .LVU143
 455 007a 3893     		str	r3, [sp, #224]
 169:Core/Src/usart.c ****     HAL_GPIO_Init(GPIOA, &GPIO_InitStruct);
 456              		.loc 1 169 5 is_stmt 1 view .LVU144
 169:Core/Src/usart.c ****     HAL_GPIO_Init(GPIOA, &GPIO_InitStruct);
 457              		.loc 1 169 31 is_stmt 0 view .LVU145
 458 007c 0823     		movs	r3, #8
 459 007e 3993     		str	r3, [sp, #228]
 170:Core/Src/usart.c **** 
 460              		.loc 1 170 5 is_stmt 1 view .LVU146
 461 0080 35A9     		add	r1, sp, #212
 462 0082 2D48     		ldr	r0, .L41+12
 463 0084 FFF7FEFF 		bl	HAL_GPIO_Init
 464              	.LVL24:
 465 0088 CEE7     		b	.L31
 466              	.L39:
 154:Core/Src/usart.c ****     }
 467              		.loc 1 154 7 view .LVU147
 468 008a FFF7FEFF 		bl	Error_Handler
 469              	.LVL25:
 470 008e D5E7     		b	.L33
 471              	.L38:
 184:Core/Src/usart.c ****     PeriphClkInitStruct.Usart16ClockSelection = RCC_USART16910CLKSOURCE_D2PCLK2;
 472              		.loc 1 184 5 view .LVU148
 184:Core/Src/usart.c ****     PeriphClkInitStruct.Usart16ClockSelection = RCC_USART16910CLKSOURCE_D2PCLK2;
 473              		.loc 1 184 46 is_stmt 0 view .LVU149
 474 0090 0122     		movs	r2, #1
 475 0092 0023     		movs	r3, #0
 476 0094 CDE90623 		strd	r2, [sp, #24]
 185:Core/Src/usart.c ****     if (HAL_RCCEx_PeriphCLKConfig(&PeriphClkInitStruct) != HAL_OK)
 477              		.loc 1 185 5 is_stmt 1 view .LVU150
 186:Core/Src/usart.c ****     {
 478              		.loc 1 186 5 view .LVU151
 186:Core/Src/usart.c ****     {
 479              		.loc 1 186 9 is_stmt 0 view .LVU152
 480 0098 06A8     		add	r0, sp, #24
 481 009a FFF7FEFF 		bl	HAL_RCCEx_PeriphCLKConfig
 482              	.LVL26:
 186:Core/Src/usart.c ****     {
 483              		.loc 1 186 8 discriminator 1 view .LVU153
 484 009e 0028     		cmp	r0, #0
 485 00a0 40D1     		bne	.L40
ARM GAS  C:\msys64\tmp\ccTxZmrb.s 			page 14


 486              	.L35:
 192:Core/Src/usart.c **** 
 487              		.loc 1 192 5 is_stmt 1 view .LVU154
 488              	.LBB4:
 192:Core/Src/usart.c **** 
 489              		.loc 1 192 5 view .LVU155
 192:Core/Src/usart.c **** 
 490              		.loc 1 192 5 view .LVU156
 491 00a2 244B     		ldr	r3, .L41+8
 492 00a4 D3F8F020 		ldr	r2, [r3, #240]
 493 00a8 42F01002 		orr	r2, r2, #16
 494 00ac C3F8F020 		str	r2, [r3, #240]
 192:Core/Src/usart.c **** 
 495              		.loc 1 192 5 view .LVU157
 496 00b0 D3F8F020 		ldr	r2, [r3, #240]
 497 00b4 02F01002 		and	r2, r2, #16
 498 00b8 0392     		str	r2, [sp, #12]
 192:Core/Src/usart.c **** 
 499              		.loc 1 192 5 view .LVU158
 500 00ba 039A     		ldr	r2, [sp, #12]
 501              	.LBE4:
 192:Core/Src/usart.c **** 
 502              		.loc 1 192 5 view .LVU159
 194:Core/Src/usart.c ****     __HAL_RCC_GPIOA_CLK_ENABLE();
 503              		.loc 1 194 5 view .LVU160
 504              	.LBB5:
 194:Core/Src/usart.c ****     __HAL_RCC_GPIOA_CLK_ENABLE();
 505              		.loc 1 194 5 view .LVU161
 194:Core/Src/usart.c ****     __HAL_RCC_GPIOA_CLK_ENABLE();
 506              		.loc 1 194 5 view .LVU162
 507 00bc D3F8E020 		ldr	r2, [r3, #224]
 508 00c0 42F00202 		orr	r2, r2, #2
 509 00c4 C3F8E020 		str	r2, [r3, #224]
 194:Core/Src/usart.c ****     __HAL_RCC_GPIOA_CLK_ENABLE();
 510              		.loc 1 194 5 view .LVU163
 511 00c8 D3F8E020 		ldr	r2, [r3, #224]
 512 00cc 02F00202 		and	r2, r2, #2
 513 00d0 0492     		str	r2, [sp, #16]
 194:Core/Src/usart.c ****     __HAL_RCC_GPIOA_CLK_ENABLE();
 514              		.loc 1 194 5 view .LVU164
 515 00d2 049A     		ldr	r2, [sp, #16]
 516              	.LBE5:
 194:Core/Src/usart.c ****     __HAL_RCC_GPIOA_CLK_ENABLE();
 517              		.loc 1 194 5 view .LVU165
 195:Core/Src/usart.c ****     /**USART1 GPIO Configuration
 518              		.loc 1 195 5 view .LVU166
 519              	.LBB6:
 195:Core/Src/usart.c ****     /**USART1 GPIO Configuration
 520              		.loc 1 195 5 view .LVU167
 195:Core/Src/usart.c ****     /**USART1 GPIO Configuration
 521              		.loc 1 195 5 view .LVU168
 522 00d4 D3F8E020 		ldr	r2, [r3, #224]
 523 00d8 42F00102 		orr	r2, r2, #1
 524 00dc C3F8E020 		str	r2, [r3, #224]
 195:Core/Src/usart.c ****     /**USART1 GPIO Configuration
 525              		.loc 1 195 5 view .LVU169
 526 00e0 D3F8E030 		ldr	r3, [r3, #224]
ARM GAS  C:\msys64\tmp\ccTxZmrb.s 			page 15


 527 00e4 03F00103 		and	r3, r3, #1
 528 00e8 0593     		str	r3, [sp, #20]
 195:Core/Src/usart.c ****     /**USART1 GPIO Configuration
 529              		.loc 1 195 5 view .LVU170
 530 00ea 059B     		ldr	r3, [sp, #20]
 531              	.LBE6:
 195:Core/Src/usart.c ****     /**USART1 GPIO Configuration
 532              		.loc 1 195 5 view .LVU171
 200:Core/Src/usart.c ****     GPIO_InitStruct.Mode = GPIO_MODE_AF_PP;
 533              		.loc 1 200 5 view .LVU172
 200:Core/Src/usart.c ****     GPIO_InitStruct.Mode = GPIO_MODE_AF_PP;
 534              		.loc 1 200 25 is_stmt 0 view .LVU173
 535 00ec 4FF40043 		mov	r3, #32768
 536 00f0 3593     		str	r3, [sp, #212]
 201:Core/Src/usart.c ****     GPIO_InitStruct.Pull = GPIO_NOPULL;
 537              		.loc 1 201 5 is_stmt 1 view .LVU174
 201:Core/Src/usart.c ****     GPIO_InitStruct.Pull = GPIO_NOPULL;
 538              		.loc 1 201 26 is_stmt 0 view .LVU175
 539 00f2 0226     		movs	r6, #2
 540 00f4 3696     		str	r6, [sp, #216]
 202:Core/Src/usart.c ****     GPIO_InitStruct.Speed = GPIO_SPEED_FREQ_LOW;
 541              		.loc 1 202 5 is_stmt 1 view .LVU176
 202:Core/Src/usart.c ****     GPIO_InitStruct.Speed = GPIO_SPEED_FREQ_LOW;
 542              		.loc 1 202 26 is_stmt 0 view .LVU177
 543 00f6 0024     		movs	r4, #0
 544              	.LVL27:
 202:Core/Src/usart.c ****     GPIO_InitStruct.Speed = GPIO_SPEED_FREQ_LOW;
 545              		.loc 1 202 26 view .LVU178
 546 00f8 3794     		str	r4, [sp, #220]
 203:Core/Src/usart.c ****     GPIO_InitStruct.Alternate = GPIO_AF4_USART1;
 547              		.loc 1 203 5 is_stmt 1 view .LVU179
 203:Core/Src/usart.c ****     GPIO_InitStruct.Alternate = GPIO_AF4_USART1;
 548              		.loc 1 203 27 is_stmt 0 view .LVU180
 549 00fa 3894     		str	r4, [sp, #224]
 204:Core/Src/usart.c ****     HAL_GPIO_Init(GPIOB, &GPIO_InitStruct);
 550              		.loc 1 204 5 is_stmt 1 view .LVU181
 204:Core/Src/usart.c ****     HAL_GPIO_Init(GPIOB, &GPIO_InitStruct);
 551              		.loc 1 204 31 is_stmt 0 view .LVU182
 552 00fc 0423     		movs	r3, #4
 553 00fe 3993     		str	r3, [sp, #228]
 205:Core/Src/usart.c **** 
 554              		.loc 1 205 5 is_stmt 1 view .LVU183
 555 0100 35AD     		add	r5, sp, #212
 556 0102 2946     		mov	r1, r5
 557 0104 0D48     		ldr	r0, .L41+16
 558 0106 FFF7FEFF 		bl	HAL_GPIO_Init
 559              	.LVL28:
 207:Core/Src/usart.c ****     GPIO_InitStruct.Mode = GPIO_MODE_AF_PP;
 560              		.loc 1 207 5 view .LVU184
 207:Core/Src/usart.c ****     GPIO_InitStruct.Mode = GPIO_MODE_AF_PP;
 561              		.loc 1 207 25 is_stmt 0 view .LVU185
 562 010a 4FF40073 		mov	r3, #512
 563 010e 3593     		str	r3, [sp, #212]
 208:Core/Src/usart.c ****     GPIO_InitStruct.Pull = GPIO_NOPULL;
 564              		.loc 1 208 5 is_stmt 1 view .LVU186
 208:Core/Src/usart.c ****     GPIO_InitStruct.Pull = GPIO_NOPULL;
 565              		.loc 1 208 26 is_stmt 0 view .LVU187
ARM GAS  C:\msys64\tmp\ccTxZmrb.s 			page 16


 566 0110 3696     		str	r6, [sp, #216]
 209:Core/Src/usart.c ****     GPIO_InitStruct.Speed = GPIO_SPEED_FREQ_LOW;
 567              		.loc 1 209 5 is_stmt 1 view .LVU188
 209:Core/Src/usart.c ****     GPIO_InitStruct.Speed = GPIO_SPEED_FREQ_LOW;
 568              		.loc 1 209 26 is_stmt 0 view .LVU189
 569 0112 3794     		str	r4, [sp, #220]
 210:Core/Src/usart.c ****     GPIO_InitStruct.Alternate = GPIO_AF7_USART1;
 570              		.loc 1 210 5 is_stmt 1 view .LVU190
 210:Core/Src/usart.c ****     GPIO_InitStruct.Alternate = GPIO_AF7_USART1;
 571              		.loc 1 210 27 is_stmt 0 view .LVU191
 572 0114 3894     		str	r4, [sp, #224]
 211:Core/Src/usart.c ****     HAL_GPIO_Init(GPIOA, &GPIO_InitStruct);
 573              		.loc 1 211 5 is_stmt 1 view .LVU192
 211:Core/Src/usart.c ****     HAL_GPIO_Init(GPIOA, &GPIO_InitStruct);
 574              		.loc 1 211 31 is_stmt 0 view .LVU193
 575 0116 0723     		movs	r3, #7
 576 0118 3993     		str	r3, [sp, #228]
 212:Core/Src/usart.c **** 
 577              		.loc 1 212 5 is_stmt 1 view .LVU194
 578 011a 2946     		mov	r1, r5
 579 011c 0648     		ldr	r0, .L41+12
 580 011e FFF7FEFF 		bl	HAL_GPIO_Init
 581              	.LVL29:
 582              		.loc 1 218 1 is_stmt 0 view .LVU195
 583 0122 81E7     		b	.L31
 584              	.LVL30:
 585              	.L40:
 188:Core/Src/usart.c ****     }
 586              		.loc 1 188 7 is_stmt 1 view .LVU196
 587 0124 FFF7FEFF 		bl	Error_Handler
 588              	.LVL31:
 589 0128 BBE7     		b	.L35
 590              	.L42:
 591 012a 00BF     		.align	2
 592              	.L41:
 593 012c 004C0040 		.word	1073761280
 594 0130 00100140 		.word	1073811456
 595 0134 00440258 		.word	1476543488
 596 0138 00000258 		.word	1476526080
 597 013c 00040258 		.word	1476527104
 598              		.cfi_endproc
 599              	.LFE150:
 601              		.section	.text.HAL_UART_MspDeInit,"ax",%progbits
 602              		.align	1
 603              		.global	HAL_UART_MspDeInit
 604              		.syntax unified
 605              		.thumb
 606              		.thumb_func
 608              	HAL_UART_MspDeInit:
 609              	.LVL32:
 610              	.LFB151:
 219:Core/Src/usart.c **** 
 220:Core/Src/usart.c **** void HAL_UART_MspDeInit(UART_HandleTypeDef* uartHandle)
 221:Core/Src/usart.c **** {
 611              		.loc 1 221 1 view -0
 612              		.cfi_startproc
 613              		@ args = 0, pretend = 0, frame = 0
ARM GAS  C:\msys64\tmp\ccTxZmrb.s 			page 17


 614              		@ frame_needed = 0, uses_anonymous_args = 0
 615              		.loc 1 221 1 is_stmt 0 view .LVU198
 616 0000 08B5     		push	{r3, lr}
 617              	.LCFI7:
 618              		.cfi_def_cfa_offset 8
 619              		.cfi_offset 3, -8
 620              		.cfi_offset 14, -4
 222:Core/Src/usart.c **** 
 223:Core/Src/usart.c ****   if(uartHandle->Instance==UART4)
 621              		.loc 1 223 3 is_stmt 1 view .LVU199
 622              		.loc 1 223 16 is_stmt 0 view .LVU200
 623 0002 0368     		ldr	r3, [r0]
 624              		.loc 1 223 5 view .LVU201
 625 0004 124A     		ldr	r2, .L49
 626 0006 9342     		cmp	r3, r2
 627 0008 03D0     		beq	.L47
 224:Core/Src/usart.c ****   {
 225:Core/Src/usart.c ****   /* USER CODE BEGIN UART4_MspDeInit 0 */
 226:Core/Src/usart.c **** 
 227:Core/Src/usart.c ****   /* USER CODE END UART4_MspDeInit 0 */
 228:Core/Src/usart.c ****     /* Peripheral clock disable */
 229:Core/Src/usart.c ****     __HAL_RCC_UART4_CLK_DISABLE();
 230:Core/Src/usart.c **** 
 231:Core/Src/usart.c ****     /**UART4 GPIO Configuration
 232:Core/Src/usart.c ****     PA0     ------> UART4_TX
 233:Core/Src/usart.c ****     PA1     ------> UART4_RX
 234:Core/Src/usart.c ****     */
 235:Core/Src/usart.c ****     HAL_GPIO_DeInit(GPIOA, GPIO_PIN_0|GPIO_PIN_1);
 236:Core/Src/usart.c **** 
 237:Core/Src/usart.c ****   /* USER CODE BEGIN UART4_MspDeInit 1 */
 238:Core/Src/usart.c **** 
 239:Core/Src/usart.c ****   /* USER CODE END UART4_MspDeInit 1 */
 240:Core/Src/usart.c ****   }
 241:Core/Src/usart.c ****   else if(uartHandle->Instance==USART1)
 628              		.loc 1 241 8 is_stmt 1 view .LVU202
 629              		.loc 1 241 10 is_stmt 0 view .LVU203
 630 000a 124A     		ldr	r2, .L49+4
 631 000c 9342     		cmp	r3, r2
 632 000e 0CD0     		beq	.L48
 633              	.LVL33:
 634              	.L43:
 242:Core/Src/usart.c ****   {
 243:Core/Src/usart.c ****   /* USER CODE BEGIN USART1_MspDeInit 0 */
 244:Core/Src/usart.c **** 
 245:Core/Src/usart.c ****   /* USER CODE END USART1_MspDeInit 0 */
 246:Core/Src/usart.c ****     /* Peripheral clock disable */
 247:Core/Src/usart.c ****     __HAL_RCC_USART1_CLK_DISABLE();
 248:Core/Src/usart.c **** 
 249:Core/Src/usart.c ****     /**USART1 GPIO Configuration
 250:Core/Src/usart.c ****     PB15     ------> USART1_RX
 251:Core/Src/usart.c ****     PA9     ------> USART1_TX
 252:Core/Src/usart.c ****     */
 253:Core/Src/usart.c ****     HAL_GPIO_DeInit(GPIOB, GPIO_PIN_15);
 254:Core/Src/usart.c **** 
 255:Core/Src/usart.c ****     HAL_GPIO_DeInit(GPIOA, GPIO_PIN_9);
 256:Core/Src/usart.c **** 
 257:Core/Src/usart.c ****   /* USER CODE BEGIN USART1_MspDeInit 1 */
ARM GAS  C:\msys64\tmp\ccTxZmrb.s 			page 18


 258:Core/Src/usart.c **** 
 259:Core/Src/usart.c ****   /* USER CODE END USART1_MspDeInit 1 */
 260:Core/Src/usart.c ****   }
 261:Core/Src/usart.c **** }
 635              		.loc 1 261 1 view .LVU204
 636 0010 08BD     		pop	{r3, pc}
 637              	.LVL34:
 638              	.L47:
 229:Core/Src/usart.c **** 
 639              		.loc 1 229 5 is_stmt 1 view .LVU205
 640 0012 114A     		ldr	r2, .L49+8
 641 0014 D2F8E830 		ldr	r3, [r2, #232]
 642 0018 23F40023 		bic	r3, r3, #524288
 643 001c C2F8E830 		str	r3, [r2, #232]
 235:Core/Src/usart.c **** 
 644              		.loc 1 235 5 view .LVU206
 645 0020 0321     		movs	r1, #3
 646 0022 0E48     		ldr	r0, .L49+12
 647              	.LVL35:
 235:Core/Src/usart.c **** 
 648              		.loc 1 235 5 is_stmt 0 view .LVU207
 649 0024 FFF7FEFF 		bl	HAL_GPIO_DeInit
 650              	.LVL36:
 651 0028 F2E7     		b	.L43
 652              	.LVL37:
 653              	.L48:
 247:Core/Src/usart.c **** 
 654              		.loc 1 247 5 is_stmt 1 view .LVU208
 655 002a 0B4A     		ldr	r2, .L49+8
 656 002c D2F8F030 		ldr	r3, [r2, #240]
 657 0030 23F01003 		bic	r3, r3, #16
 658 0034 C2F8F030 		str	r3, [r2, #240]
 253:Core/Src/usart.c **** 
 659              		.loc 1 253 5 view .LVU209
 660 0038 4FF40041 		mov	r1, #32768
 661 003c 0848     		ldr	r0, .L49+16
 662              	.LVL38:
 253:Core/Src/usart.c **** 
 663              		.loc 1 253 5 is_stmt 0 view .LVU210
 664 003e FFF7FEFF 		bl	HAL_GPIO_DeInit
 665              	.LVL39:
 255:Core/Src/usart.c **** 
 666              		.loc 1 255 5 is_stmt 1 view .LVU211
 667 0042 4FF40071 		mov	r1, #512
 668 0046 0548     		ldr	r0, .L49+12
 669 0048 FFF7FEFF 		bl	HAL_GPIO_DeInit
 670              	.LVL40:
 671              		.loc 1 261 1 is_stmt 0 view .LVU212
 672 004c E0E7     		b	.L43
 673              	.L50:
 674 004e 00BF     		.align	2
 675              	.L49:
 676 0050 004C0040 		.word	1073761280
 677 0054 00100140 		.word	1073811456
 678 0058 00440258 		.word	1476543488
 679 005c 00000258 		.word	1476526080
 680 0060 00040258 		.word	1476527104
ARM GAS  C:\msys64\tmp\ccTxZmrb.s 			page 19


 681              		.cfi_endproc
 682              	.LFE151:
 684              		.global	huart3
 685              		.section	.bss.huart3,"aw",%nobits
 686              		.align	2
 689              	huart3:
 690 0000 00000000 		.space	148
 690      00000000 
 690      00000000 
 690      00000000 
 690      00000000 
 691              		.global	huart1
 692              		.section	.bss.huart1,"aw",%nobits
 693              		.align	2
 696              	huart1:
 697 0000 00000000 		.space	148
 697      00000000 
 697      00000000 
 697      00000000 
 697      00000000 
 698              		.global	huart4
 699              		.section	.bss.huart4,"aw",%nobits
 700              		.align	2
 703              	huart4:
 704 0000 00000000 		.space	148
 704      00000000 
 704      00000000 
 704      00000000 
 704      00000000 
 705              		.text
 706              	.Letext0:
 707              		.file 2 "C:/Program Files (x86)/Arm GNU Toolchain arm-none-eabi/14.3 rel1/arm-none-eabi/include/ma
 708              		.file 3 "C:/Program Files (x86)/Arm GNU Toolchain arm-none-eabi/14.3 rel1/arm-none-eabi/include/sy
 709              		.file 4 "Drivers/CMSIS/Device/ST/STM32H7xx/Include/stm32h723xx.h"
 710              		.file 5 "Drivers/STM32H7xx_HAL_Driver/Inc/stm32h7xx_hal_def.h"
 711              		.file 6 "Drivers/STM32H7xx_HAL_Driver/Inc/stm32h7xx_hal_rcc_ex.h"
 712              		.file 7 "Drivers/STM32H7xx_HAL_Driver/Inc/stm32h7xx_hal_gpio.h"
 713              		.file 8 "Drivers/STM32H7xx_HAL_Driver/Inc/stm32h7xx_hal_dma.h"
 714              		.file 9 "Drivers/STM32H7xx_HAL_Driver/Inc/stm32h7xx_hal_uart.h"
 715              		.file 10 "Core/Inc/usart.h"
 716              		.file 11 "Drivers/STM32H7xx_HAL_Driver/Inc/stm32h7xx_hal_uart_ex.h"
 717              		.file 12 "Core/Inc/main.h"
 718              		.file 13 "<built-in>"
ARM GAS  C:\msys64\tmp\ccTxZmrb.s 			page 20


DEFINED SYMBOLS
                            *ABS*:00000000 usart.c
C:\msys64\tmp\ccTxZmrb.s:20     .text.MX_UART4_Init:00000000 $t
C:\msys64\tmp\ccTxZmrb.s:26     .text.MX_UART4_Init:00000000 MX_UART4_Init
C:\msys64\tmp\ccTxZmrb.s:134    .text.MX_UART4_Init:00000060 $d
C:\msys64\tmp\ccTxZmrb.s:703    .bss.huart4:00000000 huart4
C:\msys64\tmp\ccTxZmrb.s:140    .text.MX_USART1_UART_Init:00000000 $t
C:\msys64\tmp\ccTxZmrb.s:146    .text.MX_USART1_UART_Init:00000000 MX_USART1_UART_Init
C:\msys64\tmp\ccTxZmrb.s:254    .text.MX_USART1_UART_Init:00000060 $d
C:\msys64\tmp\ccTxZmrb.s:696    .bss.huart1:00000000 huart1
C:\msys64\tmp\ccTxZmrb.s:260    .text.MX_USART3_UART_Init:00000000 $t
C:\msys64\tmp\ccTxZmrb.s:266    .text.MX_USART3_UART_Init:00000000 MX_USART3_UART_Init
C:\msys64\tmp\ccTxZmrb.s:324    .text.MX_USART3_UART_Init:0000002c $d
C:\msys64\tmp\ccTxZmrb.s:689    .bss.huart3:00000000 huart3
C:\msys64\tmp\ccTxZmrb.s:330    .text.HAL_UART_MspInit:00000000 $t
C:\msys64\tmp\ccTxZmrb.s:336    .text.HAL_UART_MspInit:00000000 HAL_UART_MspInit
C:\msys64\tmp\ccTxZmrb.s:593    .text.HAL_UART_MspInit:0000012c $d
C:\msys64\tmp\ccTxZmrb.s:602    .text.HAL_UART_MspDeInit:00000000 $t
C:\msys64\tmp\ccTxZmrb.s:608    .text.HAL_UART_MspDeInit:00000000 HAL_UART_MspDeInit
C:\msys64\tmp\ccTxZmrb.s:676    .text.HAL_UART_MspDeInit:00000050 $d
C:\msys64\tmp\ccTxZmrb.s:686    .bss.huart3:00000000 $d
C:\msys64\tmp\ccTxZmrb.s:693    .bss.huart1:00000000 $d
C:\msys64\tmp\ccTxZmrb.s:700    .bss.huart4:00000000 $d

UNDEFINED SYMBOLS
HAL_UART_Init
HAL_UARTEx_SetTxFifoThreshold
HAL_UARTEx_SetRxFifoThreshold
HAL_UARTEx_DisableFifoMode
Error_Handler
memset
HAL_RCCEx_PeriphCLKConfig
HAL_GPIO_Init
HAL_GPIO_DeInit
